Archive member included because of file (symbol)

.\ARM_GCC_441\Debug\Design137.a(LCD.o)
                              .\ARM_GCC_441\Debug\main.o (LCD_On)
.\ARM_GCC_441\Debug\Design137.a(LCD_Font.o)
                              .\ARM_GCC_441\Debug\main.o (LCD_FONT8x16)
.\ARM_GCC_441\Debug\Design137.a(LCD_Reset.o)
                              .\ARM_GCC_441\Debug\Design137.a(LCD.o) (LCD_Reset_Write)
.\ARM_GCC_441\Debug\Design137.a(D3.o)
                              .\ARM_GCC_441\Debug\main.o (D3_Read)
.\ARM_GCC_441\Debug\Design137.a(D4.o)
                              .\ARM_GCC_441\Debug\main.o (D4_Read)
.\ARM_GCC_441\Debug\Design137.a(D5.o)
                              .\ARM_GCC_441\Debug\main.o (D5_Read)
.\ARM_GCC_441\Debug\Design137.a(P0_7_SWITCH.o)
                              .\ARM_GCC_441\Debug\main.o (P0_7_SWITCH_Read)
.\ARM_GCC_441\Debug\Design137.a(LCD_SPIM_UDB.o)
                              .\ARM_GCC_441\Debug\Design137.a(LCD.o) (LCD_SPIM_UDB_ReadTxStatus)
.\ARM_GCC_441\Debug\Design137.a(LCD_SPIM_UDB_IntClock.o)
                              .\ARM_GCC_441\Debug\Design137.a(LCD_SPIM_UDB.o) (LCD_SPIM_UDB_IntClock_Start)
.\ARM_GCC_441\Debug\Design137.a(cyfitter_cfg.o)
                              .\ARM_GCC_441\Debug\Cm0Start.o (cyfitter_cfg)
.\ARM_GCC_441\Debug\Design137.a(CyBootAsmGnu.o)
                              .\ARM_GCC_441\Debug\Design137.a(LCD_SPIM_UDB.o) (CyEnterCriticalSection)
.\ARM_GCC_441\Debug\Design137.a(CyLib.o)
                              .\ARM_GCC_441\Debug\Design137.a(LCD.o) (CyDelayUs)
c:/program files (x86)/cypress/psoc creator/2.2/psoc creator/import/gnu_cs/arm/4.4.1/bin/../lib/gcc/arm-none-eabi/4.4.1/../../../../arm-none-eabi/lib/armv6-m\libm.a(lib_a-s_cos.o)
                              .\ARM_GCC_441\Debug\Transforms.o (cos)
c:/program files (x86)/cypress/psoc creator/2.2/psoc creator/import/gnu_cs/arm/4.4.1/bin/../lib/gcc/arm-none-eabi/4.4.1/../../../../arm-none-eabi/lib/armv6-m\libm.a(lib_a-s_sin.o)
                              .\ARM_GCC_441\Debug\Transforms.o (sin)
c:/program files (x86)/cypress/psoc creator/2.2/psoc creator/import/gnu_cs/arm/4.4.1/bin/../lib/gcc/arm-none-eabi/4.4.1/../../../../arm-none-eabi/lib/armv6-m\libm.a(lib_a-w_atan2.o)
                              .\ARM_GCC_441\Debug\Transforms.o (atan2)
c:/program files (x86)/cypress/psoc creator/2.2/psoc creator/import/gnu_cs/arm/4.4.1/bin/../lib/gcc/arm-none-eabi/4.4.1/../../../../arm-none-eabi/lib/armv6-m\libm.a(lib_a-w_sqrt.o)
                              .\ARM_GCC_441\Debug\Transforms.o (sqrt)
c:/program files (x86)/cypress/psoc creator/2.2/psoc creator/import/gnu_cs/arm/4.4.1/bin/../lib/gcc/arm-none-eabi/4.4.1/../../../../arm-none-eabi/lib/armv6-m\libm.a(lib_a-e_atan2.o)
                              c:/program files (x86)/cypress/psoc creator/2.2/psoc creator/import/gnu_cs/arm/4.4.1/bin/../lib/gcc/arm-none-eabi/4.4.1/../../../../arm-none-eabi/lib/armv6-m\libm.a(lib_a-w_atan2.o) (__ieee754_atan2)
c:/program files (x86)/cypress/psoc creator/2.2/psoc creator/import/gnu_cs/arm/4.4.1/bin/../lib/gcc/arm-none-eabi/4.4.1/../../../../arm-none-eabi/lib/armv6-m\libm.a(lib_a-e_rem_pio2.o)
                              c:/program files (x86)/cypress/psoc creator/2.2/psoc creator/import/gnu_cs/arm/4.4.1/bin/../lib/gcc/arm-none-eabi/4.4.1/../../../../arm-none-eabi/lib/armv6-m\libm.a(lib_a-s_cos.o) (__ieee754_rem_pio2)
c:/program files (x86)/cypress/psoc creator/2.2/psoc creator/import/gnu_cs/arm/4.4.1/bin/../lib/gcc/arm-none-eabi/4.4.1/../../../../arm-none-eabi/lib/armv6-m\libm.a(lib_a-e_sqrt.o)
                              c:/program files (x86)/cypress/psoc creator/2.2/psoc creator/import/gnu_cs/arm/4.4.1/bin/../lib/gcc/arm-none-eabi/4.4.1/../../../../arm-none-eabi/lib/armv6-m\libm.a(lib_a-w_sqrt.o) (__ieee754_sqrt)
c:/program files (x86)/cypress/psoc creator/2.2/psoc creator/import/gnu_cs/arm/4.4.1/bin/../lib/gcc/arm-none-eabi/4.4.1/../../../../arm-none-eabi/lib/armv6-m\libm.a(lib_a-k_cos.o)
                              c:/program files (x86)/cypress/psoc creator/2.2/psoc creator/import/gnu_cs/arm/4.4.1/bin/../lib/gcc/arm-none-eabi/4.4.1/../../../../arm-none-eabi/lib/armv6-m\libm.a(lib_a-s_cos.o) (__kernel_cos)
c:/program files (x86)/cypress/psoc creator/2.2/psoc creator/import/gnu_cs/arm/4.4.1/bin/../lib/gcc/arm-none-eabi/4.4.1/../../../../arm-none-eabi/lib/armv6-m\libm.a(lib_a-k_rem_pio2.o)
                              c:/program files (x86)/cypress/psoc creator/2.2/psoc creator/import/gnu_cs/arm/4.4.1/bin/../lib/gcc/arm-none-eabi/4.4.1/../../../../arm-none-eabi/lib/armv6-m\libm.a(lib_a-e_rem_pio2.o) (__kernel_rem_pio2)
c:/program files (x86)/cypress/psoc creator/2.2/psoc creator/import/gnu_cs/arm/4.4.1/bin/../lib/gcc/arm-none-eabi/4.4.1/../../../../arm-none-eabi/lib/armv6-m\libm.a(lib_a-k_sin.o)
[...]
Memory Configuration

Name             Origin             Length             Attributes
rom              0x00000000         0x00008000         xr
ram              0x20000000         0x00000b00         xrw
*default*        0x00000000         0xffffffff

Linker script and memory map

LOAD c:/program files (x86)/cypress/psoc creator/2.2/psoc creator/import/gnu_cs/arm/4.4.1/bin/../lib/gcc/arm-none-eabi/4.4.1/armv6-m/crti.o
LOAD c:/program files (x86)/cypress/psoc creator/2.2/psoc creator/import/gnu_cs/arm/4.4.1/bin/../lib/gcc/arm-none-eabi/4.4.1/armv6-m/crtbegin.o
START GROUP
LOAD .\ARM_GCC_441\Debug\main.o
LOAD .\ARM_GCC_441\Debug\Menu.o
LOAD .\ARM_GCC_441\Debug\Transforms.o
LOAD .\ARM_GCC_441\Debug\Cube.o
LOAD .\ARM_GCC_441\Debug\Cm0Start.o
LOAD .\ARM_GCC_441\Debug\Design137.a
LOAD C:\Program Files (x86)\Cypress\PSoC Creator\2.2\PSoC Creator\psoc\content\cycomponentlibrary\CyComponentLibrary.cylib\CortexM0\ARM_GCC_441\Debug\CyComponentLibrary.a
LOAD c:/program files (x86)/cypress/psoc creator/2.2/psoc creator/import/gnu_cs/arm/4.4.1/bin/../lib/gcc/arm-none-eabi/4.4.1/../../../../arm-none-eabi/lib/armv6-m\libm.a
END GROUP
START GROUP
LOAD c:/program files (x86)/cypress/psoc creator/2.2/psoc creator/import/gnu_cs/arm/4.4.1/bin/../lib/gcc/arm-none-eabi/4.4.1/armv6-m\libgcc.a
LOAD c:/program files (x86)/cypress/psoc creator/2.2/psoc creator/import/gnu_cs/arm/4.4.1/bin/../lib/gcc/arm-none-eabi/4.4.1/../../../../arm-none-eabi/lib/armv6-m\libc.a
END GROUP
LOAD c:/program files (x86)/cypress/psoc creator/2.2/psoc creator/import/gnu_cs/arm/4.4.1/bin/../lib/gcc/arm-none-eabi/4.4.1/armv6-m/crtend.o
LOAD c:/program files (x86)/cypress/psoc creator/2.2/psoc creator/import/gnu_cs/arm/4.4.1/bin/../lib/gcc/arm-none-eabi/4.4.1/armv6-m/crtn.o
START GROUP
LOAD c:/program files (x86)/cypress/psoc creator/2.2/psoc creator/import/gnu_cs/arm/4.4.1/bin/../lib/gcc/arm-none-eabi/4.4.1/armv6-m\libgcc.a
LOAD c:/program files (x86)/cypress/psoc creator/2.2/psoc creator/import/gnu_cs/arm/4.4.1/bin/../lib/gcc/arm-none-eabi/4.4.1/../../../../arm-none-eabi/lib/armv6-m\libc.a
LOAD c:/program files (x86)/cypress/psoc creator/2.2/psoc creator/import/gnu_cs/arm/4.4.1/bin/../lib/gcc/arm-none-eabi/4.4.1/../../../../arm-none-eabi/lib/armv6-m\libcs3.a
LOAD c:/program files (x86)/cypress/psoc creator/2.2/psoc creator/import/gnu_cs/arm/4.4.1/bin/../lib/gcc/arm-none-eabi/4.4.1/../../../../arm-none-eabi/lib/armv6-m\libcs3unhosted.a
LOAD c:/program files (x86)/cypress/psoc creator/2.2/psoc creator/import/gnu_cs/arm/4.4.1/bin/../lib/gcc/arm-none-eabi/4.4.1/../../../../arm-none-eabi/lib/armv6-m\libcs3micro.a
END GROUP
                0x200006b8                PROVIDE (__cs3_heap_start, _end)
                0x00000001                PROVIDE (__cs3_region_num, ((__cs3_regions_end - __cs3_regions) / 0x14))
                0x20001000                PROVIDE (__cs3_stack, 0x20001000)
                0x20000c00                PROVIDE (__cs3_heap_end, (__cs3_stack - 0x400))

.text           0x00000000     0x6378
 CREATE_OBJECT_SYMBOLS
                0x00000000                PROVIDE (__cs3_interrupt_vector, RomVectors)
 *(.romvectors)
 .romvectors    0x00000000       0x10 .\ARM_GCC_441\Debug\Cm0Start.o
                0x00000000                RomVectors
 *(.cs3.interrupt_vector)
                0x00000001                ASSERT ((. != __cs3_interrupt_vector), No interrupt vector)
                0x000012cc                PROVIDE (__cs3_reset, Reset)
 *(.cs3.reset)
                0x00000001                ASSERT ((. != __cs3_reset), No reset code)
 *(.text.cs3.init)
 .text.cs3.init
                0x00000010       0x50 c:/program files (x86)/cypress/psoc creator/2.2/psoc creator/import/gnu_cs/arm/4.4.1/bin/../lib/gcc/arm-none-eabi/4.4.1/../../../../arm-none-eabi/lib/armv6-m\libcs3.a(start_c.o)
                0x00000010                __cs3_start_c
 *(.psocinit)
 .psocinit      0x00000060      0x1ec .\ARM_GCC_441\Debug\Design137.a(cyfitter_cfg.o)
                0x00000060                cyfitter_cfg
                0x0000024c                . = (. MAX 0x100)
 *(.text .text.* .gnu.linkonce.t.*)
 .text          0x0000024c       0x30 c:/program files (x86)/cypress/psoc creator/2.2/psoc creator/import/gnu_cs/arm/4.4.1/bin/../lib/gcc/arm-none-eabi/4.4.1/armv6-m/crtbegin.o
 .text.CheckButtons
                0x0000027c       0x4c .\ARM_GCC_441\Debug\main.o
                0x0000027c                CheckButtons
 .text.main     0x000002c8       0xa0 .\ARM_GCC_441\Debug\main.o
                0x000002c8                main
 .text.IncreaseMenuOption
                0x00000368       0x34 .\ARM_GCC_441\Debug\Menu.o
                0x00000368                IncreaseMenuOption
 .text.DecreaseMenuOption
                0x0000039c       0x34 .\ARM_GCC_441\Debug\Menu.o
                0x0000039c                DecreaseMenuOption
 .text.ResetMenuOption
                0x000003d0       0x2c .\ARM_GCC_441\Debug\Menu.o
                0x000003d0                ResetMenuOption
 .text.ShowMenuLevel
                0x000003fc       0x38 .\ARM_GCC_441\Debug\Menu.o
                0x000003fc                ShowMenuLevel
 .text.IncreaseMenuLevel
                0x00000434       0x34 .\ARM_GCC_441\Debug\Menu.o
                0x00000434                IncreaseMenuLevel
 .text.project  0x00000468       0xf8 .\ARM_GCC_441\Debug\Transforms.o
                0x00000468                project
 .text.torect   0x00000560       0x54 .\ARM_GCC_441\Debug\Transforms.o
                0x00000560                torect
 .text.topolar  0x000005b4       0x6a .\ARM_GCC_441\Debug\Transforms.o
                0x000005b4                topolar
 .text.rotate   0x0000061e       0x30 .\ARM_GCC_441\Debug\Transforms.o
                0x0000061e                rotate
 .text.rotatez  0x0000064e        0xa .\ARM_GCC_441\Debug\Transforms.o
                0x0000064e                rotatez
 .text.rotatey  0x00000658        0xe .\ARM_GCC_441\Debug\Transforms.o
                0x00000658                rotatey
 .text.rotatex  0x00000666        0xe .\ARM_GCC_441\Debug\Transforms.o
                0x00000666                rotatex
 .text.InitializeCube
                0x00000674       0xd0 .\ARM_GCC_441\Debug\Cube.o
                0x00000674                InitializeCube
 .text.SaveOldLinesCube
                0x00000744      0x104 .\ARM_GCC_441\Debug\Cube.o
                0x00000744                SaveOldLinesCube
 .text.DrawCube
                0x00000848      0x6d0 .\ARM_GCC_441\Debug\Cube.o
                0x00000848                DrawCube
 .text.ProjectCube
                0x00000f18      0x158 .\ARM_GCC_441\Debug\Cube.o
                0x00000f18                ProjectCube
 .text.RotateCubeZ
                0x00001070       0xc8 .\ARM_GCC_441\Debug\Cube.o
                0x00001070                RotateCubeZ
 .text.RotateCubeY
                0x00001138       0xc8 .\ARM_GCC_441\Debug\Cube.o
                0x00001138                RotateCubeY
 .text.RotateCubeX
                0x00001200       0xc8 .\ARM_GCC_441\Debug\Cube.o
                0x00001200                RotateCubeX
 .text.IntDefaultHandler
                0x000012c8        0x4 .\ARM_GCC_441\Debug\Cm0Start.o
                0x000012c8                IntDefaultHandler
 .text.Reset    0x000012cc       0x10 .\ARM_GCC_441\Debug\Cm0Start.o
                0x000012cc                Reset
 .text.initialize_psoc
                0x000012dc       0x44 .\ARM_GCC_441\Debug\Cm0Start.o
                0x000012dc                initialize_psoc
 .text.LCD_Data
                0x00001320       0x1c .\ARM_GCC_441\Debug\Design137.a(LCD.o)
                0x00001320                LCD_Data
 .text.LCD_Command
                0x0000133c       0x16 .\ARM_GCC_441\Debug\Design137.a(LCD.o)
                0x0000133c                LCD_Command
 .text.LCD_On   0x00001352        0xa .\ARM_GCC_441\Debug\Design137.a(LCD.o)
                0x00001352                LCD_On
 .text.LCD_PrintChar
                0x0000135c       0xe4 .\ARM_GCC_441\Debug\Design137.a(LCD.o)
                0x0000135c                LCD_PrintChar
 .text.LCD_PrintString
                0x00001440       0x3c .\ARM_GCC_441\Debug\Design137.a(LCD.o)
                0x00001440                LCD_PrintString
 .text.LCD_Pixel
                0x0000147c       0x4e .\ARM_GCC_441\Debug\Design137.a(LCD.o)
                0x0000147c                LCD_Pixel
 .text.LCD_DrawLine
                0x000014ca       0xa2 .\ARM_GCC_441\Debug\Design137.a(LCD.o)
                0x000014ca                LCD_DrawLine
 .text.LCD_Contrast
                0x0000156c       0x14 .\ARM_GCC_441\Debug\Design137.a(LCD.o)
                0x0000156c                LCD_Contrast
 .text.LCD_Clear
                0x00001580       0x6c .\ARM_GCC_441\Debug\Design137.a(LCD.o)
                0x00001580                LCD_Clear
 .text.LCD_Start
                0x000015ec       0x68 .\ARM_GCC_441\Debug\Design137.a(LCD.o)
                0x000015ec                LCD_Start
 .text.LCD_Reset_Write
                0x00001654       0x18 .\ARM_GCC_441\Debug\Design137.a(LCD_Reset.o)
                0x00001654                LCD_Reset_Write
 .text.D3_Read  0x0000166c       0x10 .\ARM_GCC_441\Debug\Design137.a(D3.o)
                0x0000166c                D3_Read
 .text.D4_Read  0x0000167c       0x10 .\ARM_GCC_441\Debug\Design137.a(D4.o)
                0x0000167c                D4_Read
 .text.D5_Read  0x0000168c       0x10 .\ARM_GCC_441\Debug\Design137.a(D5.o)
                0x0000168c                D5_Read
 .text.P0_7_SWITCH_Read
                0x0000169c       0x10 .\ARM_GCC_441\Debug\Design137.a(P0_7_SWITCH.o)
                0x0000169c                P0_7_SWITCH_Read
 .text.LCD_SPIM_UDB_ReadTxStatus
                0x000016ac        0xc .\ARM_GCC_441\Debug\Design137.a(LCD_SPIM_UDB.o)
                0x000016ac                LCD_SPIM_UDB_ReadTxStatus
 .text.LCD_SPIM_UDB_WriteTxData
                0x000016b8       0x18 .\ARM_GCC_441\Debug\Design137.a(LCD_SPIM_UDB.o)
                0x000016b8                LCD_SPIM_UDB_WriteTxData
 .text.LCD_SPIM_UDB_ClearFIFO
                0x000016d0       0x4c .\ARM_GCC_441\Debug\Design137.a(LCD_SPIM_UDB.o)
                0x000016d0                LCD_SPIM_UDB_ClearFIFO
 .text.LCD_SPIM_UDB_Init
                0x0000171c       0x30 .\ARM_GCC_441\Debug\Design137.a(LCD_SPIM_UDB.o)
                0x0000171c                LCD_SPIM_UDB_Init
 .text.LCD_SPIM_UDB_Enable
                0x0000174c       0x34 .\ARM_GCC_441\Debug\Design137.a(LCD_SPIM_UDB.o)
                0x0000174c                LCD_SPIM_UDB_Enable
 .text.LCD_SPIM_UDB_Start
                0x00001780       0x1c .\ARM_GCC_441\Debug\Design137.a(LCD_SPIM_UDB.o)
                0x00001780                LCD_SPIM_UDB_Start
 .text.LCD_SPIM_UDB_IntClock_Start
                0x0000179c       0x14 .\ARM_GCC_441\Debug\Design137.a(LCD_SPIM_UDB_IntClock.o)
                0x0000179c                LCD_SPIM_UDB_IntClock_Start
 .text          0x000017b0       0x20 .\ARM_GCC_441\Debug\Design137.a(CyBootAsmGnu.o)
                0x000017b0                CyDelayCycles
                0x000017c2                CyEnterCriticalSection
                0x000017ca                CyExitCriticalSection
 .text.CyDelayUs
                0x000017d0       0x14 .\ARM_GCC_441\Debug\Design137.a(CyLib.o)
                0x000017d0                CyDelayUs
 .text.CyDelay  0x000017e4       0x2c .\ARM_GCC_441\Debug\Design137.a(CyLib.o)
                0x000017e4                CyDelay
 .text          0x00001810       0xb0 c:/program files (x86)/cypress/psoc creator/2.2/psoc creator/import/gnu_cs/arm/4.4.1/bin/../lib/gcc/arm-none-eabi/4.4.1/../../../../arm-none-eabi/lib/armv6-m\libm.a(lib_a-s_cos.o)
                0x00001810                cos
 .text          0x000018c0       0xb8 c:/program files (x86)/cypress/psoc creator/2.2/psoc creator/import/gnu_cs/arm/4.4.1/bin/../lib/gcc/arm-none-eabi/4.4.1/../../../../arm-none-eabi/lib/armv6-m\libm.a(lib_a-s_sin.o)
                0x000018c0                sin
 .text          0x00001978        0x8 c:/program files (x86)/cypress/psoc creator/2.2/psoc creator/import/gnu_cs/arm/4.4.1/bin/../lib/gcc/arm-none-eabi/4.4.1/../../../../arm-none-eabi/lib/armv6-m\libm.a(lib_a-w_atan2.o)
                0x00001978                atan2
 .text          0x00001980       0xc0 c:/program files (x86)/cypress/psoc creator/2.2/psoc creator/import/gnu_cs/arm/4.4.1/bin/../lib/gcc/arm-none-eabi/4.4.1/../../../../arm-none-eabi/lib/armv6-m\libm.a(lib_a-w_sqrt.o)
                0x00001980                sqrt
 .text          0x00001a40      0x200 c:/program files (x86)/cypress/psoc creator/2.2/psoc creator/import/gnu_cs/arm/4.4.1/bin/../lib/gcc/arm-none-eabi/4.4.1/../../../../arm-none-eabi/lib/armv6-m\libm.a(lib_a-e_atan2.o)
                0x00001a40                __ieee754_atan2
 .text          0x00001c40      0x440 c:/program files (x86)/cypress/psoc creator/2.2/psoc creator/import/gnu_cs/arm/4.4.1/bin/../lib/gcc/arm-none-eabi/4.4.1/../../../../arm-none-eabi/lib/armv6-m\libm.a(lib_a-e_rem_pio2.o)
                0x00001c40                __ieee754_rem_pio2
 .text          0x00002080      0x1d0 c:/program files (x86)/cypress/psoc creator/2.2/psoc creator/import/gnu_cs/arm/4.4.1/bin/../lib/gcc/arm-none-eabi/4.4.1/../../../../arm-none-eabi/lib/armv6-m\libm.a(lib_a-e_sqrt.o)
                0x00002080                __ieee754_sqrt
 .text          0x00002250      0x248 c:/program files (x86)/cypress/psoc creator/2.2/psoc creator/import/gnu_cs/arm/4.4.1/bin/../lib/gcc/arm-none-eabi/4.4.1/../../../../arm-none-eabi/lib/armv6-m\libm.a(lib_a-k_cos.o)
                0x00002250                __kernel_cos
 .text          0x00002498      0x868 c:/program files (x86)/cypress/psoc creator/2.2/psoc creator/import/gnu_cs/arm/4.4.1/bin/../lib/gcc/arm-none-eabi/4.4.1/../../../../arm-none-eabi/lib/armv6-m\libm.a(lib_a-k_rem_pio2.o)
                0x00002498                __kernel_rem_pio2
 .text          0x00002d00      0x168 c:/program files (x86)/cypress/psoc creator/2.2/psoc creator/import/gnu_cs/arm/4.4.1/bin/../lib/gcc/arm-none-eabi/4.4.1/../../../../arm-none-eabi/lib/armv6-m\libm.a(lib_a-k_sin.o)
                0x00002d00                __kernel_sin
 .text          0x00002e68      0x340 c:/program files (x86)/cypress/psoc creator/2.2/psoc creator/import/gnu_cs/arm/4.4.1/bin/../lib/gcc/arm-none-eabi/4.4.1/../../../../arm-none-eabi/lib/armv6-m\libm.a(lib_a-s_atan.o)
                0x00002e68                atan
 .text          0x000031a8       0x10 c:/program files (x86)/cypress/psoc creator/2.2/psoc creator/import/gnu_cs/arm/4.4.1/bin/../lib/gcc/arm-none-eabi/4.4.1/../../../../arm-none-eabi/lib/armv6-m\libm.a(lib_a-s_fabs.o)
                0x000031a8                fabs
 .text          0x000031b8      0x148 c:/program files (x86)/cypress/psoc creator/2.2/psoc creator/import/gnu_cs/arm/4.4.1/bin/../lib/gcc/arm-none-eabi/4.4.1/../../../../arm-none-eabi/lib/armv6-m\libm.a(lib_a-s_floor.o)
                0x000031b8                floor
 .text          0x00003300       0x20 c:/program files (x86)/cypress/psoc creator/2.2/psoc creator/import/gnu_cs/arm/4.4.1/bin/../lib/gcc/arm-none-eabi/4.4.1/../../../../arm-none-eabi/lib/armv6-m\libm.a(lib_a-s_isnand.o)
                0x00003300                __isnand
 .text          0x00003320        0x4 c:/program files (x86)/cypress/psoc creator/2.2/psoc creator/import/gnu_cs/arm/4.4.1/bin/../lib/gcc/arm-none-eabi/4.4.1/../../../../arm-none-eabi/lib/armv6-m\libm.a(lib_a-s_matherr.o)
                0x00003320                matherr
 *fill*         0x00003324        0x4 00
 .text          0x00003328      0x120 c:/program files (x86)/cypress/psoc creator/2.2/psoc creator/import/gnu_cs/arm/4.4.1/bin/../lib/gcc/arm-none-eabi/4.4.1/../../../../arm-none-eabi/lib/armv6-m\libm.a(lib_a-s_scalbn.o)
                0x00003328                scalbn
 .text          0x00003448       0x18 c:/program files (x86)/cypress/psoc creator/2.2/psoc creator/import/gnu_cs/arm/4.4.1/bin/../lib/gcc/arm-none-eabi/4.4.1/../../../../arm-none-eabi/lib/armv6-m\libm.a(lib_a-s_copysign.o)
                0x00003448                copysign
 .text          0x00003460       0x9c c:/program files (x86)/cypress/psoc creator/2.2/psoc creator/import/gnu_cs/arm/4.4.1/bin/../lib/gcc/arm-none-eabi/4.4.1/armv6-m\libgcc.a(_udivsi3.o)
                0x00003460                __aeabi_uidiv
                0x00003460                __udivsi3
                0x000034e8                __aeabi_uidivmod
 .text          0x000034fc       0xc0 c:/program files (x86)/cypress/psoc creator/2.2/psoc creator/import/gnu_cs/arm/4.4.1/bin/../lib/gcc/arm-none-eabi/4.4.1/armv6-m\libgcc.a(_divsi3.o)
                0x000034fc                __divsi3
                0x000034fc                __aeabi_idiv
                0x000035a8                __aeabi_idivmod
 .text          0x000035bc        0x4 c:/program files (x86)/cypress/psoc creator/2.2/psoc creator/import/gnu_cs/arm/4.4.1/bin/../lib/gcc/arm-none-eabi/4.4.1/armv6-m\libgcc.a(_dvmd_tls.o)
                0x000035bc                __aeabi_idiv0
                0x000035bc                __aeabi_ldiv0
 .text          0x000035c0       0x7c c:/program files (x86)/cypress/psoc creator/2.2/psoc creator/import/gnu_cs/arm/4.4.1/bin/../lib/gcc/arm-none-eabi/4.4.1/armv6-m\libgcc.a(_arm_cmpdf2.o)
                0x000035c0                __aeabi_cdrcmple
                0x000035d0                __aeabi_cdcmple
                0x000035d0                __aeabi_cdcmpeq
                0x000035e0                __aeabi_dcmpeq
                0x000035ec                __aeabi_dcmplt
                0x00003600                __aeabi_dcmple
                0x00003614                __aeabi_dcmpgt
                0x00003628                __aeabi_dcmpge
 .text          0x0000363c       0x74 c:/program files (x86)/cypress/psoc creator/2.2/psoc creator/import/gnu_cs/arm/4.4.1/bin/../lib/gcc/arm-none-eabi/4.4.1/armv6-m\libgcc.a(_arm_cmpsf2.o)
                0x0000363c                __aeabi_cfrcmple
                0x00003644                __aeabi_cfcmpeq
                0x00003644                __aeabi_cfcmple
                0x00003654                __aeabi_fcmpeq
                0x00003660                __aeabi_fcmplt
                0x00003674                __aeabi_fcmple
                0x00003688                __aeabi_fcmpgt
                0x0000369c                __aeabi_fcmpge
 .text          0x000036b0       0x30 c:/program files (x86)/cypress/psoc creator/2.2/psoc creator/import/gnu_cs/arm/4.4.1/bin/../lib/gcc/arm-none-eabi/4.4.1/armv6-m\libgcc.a(_fixunssfsi.o)
                0x000036b0                __fixunssfsi
                0x000036b0                __aeabi_f2uiz
 .text          0x000036e0      0x350 c:/program files (x86)/cypress/psoc creator/2.2/psoc creator/import/gnu_cs/arm/4.4.1/bin/../lib/gcc/arm-none-eabi/4.4.1/armv6-m\libgcc.a(addsf3.o)
                0x000036e0                __aeabi_fadd
 .text          0x00003a30      0x248 c:/program files (x86)/cypress/psoc creator/2.2/psoc creator/import/gnu_cs/arm/4.4.1/bin/../lib/gcc/arm-none-eabi/4.4.1/armv6-m\libgcc.a(divsf3.o)
                0x00003a30                __aeabi_fdiv
 .text          0x00003c78       0x50 c:/program files (x86)/cypress/psoc creator/2.2/psoc creator/import/gnu_cs/arm/4.4.1/bin/../lib/gcc/arm-none-eabi/4.4.1/armv6-m\libgcc.a(eqsf2.o)
                0x00003c78                __eqsf2
                0x00003c78                __nesf2
 .text          0x00003cc8       0x90 c:/program files (x86)/cypress/psoc creator/2.2/psoc creator/import/gnu_cs/arm/4.4.1/bin/../lib/gcc/arm-none-eabi/4.4.1/armv6-m\libgcc.a(gesf2.o)
                0x00003cc8                __gesf2
                0x00003cc8                __gtsf2
 .text          0x00003d58       0x8c c:/program files (x86)/cypress/psoc creator/2.2/psoc creator/import/gnu_cs/arm/4.4.1/bin/../lib/gcc/arm-none-eabi/4.4.1/armv6-m\libgcc.a(lesf2.o)
                0x00003d58                __ltsf2
                0x00003d58                __lesf2
 .text          0x00003de4      0x224 c:/program files (x86)/cypress/psoc creator/2.2/psoc creator/import/gnu_cs/arm/4.4.1/bin/../lib/gcc/arm-none-eabi/4.4.1/armv6-m\libgcc.a(mulsf3.o)
                0x00003de4                __aeabi_fmul
 .text          0x00004008      0x37c c:/program files (x86)/cypress/psoc creator/2.2/psoc creator/import/gnu_cs/arm/4.4.1/bin/../lib/gcc/arm-none-eabi/4.4.1/armv6-m\libgcc.a(subsf3.o)
                0x00004008                __aeabi_fsub
 .text          0x00004384       0x48 c:/program files (x86)/cypress/psoc creator/2.2/psoc creator/import/gnu_cs/arm/4.4.1/bin/../lib/gcc/arm-none-eabi/4.4.1/armv6-m\libgcc.a(fixsfsi.o)
                0x00004384                __aeabi_f2iz
 .text          0x000043cc      0x6dc c:/program files (x86)/cypress/psoc creator/2.2/psoc creator/import/gnu_cs/arm/4.4.1/bin/../lib/gcc/arm-none-eabi/4.4.1/armv6-m\libgcc.a(adddf3.o)
                0x000043cc                __aeabi_dadd
 .text          0x00004aa8      0x5ac c:/program files (x86)/cypress/psoc creator/2.2/psoc creator/import/gnu_cs/arm/4.4.1/bin/../lib/gcc/arm-none-eabi/4.4.1/armv6-m\libgcc.a(divdf3.o)
                0x00004aa8                __aeabi_ddiv
 .text          0x00005054       0x68 c:/program files (x86)/cypress/psoc creator/2.2/psoc creator/import/gnu_cs/arm/4.4.1/bin/../lib/gcc/arm-none-eabi/4.4.1/armv6-m\libgcc.a(eqdf2.o)
                0x00005054                __nedf2
                0x00005054                __eqdf2
 .text          0x000050bc       0xe4 c:/program files (x86)/cypress/psoc creator/2.2/psoc creator/import/gnu_cs/arm/4.4.1/bin/../lib/gcc/arm-none-eabi/4.4.1/armv6-m\libgcc.a(gedf2.o)
                0x000050bc                __gedf2
                0x000050bc                __gtdf2
 .text          0x000051a0       0xe8 c:/program files (x86)/cypress/psoc creator/2.2/psoc creator/import/gnu_cs/arm/4.4.1/bin/../lib/gcc/arm-none-eabi/4.4.1/armv6-m\libgcc.a(ledf2.o)
                0x000051a0                __ledf2
                0x000051a0                __ltdf2
 .text          0x00005288      0x45c c:/program files (x86)/cypress/psoc creator/2.2/psoc creator/import/gnu_cs/arm/4.4.1/bin/../lib/gcc/arm-none-eabi/4.4.1/armv6-m\libgcc.a(muldf3.o)
                0x00005288                __aeabi_dmul
 .text          0x000056e4      0x73c c:/program files (x86)/cypress/psoc creator/2.2/psoc creator/import/gnu_cs/arm/4.4.1/bin/../lib/gcc/arm-none-eabi/4.4.1/armv6-m\libgcc.a(subdf3.o)
                0x000056e4                __aeabi_dsub
 .text          0x00005e20       0x68 c:/program files (x86)/cypress/psoc creator/2.2/psoc creator/import/gnu_cs/arm/4.4.1/bin/../lib/gcc/arm-none-eabi/4.4.1/armv6-m\libgcc.a(fixdfsi.o)
                0x00005e20                __aeabi_d2iz
 .text          0x00005e88       0x94 c:/program files (x86)/cypress/psoc creator/2.2/psoc creator/import/gnu_cs/arm/4.4.1/bin/../lib/gcc/arm-none-eabi/4.4.1/armv6-m\libgcc.a(floatsidf.o)
                0x00005e88                __aeabi_i2d
 .text          0x00005f1c       0xac c:/program files (x86)/cypress/psoc creator/2.2/psoc creator/import/gnu_cs/arm/4.4.1/bin/../lib/gcc/arm-none-eabi/4.4.1/armv6-m\libgcc.a(extendsfdf2.o)
                0x00005f1c                __aeabi_f2d
 .text          0x00005fc8      0x154 c:/program files (x86)/cypress/psoc creator/2.2/psoc creator/import/gnu_cs/arm/4.4.1/bin/../lib/gcc/arm-none-eabi/4.4.1/armv6-m\libgcc.a(truncdfsf2.o)
                0x00005fc8                __aeabi_d2f
 .text          0x0000611c       0x3c c:/program files (x86)/cypress/psoc creator/2.2/psoc creator/import/gnu_cs/arm/4.4.1/bin/../lib/gcc/arm-none-eabi/4.4.1/armv6-m\libgcc.a(_clzsi2.o)
                0x0000611c                __clzsi2
 .text          0x00006158        0xc c:/program files (x86)/cypress/psoc creator/2.2/psoc creator/import/gnu_cs/arm/4.4.1/bin/../lib/gcc/arm-none-eabi/4.4.1/../../../../arm-none-eabi/lib/armv6-m\libc.a(lib_a-errno.o)
                0x00006158                __errno
 .text          0x00006164      0x100 c:/program files (x86)/cypress/psoc creator/2.2/psoc creator/import/gnu_cs/arm/4.4.1/bin/../lib/gcc/arm-none-eabi/4.4.1/../../../../arm-none-eabi/lib/armv6-m\libc.a(lib_a-memcpy.o)
                0x00006164                memcpy
 .text          0x00006264       0x8c c:/program files (x86)/cypress/psoc creator/2.2/psoc creator/import/gnu_cs/arm/4.4.1/bin/../lib/gcc/arm-none-eabi/4.4.1/../../../../arm-none-eabi/lib/armv6-m\libc.a(lib_a-memset.o)
                0x00006264                memset
 .text          0x000062f0       0x3c c:/program files (x86)/cypress/psoc creator/2.2/psoc creator/import/gnu_cs/arm/4.4.1/bin/../lib/gcc/arm-none-eabi/4.4.1/../../../../arm-none-eabi/lib/armv6-m\libcs3.a(start_c.o)
                0x000062f0                __cs3_premain
 .text          0x0000632c        0x2 c:/program files (x86)/cypress/psoc creator/2.2/psoc creator/import/gnu_cs/arm/4.4.1/bin/../lib/gcc/arm-none-eabi/4.4.1/../../../../arm-none-eabi/lib/armv6-m\libcs3micro.a(micro_isr_interrupt.o)
                0x0000632c                __cs3_isr_external_24
                0x0000632c                __cs3_isr_external_9
                0x0000632c                __cs3_isr_external_14
                0x0000632c                __cs3_isr_reserved_9
                0x0000632c                __cs3_isr_external_4
                0x0000632c                __cs3_isr_external_21
                0x0000632c                __cs3_isr_external_0
                0x0000632c                __cs3_isr_external_27
                0x0000632c                __cs3_isr_external_11
                0x0000632c                __cs3_isr_usage_fault
                0x0000632c                __cs3_isr_svcall
                0x0000632c                __cs3_isr_external_3
                0x0000632c                __cs3_isr_mpu_fault
                0x0000632c                __cs3_isr_external_16
                0x0000632c                __cs3_isr_pendsv
                0x0000632c                __cs3_isr_external_31
                0x0000632c                __cs3_isr_nmi
                0x0000632c                __cs3_isr_external_5
                0x0000632c                __cs3_isr_external_6
                0x0000632c                __cs3_isr_external_12
                0x0000632c                __cs3_isr_hard_fault
                0x0000632c                __cs3_isr_bus_fault
                0x0000632c                __cs3_isr_external_1
                0x0000632c                __cs3_isr_external_13
                0x0000632c                __cs3_isr_external_30
                0x0000632c                __cs3_isr_external_23
                0x0000632c                __cs3_isr_external_20
                0x0000632c                __cs3_isr_debug
                0x0000632c                __cs3_isr_reserved_13
                0x0000632c                __cs3_isr_external_8
                0x0000632c                __cs3_isr_external_26
                0x0000632c                __cs3_isr_reserved_8
                0x0000632c                __cs3_isr_reserved_7
                0x0000632c                __cs3_isr_external_7
                0x0000632c                __cs3_isr_external_28
                0x0000632c                __cs3_isr_systick
                0x0000632c                __cs3_isr_external_22
                0x0000632c                __cs3_isr_external_10
                0x0000632c                __cs3_isr_external_15
                0x0000632c                __cs3_isr_interrupt
                0x0000632c                __cs3_isr_external_18
                0x0000632c                __cs3_isr_external_29
                0x0000632c                __cs3_isr_external_25
                0x0000632c                __cs3_isr_reserved_10
                0x0000632c                __cs3_isr_external_2
                0x0000632c                __cs3_isr_external_17
                0x0000632c                __cs3_isr_external_19
 *fill*         0x0000632e        0x2 00
 .text          0x00006330       0x48 c:/program files (x86)/cypress/psoc creator/2.2/psoc creator/import/gnu_cs/arm/4.4.1/bin/../lib/gcc/arm-none-eabi/4.4.1/../../../../arm-none-eabi/lib/armv6-m\libc.a(lib_a-init.o)
                0x00006330                __libc_init_array
 *(.plt)
 *(.gnu.warning)
 *(.glue_7t)
 .glue_7t       0x00000000        0x0 linker stubs
 *(.glue_7)
 .glue_7        0x00000000        0x0 linker stubs
 *(.vfp11_veneer)
 .vfp11_veneer  0x00000000        0x0 linker stubs
 *(.bootloader)
 *(.ARM.extab* .gnu.linkonce.armextab.*)
 *(.gcc_except_table)

.v4_bx          0x00006378        0x0
 .v4_bx         0x00000000        0x0 linker stubs

.eh_frame_hdr
 *(.eh_frame_hdr)

.eh_frame
 *(.eh_frame)
                0x00006378                PROVIDE (__exidx_start, .)

.ARM.exidx
 *(.ARM.exidx* .gnu.linkonce.armexidx.*)
                0x00006378                __exidx_end = .

.rodata         0x00006378      0xc30
 *(.rodata .rodata.* .gnu.linkonce.r.*)
 .rodata.str1.1
                0x00006378       0x5b .\ARM_GCC_441\Debug\Menu.o
                                 0x5c (size before relaxing)
 *fill*         0x000063d3        0x1 00
 .rodata        0x000063d4      0x610 .\ARM_GCC_441\Debug\Design137.a(LCD_Font.o)
                0x000063d4                LCD_FONT8x16
 .rodata        0x000069e4      0x260 .\ARM_GCC_441\Debug\Design137.a(cyfitter_cfg.o)
 .rodata.str1.4
                0x00006c44        0x5 c:/program files (x86)/cypress/psoc creator/2.2/psoc creator/import/gnu_cs/arm/4.4.1/bin/../lib/gcc/arm-none-eabi/4.4.1/../../../../arm-none-eabi/lib/armv6-m\libm.a(lib_a-w_sqrt.o)
                                  0x8 (size before relaxing)
 *fill*         0x00006c49        0x3 00
 .rodata        0x00006c4c      0x188 c:/program files (x86)/cypress/psoc creator/2.2/psoc creator/import/gnu_cs/arm/4.4.1/bin/../lib/gcc/arm-none-eabi/4.4.1/../../../../arm-none-eabi/lib/armv6-m\libm.a(lib_a-e_rem_pio2.o)
 *fill*         0x00006dd4        0x4 00
 .rodata        0x00006dd8       0x50 c:/program files (x86)/cypress/psoc creator/2.2/psoc creator/import/gnu_cs/arm/4.4.1/bin/../lib/gcc/arm-none-eabi/4.4.1/../../../../arm-none-eabi/lib/armv6-m\libm.a(lib_a-k_rem_pio2.o)
 .rodata        0x00006e28       0x40 c:/program files (x86)/cypress/psoc creator/2.2/psoc creator/import/gnu_cs/arm/4.4.1/bin/../lib/gcc/arm-none-eabi/4.4.1/../../../../arm-none-eabi/lib/armv6-m\libm.a(lib_a-s_atan.o)
 .rodata        0x00006e68       0x40 c:/program files (x86)/cypress/psoc creator/2.2/psoc creator/import/gnu_cs/arm/4.4.1/bin/../lib/gcc/arm-none-eabi/4.4.1/armv6-m\libgcc.a(divsf3.o)
 .rodata        0x00006ea8       0x40 c:/program files (x86)/cypress/psoc creator/2.2/psoc creator/import/gnu_cs/arm/4.4.1/bin/../lib/gcc/arm-none-eabi/4.4.1/armv6-m\libgcc.a(mulsf3.o)
 .rodata        0x00006ee8       0x40 c:/program files (x86)/cypress/psoc creator/2.2/psoc creator/import/gnu_cs/arm/4.4.1/bin/../lib/gcc/arm-none-eabi/4.4.1/armv6-m\libgcc.a(divdf3.o)
 .rodata        0x00006f28       0x40 c:/program files (x86)/cypress/psoc creator/2.2/psoc creator/import/gnu_cs/arm/4.4.1/bin/../lib/gcc/arm-none-eabi/4.4.1/armv6-m\libgcc.a(muldf3.o)
 .rodata.str1.4
                0x00006f68        0x4 c:/program files (x86)/cypress/psoc creator/2.2/psoc creator/import/gnu_cs/arm/4.4.1/bin/../lib/gcc/arm-none-eabi/4.4.1/../../../../arm-none-eabi/lib/armv6-m\libc.a(lib_a-impure.o)
                0x00006f6c                . = ALIGN (0x4)
 *(.init)
 .init          0x00006f6c        0x4 c:/program files (x86)/cypress/psoc creator/2.2/psoc creator/import/gnu_cs/arm/4.4.1/bin/../lib/gcc/arm-none-eabi/4.4.1/armv6-m/crti.o
                0x00006f6c                _init
 .init          0x00006f70        0x8 c:/program files (x86)/cypress/psoc creator/2.2/psoc creator/import/gnu_cs/arm/4.4.1/bin/../lib/gcc/arm-none-eabi/4.4.1/armv6-m/crtn.o
                0x00006f78                . = ALIGN (0x4)
                0x00006f78                __preinit_array_start = .
 *(.preinit_array)
                0x00006f78                __preinit_array_end = .
                0x00006f78                . = ALIGN (0x4)
                0x00006f78                __init_array_start = .
 *(SORT(.init_array.*))
 *(.init_array)
 .init_array    0x00006f78        0x4 c:/program files (x86)/cypress/psoc creator/2.2/psoc creator/import/gnu_cs/arm/4.4.1/bin/../lib/gcc/arm-none-eabi/4.4.1/armv6-m/crtbegin.o
 .init_array    0x00006f7c        0x4 .\ARM_GCC_441\Debug\Cm0Start.o
                0x00006f80                __init_array_end = .
                0x00006f80                . = ALIGN (0x4)
 *(.fini)
 .fini          0x00006f80        0x4 c:/program files (x86)/cypress/psoc creator/2.2/psoc creator/import/gnu_cs/arm/4.4.1/bin/../lib/gcc/arm-none-eabi/4.4.1/armv6-m/crti.o
                0x00006f80                _fini
 .fini          0x00006f84        0x8 c:/program files (x86)/cypress/psoc creator/2.2/psoc creator/import/gnu_cs/arm/4.4.1/bin/../lib/gcc/arm-none-eabi/4.4.1/armv6-m/crtn.o
                0x00006f8c                . = ALIGN (0x4)
                0x00006f8c                __fini_array_start = .
 *(.fini_array)
 .fini_array    0x00006f8c        0x4 c:/program files (x86)/cypress/psoc creator/2.2/psoc creator/import/gnu_cs/arm/4.4.1/bin/../lib/gcc/arm-none-eabi/4.4.1/armv6-m/crtbegin.o
 *(SORT(.fini_array.*))
                0x00006f90                __fini_array_end = .
                0x00006f90                . = ALIGN (0x4)
 *crtbegin.o(.ctors)
 *(EXCLUDE_FILE(*crtend.o) .ctors)
 *(SORT(.ctors.*))
 *crtend.o(.ctors)
                0x00006f90                . = ALIGN (0x4)
 *crtbegin.o(.dtors)
 *(EXCLUDE_FILE(*crtend.o) .dtors)
 *(SORT(.dtors.*))
 *crtend.o(.dtors)
                0x00006f90                . = ALIGN (0x4)
                0x00006f90                __cs3_regions = .
                0x00006f90        0x4 LONG 0x0
                0x00006f94        0x4 LONG 0x6fa8 __cs3_region_init_ram
                0x00006f98        0x4 LONG 0x200000c8 __cs3_region_start_data
                0x00006f9c        0x4 LONG 0x4b8 __cs3_region_init_size_ram
                0x00006fa0        0x4 LONG 0x138 __cs3_region_zero_size_ram
                0x00006fa4                __cs3_regions_end = .
                0x00006fa8                . = ALIGN (0x8)
 *fill*         0x00006fa4        0x4 00
                0x00006fa8                _etext = .

.ramvectors     0x20000000       0xc0
                0x20000000                __cs3_region_start_ram = .
 *(.cs3.region-head.ram)
                0x20000001                ASSERT ((. == __cs3_region_start_ram), .cs3.region-head.ram not permitted)
 *(.ramvectors)
 .ramvectors    0x20000000       0xc0 .\ARM_GCC_441\Debug\Cm0Start.o
                0x20000000                CyRamVectors

.noinit         0x200000c0        0x4
 *(.noinit)
 .noinit        0x200000c0        0x4 .\ARM_GCC_441\Debug\Cm0Start.o

.data           0x200000c8      0x4b8 load address 0x00006fa8
                0x200000c8                __cs3_region_start_data = .
 *(.jcr)
 .jcr           0x200000c8        0x0 c:/program files (x86)/cypress/psoc creator/2.2/psoc creator/import/gnu_cs/arm/4.4.1/bin/../lib/gcc/arm-none-eabi/4.4.1/armv6-m/crtbegin.o
 .jcr           0x200000c8        0x4 c:/program files (x86)/cypress/psoc creator/2.2/psoc creator/import/gnu_cs/arm/4.4.1/bin/../lib/gcc/arm-none-eabi/4.4.1/armv6-m/crtend.o
 *(.got.plt)
 *(.got)
 *(.shdata)
 *(.data .data.* .gnu.linkonce.d.*)
 .data          0x200000cc       0x6c .\ARM_GCC_441\Debug\Menu.o
                0x200000cc                param
                0x200000f0                param_step
                0x20000114                menu
 .data          0x20000138        0x4 .\ARM_GCC_441\Debug\Transforms.o
                0x20000138                r
 .data          0x2000013c       0x10 .\ARM_GCC_441\Debug\Design137.a(CyLib.o)
                0x2000013c                cydelayFreqHz
                0x20000140                cydelayFreqMhz
                0x20000144                cydelayFreqKhz
                0x20000148                cydelay32kMs
 .data          0x2000014c        0x1 c:/program files (x86)/cypress/psoc creator/2.2/psoc creator/import/gnu_cs/arm/4.4.1/bin/../lib/gcc/arm-none-eabi/4.4.1/../../../../arm-none-eabi/lib/armv6-m\libm.a(lib_a-s_lib_ver.o)
                0x2000014c                __fdlib_version
 *fill*         0x2000014d        0x3 00
 .data          0x20000150      0x430 c:/program files (x86)/cypress/psoc creator/2.2/psoc creator/import/gnu_cs/arm/4.4.1/bin/../lib/gcc/arm-none-eabi/4.4.1/../../../../arm-none-eabi/lib/armv6-m\libc.a(lib_a-impure.o)
                0x20000150                _impure_ptr
                0x20000580                . = ALIGN (0x8)
 *(.ram)
                0x20000580                _edata = .

.bss            0x20000580      0x138 load address 0x00007460
 *(.shbss)
 *(.bss .bss.* .gnu.linkonce.b.*)
 .bss           0x20000580        0x1 c:/program files (x86)/cypress/psoc creator/2.2/psoc creator/import/gnu_cs/arm/4.4.1/bin/../lib/gcc/arm-none-eabi/4.4.1/armv6-m/crtbegin.o
 *fill*         0x20000581        0x3 00
 .bss           0x20000584       0x1c .\ARM_GCC_441\Debug\Menu.o
                0x20000588                menu_level
                0x2000059c                menu_option
 .bss           0x200005a0        0x8 .\ARM_GCC_441\Debug\Transforms.o
                0x200005a0                p
                0x200005a4                q
 .bss           0x200005a8        0x8 .\ARM_GCC_441\Debug\Design137.a(LCD.o)
 .bss           0x200005b0        0x1 .\ARM_GCC_441\Debug\Design137.a(LCD_SPIM_UDB.o)
                0x200005b0                LCD_SPIM_UDB_initVar
 *(COMMON)
 *fill*         0x200005b1        0x3 00
 COMMON         0x200005b4        0xc .\ARM_GCC_441\Debug\main.o
                0x200005b4                x_rot
                0x200005b8                y_rot
                0x200005bc                z_rot
 COMMON         0x200005c0        0x4 .\ARM_GCC_441\Debug\Menu.o
                0x200005c0                foo
 COMMON         0x200005c4       0x10 .\ARM_GCC_441\Debug\Transforms.o
                0x200005c4                Y_SCALE
                0x200005c8                X_SCALE
                0x200005cc                X_OFFSET
                0x200005d0                Y_OFFSET
 COMMON         0x200005d4       0xe0 .\ARM_GCC_441\Debug\Cube.o
                0x200005d4                b3x
                0x200005d8                b1x_old
                0x200005dc                a6x
                0x200005e0                a6y
                0x200005e4                b4x
                0x200005e8                b5y_old
                0x200005ec                a1x
                0x200005f0                a7x
                0x200005f4                a3z
                0x200005f8                b7y
                0x200005fc                a2z
                0x20000600                a3x
                0x20000604                b2y
                0x20000608                b1x
                0x2000060c                b8x_old
                0x20000610                a4z
                0x20000614                b1y
                0x20000618                b6y_old
                0x2000061c                a8y
                0x20000620                b2y_old
                0x20000624                a6z
                0x20000628                b8x
                0x2000062c                a5z
                0x20000630                a1z
                0x20000634                a8z
                0x20000638                a2x
                0x2000063c                a7y
                0x20000640                b7x
                0x20000644                b3y
                0x20000648                b8y
                0x2000064c                a4x
                0x20000650                b3y_old
                0x20000654                b7x_old
                0x20000658                b4y_old
                0x2000065c                b2x_old
                0x20000660                b5x_old
                0x20000664                b4y
                0x20000668                a4y
                0x2000066c                a3y
                0x20000670                b8y_old
                0x20000674                b4x_old
                0x20000678                b1y_old
                0x2000067c                a5x
                0x20000680                b5y
                0x20000684                b7y_old
                0x20000688                b3x_old
                0x2000068c                b6x_old
                0x20000690                a8x
                0x20000694                a1y
                0x20000698                b6y
                0x2000069c                b2x
                0x200006a0                b6x
                0x200006a4                a7z
                0x200006a8                b5x
                0x200006ac                a5y
                0x200006b0                a2y
                0x200006b8                . = ALIGN (0x8)
 *fill*         0x200006b4        0x4 00
 *(.ram.b)
                0x200006b8                _end = .
                0x200006b8                __end = .
                0x20000b00                __cs3_region_end_ram = (__cs3_region_start_ram + 0xb00)
                0x00000b00                __cs3_region_size_ram = 0xb00
                0x00006fa8                __cs3_region_init_ram = LOADADDR (.data)
                0x000004b8                __cs3_region_init_size_ram = (_edata - ADDR (.data))
                0x00000138                __cs3_region_zero_size_ram = (_end - _edata)

.stab
 *(.stab)

.stabstr
 *(.stabstr)

.debug
 *(.debug)

.line
 *(.line)

.debug_srcinfo
 *(.debug_srcinfo)

.debug_sfnames
 *(.debug_sfnames)

.comment        0x00000000      0x2b0
 .comment       0x00000000       0x2b .\ARM_GCC_441\Debug\main.o
 .comment       0x0000002b       0x2b .\ARM_GCC_441\Debug\Menu.o
 .comment       0x00000056       0x2b .\ARM_GCC_441\Debug\Transforms.o
 .comment       0x00000081       0x2b .\ARM_GCC_441\Debug\Cube.o
 .comment       0x000000ac       0x2b .\ARM_GCC_441\Debug\Cm0Start.o
 .comment       0x000000d7       0x2b .\ARM_GCC_441\Debug\Design137.a(LCD.o)
 .comment       0x00000102       0x2b .\ARM_GCC_441\Debug\Design137.a(LCD_Font.o)
 .comment       0x0000012d       0x2b .\ARM_GCC_441\Debug\Design137.a(LCD_Reset.o)
 .comment       0x00000158       0x2b .\ARM_GCC_441\Debug\Design137.a(D3.o)
 .comment       0x00000183       0x2b .\ARM_GCC_441\Debug\Design137.a(D4.o)
 .comment       0x000001ae       0x2b .\ARM_GCC_441\Debug\Design137.a(D5.o)
 .comment       0x000001d9       0x2b .\ARM_GCC_441\Debug\Design137.a(P0_7_SWITCH.o)
 .comment       0x00000204       0x2b .\ARM_GCC_441\Debug\Design137.a(LCD_SPIM_UDB.o)
 .comment       0x0000022f       0x2b .\ARM_GCC_441\Debug\Design137.a(LCD_SPIM_UDB_IntClock.o)
 .comment       0x0000025a       0x2b .\ARM_GCC_441\Debug\Design137.a(cyfitter_cfg.o)
 .comment       0x00000285       0x2b .\ARM_GCC_441\Debug\Design137.a(CyLib.o)

.debug_aranges  0x00000000      0x610
 *(.debug_aranges)
 .debug_aranges
                0x00000000       0x28 .\ARM_GCC_441\Debug\main.o
 .debug_aranges
                0x00000028       0x48 .\ARM_GCC_441\Debug\Menu.o
 .debug_aranges
                0x00000070       0x50 .\ARM_GCC_441\Debug\Transforms.o
 .debug_aranges
                0x000000c0       0x60 .\ARM_GCC_441\Debug\Cube.o
 .debug_aranges
                0x00000120       0x30 .\ARM_GCC_441\Debug\Cm0Start.o
 .debug_aranges
                0x00000150       0x90 .\ARM_GCC_441\Debug\Design137.a(LCD.o)
 .debug_aranges
                0x000001e0       0x40 .\ARM_GCC_441\Debug\Design137.a(LCD_Reset.o)
 .debug_aranges
                0x00000220       0x40 .\ARM_GCC_441\Debug\Design137.a(D3.o)
 .debug_aranges
                0x00000260       0x40 .\ARM_GCC_441\Debug\Design137.a(D4.o)
 .debug_aranges
                0x000002a0       0x40 .\ARM_GCC_441\Debug\Design137.a(D5.o)
 .debug_aranges
                0x000002e0       0x40 .\ARM_GCC_441\Debug\Design137.a(P0_7_SWITCH.o)
 .debug_aranges
                0x00000320       0xd8 .\ARM_GCC_441\Debug\Design137.a(LCD_SPIM_UDB.o)
 .debug_aranges
                0x000003f8       0x40 .\ARM_GCC_441\Debug\Design137.a(LCD_SPIM_UDB_IntClock.o)
 .debug_aranges
                0x00000438       0x20 .\ARM_GCC_441\Debug\Design137.a(cyfitter_cfg.o)
 .debug_aranges
                0x00000458       0x20 .\ARM_GCC_441\Debug\Design137.a(CyBootAsmGnu.o)
 .debug_aranges
                0x00000478      0x198 .\ARM_GCC_441\Debug\Design137.a(CyLib.o)

.debug_pubnames
                0x00000000     0x1197
 *(.debug_pubnames)
 .debug_pubnames
                0x00000000       0x5b .\ARM_GCC_441\Debug\main.o
 .debug_pubnames
                0x0000005b       0xec .\ARM_GCC_441\Debug\Menu.o
 .debug_pubnames
                0x00000147       0xb9 .\ARM_GCC_441\Debug\Transforms.o
 .debug_pubnames
                0x00000200      0x300 .\ARM_GCC_441\Debug\Cube.o
 .debug_pubnames
                0x00000500       0x66 .\ARM_GCC_441\Debug\Cm0Start.o
 .debug_pubnames
                0x00000566      0x11c .\ARM_GCC_441\Debug\Design137.a(LCD.o)
 .debug_pubnames
                0x00000682       0x23 .\ARM_GCC_441\Debug\Design137.a(LCD_Font.o)
 .debug_pubnames
                0x000006a5       0x8b .\ARM_GCC_441\Debug\Design137.a(LCD_Reset.o)
 .debug_pubnames
                0x00000730       0x68 .\ARM_GCC_441\Debug\Design137.a(D3.o)
 .debug_pubnames
                0x00000798       0x68 .\ARM_GCC_441\Debug\Design137.a(D4.o)
 .debug_pubnames
                0x00000800       0x68 .\ARM_GCC_441\Debug\Design137.a(D5.o)
 .debug_pubnames
                0x00000868       0x95 .\ARM_GCC_441\Debug\Design137.a(P0_7_SWITCH.o)
 .debug_pubnames
                0x000008fd      0x31b .\ARM_GCC_441\Debug\Design137.a(LCD_SPIM_UDB.o)
 .debug_pubnames
                0x00000c18       0xec .\ARM_GCC_441\Debug\Design137.a(LCD_SPIM_UDB_IntClock.o)
 .debug_pubnames
                0x00000d04       0x23 .\ARM_GCC_441\Debug\Design137.a(cyfitter_cfg.o)
 .debug_pubnames
                0x00000d27      0x470 .\ARM_GCC_441\Debug\Design137.a(CyLib.o)

.debug_info     0x00000000     0x327b
 *(.debug_info .gnu.linkonce.wi.*)
 .debug_info    0x00000000      0x15a .\ARM_GCC_441\Debug\main.o
 .debug_info    0x0000015a      0x325 .\ARM_GCC_441\Debug\Menu.o
 .debug_info    0x0000047f      0x39c .\ARM_GCC_441\Debug\Transforms.o
 .debug_info    0x0000081b      0x633 .\ARM_GCC_441\Debug\Cube.o
 .debug_info    0x00000e4e      0x151 .\ARM_GCC_441\Debug\Cm0Start.o
 .debug_info    0x00000f9f      0x61b .\ARM_GCC_441\Debug\Design137.a(LCD.o)
 .debug_info    0x000015ba       0xbc .\ARM_GCC_441\Debug\Design137.a(LCD_Font.o)
 .debug_info    0x00001676      0x142 .\ARM_GCC_441\Debug\Design137.a(LCD_Reset.o)
 .debug_info    0x000017b8      0x142 .\ARM_GCC_441\Debug\Design137.a(D3.o)
 .debug_info    0x000018fa      0x140 .\ARM_GCC_441\Debug\Design137.a(D4.o)
 .debug_info    0x00001a3a      0x142 .\ARM_GCC_441\Debug\Design137.a(D5.o)
 .debug_info    0x00001b7c      0x142 .\ARM_GCC_441\Debug\Design137.a(P0_7_SWITCH.o)
 .debug_info    0x00001cbe      0x494 .\ARM_GCC_441\Debug\Design137.a(LCD_SPIM_UDB.o)
 .debug_info    0x00002152      0x148 .\ARM_GCC_441\Debug\Design137.a(LCD_SPIM_UDB_IntClock.o)
 .debug_info    0x0000229a      0x53c .\ARM_GCC_441\Debug\Design137.a(cyfitter_cfg.o)
 .debug_info    0x000027d6       0xad .\ARM_GCC_441\Debug\Design137.a(CyBootAsmGnu.o)
 .debug_info    0x00002883      0x9f8 .\ARM_GCC_441\Debug\Design137.a(CyLib.o)

.debug_abbrev   0x00000000     0x107b
 *(.debug_abbrev)
 .debug_abbrev  0x00000000       0xa5 .\ARM_GCC_441\Debug\main.o
 .debug_abbrev  0x000000a5       0xec .\ARM_GCC_441\Debug\Menu.o
 .debug_abbrev  0x00000191       0xd9 .\ARM_GCC_441\Debug\Transforms.o
 .debug_abbrev  0x0000026a       0xde .\ARM_GCC_441\Debug\Cube.o
 .debug_abbrev  0x00000348       0xdb .\ARM_GCC_441\Debug\Cm0Start.o
 .debug_abbrev  0x00000423      0x1b7 .\ARM_GCC_441\Debug\Design137.a(LCD.o)
 .debug_abbrev  0x000005da       0x6a .\ARM_GCC_441\Debug\Design137.a(LCD_Font.o)
 .debug_abbrev  0x00000644       0xc2 .\ARM_GCC_441\Debug\Design137.a(LCD_Reset.o)
 .debug_abbrev  0x00000706       0xc2 .\ARM_GCC_441\Debug\Design137.a(D3.o)
 .debug_abbrev  0x000007c8       0xab .\ARM_GCC_441\Debug\Design137.a(D4.o)
 .debug_abbrev  0x00000873       0xc2 .\ARM_GCC_441\Debug\Design137.a(D5.o)
 .debug_abbrev  0x00000935       0xc2 .\ARM_GCC_441\Debug\Design137.a(P0_7_SWITCH.o)
 .debug_abbrev  0x000009f7      0x200 .\ARM_GCC_441\Debug\Design137.a(LCD_SPIM_UDB.o)
 .debug_abbrev  0x00000bf7       0xa7 .\ARM_GCC_441\Debug\Design137.a(LCD_SPIM_UDB_IntClock.o)
 .debug_abbrev  0x00000c9e      0x1fb .\ARM_GCC_441\Debug\Design137.a(cyfitter_cfg.o)
 .debug_abbrev  0x00000e99       0x14 .\ARM_GCC_441\Debug\Design137.a(CyBootAsmGnu.o)
 .debug_abbrev  0x00000ead      0x1ce .\ARM_GCC_441\Debug\Design137.a(CyLib.o)

.debug_line     0x00000000     0x163f
 *(.debug_line)
 .debug_line    0x00000000       0xac .\ARM_GCC_441\Debug\main.o
 .debug_line    0x000000ac       0xf5 .\ARM_GCC_441\Debug\Menu.o
 .debug_line    0x000001a1      0x10a .\ARM_GCC_441\Debug\Transforms.o
 .debug_line    0x000002ab      0x1c7 .\ARM_GCC_441\Debug\Cube.o
 .debug_line    0x00000472       0xab .\ARM_GCC_441\Debug\Cm0Start.o
 .debug_line    0x0000051d      0x2aa .\ARM_GCC_441\Debug\Design137.a(LCD.o)
 .debug_line    0x000007c7       0x6b .\ARM_GCC_441\Debug\Design137.a(LCD_Font.o)
 .debug_line    0x00000832       0xcf .\ARM_GCC_441\Debug\Design137.a(LCD_Reset.o)
 .debug_line    0x00000901       0xc8 .\ARM_GCC_441\Debug\Design137.a(D3.o)
 .debug_line    0x000009c9       0xca .\ARM_GCC_441\Debug\Design137.a(D4.o)
 .debug_line    0x00000a93       0xc8 .\ARM_GCC_441\Debug\Design137.a(D5.o)
 .debug_line    0x00000b5b       0xd1 .\ARM_GCC_441\Debug\Design137.a(P0_7_SWITCH.o)
 .debug_line    0x00000c2c      0x29a .\ARM_GCC_441\Debug\Design137.a(LCD_SPIM_UDB.o)
 .debug_line    0x00000ec6       0xd9 .\ARM_GCC_441\Debug\Design137.a(LCD_SPIM_UDB_IntClock.o)
 .debug_line    0x00000f9f      0x180 .\ARM_GCC_441\Debug\Design137.a(cyfitter_cfg.o)
 .debug_line    0x0000111f       0x68 .\ARM_GCC_441\Debug\Design137.a(CyBootAsmGnu.o)
 .debug_line    0x00001187      0x4b8 .\ARM_GCC_441\Debug\Design137.a(CyLib.o)

.debug_frame    0x00000000     0x16e4
 *(.debug_frame)
 .debug_frame   0x00000000       0x48 .\ARM_GCC_441\Debug\main.o
 .debug_frame   0x00000048       0xc4 .\ARM_GCC_441\Debug\Menu.o
 .debug_frame   0x0000010c      0x100 .\ARM_GCC_441\Debug\Transforms.o
 .debug_frame   0x0000020c      0x100 .\ARM_GCC_441\Debug\Cube.o
 .debug_frame   0x0000030c       0x54 .\ARM_GCC_441\Debug\Cm0Start.o
 .debug_frame   0x00000360      0x1fc .\ARM_GCC_441\Debug\Design137.a(LCD.o)
 .debug_frame   0x0000055c       0x6c .\ARM_GCC_441\Debug\Design137.a(LCD_Reset.o)
 .debug_frame   0x000005c8       0x6c .\ARM_GCC_441\Debug\Design137.a(D3.o)
 .debug_frame   0x00000634       0x60 .\ARM_GCC_441\Debug\Design137.a(D4.o)
 .debug_frame   0x00000694       0x6c .\ARM_GCC_441\Debug\Design137.a(D5.o)
 .debug_frame   0x00000700       0x6c .\ARM_GCC_441\Debug\Design137.a(P0_7_SWITCH.o)
 .debug_frame   0x0000076c      0x200 .\ARM_GCC_441\Debug\Design137.a(LCD_SPIM_UDB.o)
 .debug_frame   0x0000096c       0x60 .\ARM_GCC_441\Debug\Design137.a(LCD_SPIM_UDB_IntClock.o)
 .debug_frame   0x000009cc       0x38 .\ARM_GCC_441\Debug\Design137.a(cyfitter_cfg.o)
 .debug_frame   0x00000a04      0x478 .\ARM_GCC_441\Debug\Design137.a(CyLib.o)
 .debug_frame   0x00000e7c       0x2c c:/program files (x86)/cypress/psoc creator/2.2/psoc creator/import/gnu_cs/arm/4.4.1/bin/../lib/gcc/arm-none-eabi/4.4.1/../../../../arm-none-eabi/lib/armv6-m\libm.a(lib_a-s_cos.o)
 .debug_frame   0x00000ea8       0x2c c:/program files (x86)/cypress/psoc creator/2.2/psoc creator/import/gnu_cs/arm/4.4.1/bin/../lib/gcc/arm-none-eabi/4.4.1/../../../../arm-none-eabi/lib/armv6-m\libm.a(lib_a-s_sin.o)
 .debug_frame   0x00000ed4       0x28 c:/program files (x86)/cypress/psoc creator/2.2/psoc creator/import/gnu_cs/arm/4.4.1/bin/../lib/gcc/arm-none-eabi/4.4.1/../../../../arm-none-eabi/lib/armv6-m\libm.a(lib_a-w_atan2.o)
 .debug_frame   0x00000efc       0x38 c:/program files (x86)/cypress/psoc creator/2.2/psoc creator/import/gnu_cs/arm/4.4.1/bin/../lib/gcc/arm-none-eabi/4.4.1/../../../../arm-none-eabi/lib/armv6-m\libm.a(lib_a-w_sqrt.o)
 .debug_frame   0x00000f34       0x3c c:/program files (x86)/cypress/psoc creator/2.2/psoc creator/import/gnu_cs/arm/4.4.1/bin/../lib/gcc/arm-none-eabi/4.4.1/../../../../arm-none-eabi/lib/armv6-m\libm.a(lib_a-e_atan2.o)
 .debug_frame   0x00000f70       0x38 c:/program files (x86)/cypress/psoc creator/2.2/psoc creator/import/gnu_cs/arm/4.4.1/bin/../lib/gcc/arm-none-eabi/4.4.1/../../../../arm-none-eabi/lib/armv6-m\libm.a(lib_a-e_rem_pio2.o)
 .debug_frame   0x00000fa8       0x3c c:/program files (x86)/cypress/psoc creator/2.2/psoc creator/import/gnu_cs/arm/4.4.1/bin/../lib/gcc/arm-none-eabi/4.4.1/../../../../arm-none-eabi/lib/armv6-m\libm.a(lib_a-e_sqrt.o)
 .debug_frame   0x00000fe4       0x38 c:/program files (x86)/cypress/psoc creator/2.2/psoc creator/import/gnu_cs/arm/4.4.1/bin/../lib/gcc/arm-none-eabi/4.4.1/../../../../arm-none-eabi/lib/armv6-m\libm.a(lib_a-k_cos.o)
 .debug_frame   0x0000101c       0x3c c:/program files (x86)/cypress/psoc creator/2.2/psoc creator/import/gnu_cs/arm/4.4.1/bin/../lib/gcc/arm-none-eabi/4.4.1/../../../../arm-none-eabi/lib/armv6-m\libm.a(lib_a-k_rem_pio2.o)
 .debug_frame   0x00001058       0x30 c:/program files (x86)/cypress/psoc creator/2.2/psoc creator/import/gnu_cs/arm/4.4.1/bin/../lib/gcc/arm-none-eabi/4.4.1/../../../../arm-none-eabi/lib/armv6-m\libm.a(lib_a-k_sin.o)
 .debug_frame   0x00001088       0x38 c:/program files (x86)/cypress/psoc creator/2.2/psoc creator/import/gnu_cs/arm/4.4.1/bin/../lib/gcc/arm-none-eabi/4.4.1/../../../../arm-none-eabi/lib/armv6-m\libm.a(lib_a-s_atan.o)
 .debug_frame   0x000010c0       0x28 c:/program files (x86)/cypress/psoc creator/2.2/psoc creator/import/gnu_cs/arm/4.4.1/bin/../lib/gcc/arm-none-eabi/4.4.1/../../../../arm-none-eabi/lib/armv6-m\libm.a(lib_a-s_fabs.o)
 .debug_frame   0x000010e8       0x38 c:/program files (x86)/cypress/psoc creator/2.2/psoc creator/import/gnu_cs/arm/4.4.1/bin/../lib/gcc/arm-none-eabi/4.4.1/../../../../arm-none-eabi/lib/armv6-m\libm.a(lib_a-s_floor.o)
 .debug_frame   0x00001120       0x20 c:/program files (x86)/cypress/psoc creator/2.2/psoc creator/import/gnu_cs/arm/4.4.1/bin/../lib/gcc/arm-none-eabi/4.4.1/../../../../arm-none-eabi/lib/armv6-m\libm.a(lib_a-s_isnand.o)
 .debug_frame   0x00001140       0x20 c:/program files (x86)/cypress/psoc creator/2.2/psoc creator/import/gnu_cs/arm/4.4.1/bin/../lib/gcc/arm-none-eabi/4.4.1/../../../../arm-none-eabi/lib/armv6-m\libm.a(lib_a-s_matherr.o)
 .debug_frame   0x00001160       0x2c c:/program files (x86)/cypress/psoc creator/2.2/psoc creator/import/gnu_cs/arm/4.4.1/bin/../lib/gcc/arm-none-eabi/4.4.1/../../../../arm-none-eabi/lib/armv6-m\libm.a(lib_a-s_scalbn.o)
 .debug_frame   0x0000118c       0x30 c:/program files (x86)/cypress/psoc creator/2.2/psoc creator/import/gnu_cs/arm/4.4.1/bin/../lib/gcc/arm-none-eabi/4.4.1/../../../../arm-none-eabi/lib/armv6-m\libm.a(lib_a-s_copysign.o)
 .debug_frame   0x000011bc       0x20 c:/program files (x86)/cypress/psoc creator/2.2/psoc creator/import/gnu_cs/arm/4.4.1/bin/../lib/gcc/arm-none-eabi/4.4.1/armv6-m\libgcc.a(_udivsi3.o)
 .debug_frame   0x000011dc       0x20 c:/program files (x86)/cypress/psoc creator/2.2/psoc creator/import/gnu_cs/arm/4.4.1/bin/../lib/gcc/arm-none-eabi/4.4.1/armv6-m\libgcc.a(_divsi3.o)
 .debug_frame   0x000011fc       0x28 c:/program files (x86)/cypress/psoc creator/2.2/psoc creator/import/gnu_cs/arm/4.4.1/bin/../lib/gcc/arm-none-eabi/4.4.1/armv6-m\libgcc.a(_fixunssfsi.o)
 .debug_frame   0x00001224       0x30 c:/program files (x86)/cypress/psoc creator/2.2/psoc creator/import/gnu_cs/arm/4.4.1/bin/../lib/gcc/arm-none-eabi/4.4.1/armv6-m\libgcc.a(addsf3.o)
 .debug_frame   0x00001254       0x3c c:/program files (x86)/cypress/psoc creator/2.2/psoc creator/import/gnu_cs/arm/4.4.1/bin/../lib/gcc/arm-none-eabi/4.4.1/armv6-m\libgcc.a(divsf3.o)
 .debug_frame   0x00001290       0x30 c:/program files (x86)/cypress/psoc creator/2.2/psoc creator/import/gnu_cs/arm/4.4.1/bin/../lib/gcc/arm-none-eabi/4.4.1/armv6-m\libgcc.a(eqsf2.o)
 .debug_frame   0x000012c0       0x34 c:/program files (x86)/cypress/psoc creator/2.2/psoc creator/import/gnu_cs/arm/4.4.1/bin/../lib/gcc/arm-none-eabi/4.4.1/armv6-m\libgcc.a(gesf2.o)
 .debug_frame   0x000012f4       0x34 c:/program files (x86)/cypress/psoc creator/2.2/psoc creator/import/gnu_cs/arm/4.4.1/bin/../lib/gcc/arm-none-eabi/4.4.1/armv6-m\libgcc.a(lesf2.o)
 .debug_frame   0x00001328       0x3c c:/program files (x86)/cypress/psoc creator/2.2/psoc creator/import/gnu_cs/arm/4.4.1/bin/../lib/gcc/arm-none-eabi/4.4.1/armv6-m\libgcc.a(mulsf3.o)
 .debug_frame   0x00001364       0x30 c:/program files (x86)/cypress/psoc creator/2.2/psoc creator/import/gnu_cs/arm/4.4.1/bin/../lib/gcc/arm-none-eabi/4.4.1/armv6-m\libgcc.a(subsf3.o)
 .debug_frame   0x00001394       0x28 c:/program files (x86)/cypress/psoc creator/2.2/psoc creator/import/gnu_cs/arm/4.4.1/bin/../lib/gcc/arm-none-eabi/4.4.1/armv6-m\libgcc.a(fixsfsi.o)
 .debug_frame   0x000013bc       0x38 c:/program files (x86)/cypress/psoc creator/2.2/psoc creator/import/gnu_cs/arm/4.4.1/bin/../lib/gcc/arm-none-eabi/4.4.1/armv6-m\libgcc.a(adddf3.o)
 .debug_frame   0x000013f4       0x3c c:/program files (x86)/cypress/psoc creator/2.2/psoc creator/import/gnu_cs/arm/4.4.1/bin/../lib/gcc/arm-none-eabi/4.4.1/armv6-m\libgcc.a(divdf3.o)
 .debug_frame   0x00001430       0x30 c:/program files (x86)/cypress/psoc creator/2.2/psoc creator/import/gnu_cs/arm/4.4.1/bin/../lib/gcc/arm-none-eabi/4.4.1/armv6-m\libgcc.a(eqdf2.o)
 .debug_frame   0x00001460       0x38 c:/program files (x86)/cypress/psoc creator/2.2/psoc creator/import/gnu_cs/arm/4.4.1/bin/../lib/gcc/arm-none-eabi/4.4.1/armv6-m\libgcc.a(gedf2.o)
 .debug_frame   0x00001498       0x38 c:/program files (x86)/cypress/psoc creator/2.2/psoc creator/import/gnu_cs/arm/4.4.1/bin/../lib/gcc/arm-none-eabi/4.4.1/armv6-m\libgcc.a(ledf2.o)
 .debug_frame   0x000014d0       0x3c c:/program files (x86)/cypress/psoc creator/2.2/psoc creator/import/gnu_cs/arm/4.4.1/bin/../lib/gcc/arm-none-eabi/4.4.1/armv6-m\libgcc.a(muldf3.o)
 .debug_frame   0x0000150c       0x38 c:/program files (x86)/cypress/psoc creator/2.2/psoc creator/import/gnu_cs/arm/4.4.1/bin/../lib/gcc/arm-none-eabi/4.4.1/armv6-m\libgcc.a(subdf3.o)
 .debug_frame   0x00001544       0x2c c:/program files (x86)/cypress/psoc creator/2.2/psoc creator/import/gnu_cs/arm/4.4.1/bin/../lib/gcc/arm-none-eabi/4.4.1/armv6-m\libgcc.a(fixdfsi.o)
 .debug_frame   0x00001570       0x2c c:/program files (x86)/cypress/psoc creator/2.2/psoc creator/import/gnu_cs/arm/4.4.1/bin/../lib/gcc/arm-none-eabi/4.4.1/armv6-m\libgcc.a(floatsidf.o)
 .debug_frame   0x0000159c       0x2c c:/program files (x86)/cypress/psoc creator/2.2/psoc creator/import/gnu_cs/arm/4.4.1/bin/../lib/gcc/arm-none-eabi/4.4.1/armv6-m\libgcc.a(extendsfdf2.o)
 .debug_frame   0x000015c8       0x2c c:/program files (x86)/cypress/psoc creator/2.2/psoc creator/import/gnu_cs/arm/4.4.1/bin/../lib/gcc/arm-none-eabi/4.4.1/armv6-m\libgcc.a(truncdfsf2.o)
 .debug_frame   0x000015f4       0x20 c:/program files (x86)/cypress/psoc creator/2.2/psoc creator/import/gnu_cs/arm/4.4.1/bin/../lib/gcc/arm-none-eabi/4.4.1/../../../../arm-none-eabi/lib/armv6-m\libc.a(lib_a-errno.o)
 .debug_frame   0x00001614       0x30 c:/program files (x86)/cypress/psoc creator/2.2/psoc creator/import/gnu_cs/arm/4.4.1/bin/../lib/gcc/arm-none-eabi/4.4.1/../../../../arm-none-eabi/lib/armv6-m\libc.a(lib_a-memcpy.o)
 .debug_frame   0x00001644       0x2c c:/program files (x86)/cypress/psoc creator/2.2/psoc creator/import/gnu_cs/arm/4.4.1/bin/../lib/gcc/arm-none-eabi/4.4.1/../../../../arm-none-eabi/lib/armv6-m\libc.a(lib_a-memset.o)
 .debug_frame   0x00001670       0x48 c:/program files (x86)/cypress/psoc creator/2.2/psoc creator/import/gnu_cs/arm/4.4.1/bin/../lib/gcc/arm-none-eabi/4.4.1/../../../../arm-none-eabi/lib/armv6-m\libcs3.a(start_c.o)
 .debug_frame   0x000016b8       0x2c c:/program files (x86)/cypress/psoc creator/2.2/psoc creator/import/gnu_cs/arm/4.4.1/bin/../lib/gcc/arm-none-eabi/4.4.1/../../../../arm-none-eabi/lib/armv6-m\libc.a(lib_a-init.o)

.debug_str      0x00000000     0x12fd
 *(.debug_str)
 .debug_str     0x00000000      0x12c .\ARM_GCC_441\Debug\main.o
                                0x16c (size before relaxing)
 .debug_str     0x0000012c       0xa6 .\ARM_GCC_441\Debug\Menu.o
                                0x1eb (size before relaxing)
 .debug_str     0x000001d2       0x55 .\ARM_GCC_441\Debug\Transforms.o
                                0x194 (size before relaxing)
 .debug_str     0x00000227      0x13f .\ARM_GCC_441\Debug\Cube.o
                                0x27e (size before relaxing)
 .debug_str     0x00000366       0x8a .\ARM_GCC_441\Debug\Cm0Start.o
                                0x195 (size before relaxing)
 .debug_str     0x000003f0      0x1a5 .\ARM_GCC_441\Debug\Design137.a(LCD.o)
                                0x2c8 (size before relaxing)
 .debug_str     0x00000595       0x24 .\ARM_GCC_441\Debug\Design137.a(LCD_Font.o)
                                0x135 (size before relaxing)
 .debug_str     0x000005b9       0xa8 .\ARM_GCC_441\Debug\Design137.a(LCD_Reset.o)
                                0x1ac (size before relaxing)
 .debug_str     0x00000661       0x60 .\ARM_GCC_441\Debug\Design137.a(D3.o)
                                0x182 (size before relaxing)
 .debug_str     0x000006c1       0x60 .\ARM_GCC_441\Debug\Design137.a(D4.o)
                                0x182 (size before relaxing)
 .debug_str     0x00000721       0x60 .\ARM_GCC_441\Debug\Design137.a(D5.o)
                                0x182 (size before relaxing)
 .debug_str     0x00000781       0x96 .\ARM_GCC_441\Debug\Design137.a(P0_7_SWITCH.o)
                                0x1b8 (size before relaxing)
 .debug_str     0x00000817      0x314 .\ARM_GCC_441\Debug\Design137.a(LCD_SPIM_UDB.o)
                                0x41f (size before relaxing)
 .debug_str     0x00000b2b      0x11f .\ARM_GCC_441\Debug\Design137.a(LCD_SPIM_UDB_IntClock.o)
                                0x231 (size before relaxing)
 .debug_str     0x00000c4a      0x1d5 .\ARM_GCC_441\Debug\Design137.a(cyfitter_cfg.o)
                                0x31d (size before relaxing)
 .debug_str     0x00000e1f      0x4de .\ARM_GCC_441\Debug\Design137.a(CyLib.o)
                                0x615 (size before relaxing)

.debug_loc      0x00000000     0x1cad
 *(.debug_loc)
 .debug_loc     0x00000000       0x3e .\ARM_GCC_441\Debug\main.o
 .debug_loc     0x0000003e      0x172 .\ARM_GCC_441\Debug\Menu.o
 .debug_loc     0x000001b0      0x3ad .\ARM_GCC_441\Debug\Transforms.o
 .debug_loc     0x0000055d      0x14b .\ARM_GCC_441\Debug\Cube.o
 .debug_loc     0x000006a8       0x51 .\ARM_GCC_441\Debug\Cm0Start.o
 .debug_loc     0x000006f9      0x756 .\ARM_GCC_441\Debug\Design137.a(LCD.o)
 .debug_loc     0x00000e4f       0x58 .\ARM_GCC_441\Debug\Design137.a(LCD_Reset.o)
 .debug_loc     0x00000ea7       0x58 .\ARM_GCC_441\Debug\Design137.a(D3.o)
 .debug_loc     0x00000eff       0x39 .\ARM_GCC_441\Debug\Design137.a(D4.o)
 .debug_loc     0x00000f38       0x58 .\ARM_GCC_441\Debug\Design137.a(D5.o)
 .debug_loc     0x00000f90       0x58 .\ARM_GCC_441\Debug\Design137.a(P0_7_SWITCH.o)
 .debug_loc     0x00000fe8      0x1e5 .\ARM_GCC_441\Debug\Design137.a(LCD_SPIM_UDB.o)
 .debug_loc     0x000011cd       0x26 .\ARM_GCC_441\Debug\Design137.a(LCD_SPIM_UDB_IntClock.o)
 .debug_loc     0x000011f3       0xc0 .\ARM_GCC_441\Debug\Design137.a(cyfitter_cfg.o)
 .debug_loc     0x000012b3      0x9fa .\ARM_GCC_441\Debug\Design137.a(CyLib.o)

.debug_macinfo
 *(.debug_macinfo)

.debug_ranges   0x00000000      0x638
 *(.debug_ranges)
 .debug_ranges  0x00000000       0x20 .\ARM_GCC_441\Debug\main.o
 .debug_ranges  0x00000020       0x40 .\ARM_GCC_441\Debug\Menu.o
 .debug_ranges  0x00000060       0x48 .\ARM_GCC_441\Debug\Transforms.o
 .debug_ranges  0x000000a8       0x58 .\ARM_GCC_441\Debug\Cube.o
 .debug_ranges  0x00000100       0x28 .\ARM_GCC_441\Debug\Cm0Start.o
 .debug_ranges  0x00000128       0x88 .\ARM_GCC_441\Debug\Design137.a(LCD.o)
 .debug_ranges  0x000001b0       0x38 .\ARM_GCC_441\Debug\Design137.a(LCD_Reset.o)
 .debug_ranges  0x000001e8       0x38 .\ARM_GCC_441\Debug\Design137.a(D3.o)
 .debug_ranges  0x00000220       0x38 .\ARM_GCC_441\Debug\Design137.a(D4.o)
 .debug_ranges  0x00000258       0x38 .\ARM_GCC_441\Debug\Design137.a(D5.o)
 .debug_ranges  0x00000290       0x38 .\ARM_GCC_441\Debug\Design137.a(P0_7_SWITCH.o)
 .debug_ranges  0x000002c8      0x130 .\ARM_GCC_441\Debug\Design137.a(LCD_SPIM_UDB.o)
 .debug_ranges  0x000003f8       0x38 .\ARM_GCC_441\Debug\Design137.a(LCD_SPIM_UDB_IntClock.o)
 .debug_ranges  0x00000430       0x78 .\ARM_GCC_441\Debug\Design137.a(cyfitter_cfg.o)
 .debug_ranges  0x000004a8      0x190 .\ARM_GCC_441\Debug\Design137.a(CyLib.o)

.debug_weaknames
 *(.debug_weaknames)

.debug_funcnames
 *(.debug_funcnames)

.debug_typenames
 *(.debug_typenames)

.debug_varnames
 *(.debug_varnames)

.note.gnu.arm.ident
 *(.note.gnu.arm.ident)

.ARM.attributes
                0x00000000       0x29
 *(.ARM.attributes)
 .ARM.attributes
                0x00000000       0x1d c:/program files (x86)/cypress/psoc creator/2.2/psoc creator/import/gnu_cs/arm/4.4.1/bin/../lib/gcc/arm-none-eabi/4.4.1/armv6-m/crti.o
 .ARM.attributes
                0x0000001d       0x2d c:/program files (x86)/cypress/psoc creator/2.2/psoc creator/import/gnu_cs/arm/4.4.1/bin/../lib/gcc/arm-none-eabi/4.4.1/armv6-m/crtbegin.o
 .ARM.attributes
                0x0000004a       0x33 .\ARM_GCC_441\Debug\main.o
 .ARM.attributes
                0x0000007d       0x33 .\ARM_GCC_441\Debug\Menu.o
 .ARM.attributes
                0x000000b0       0x33 .\ARM_GCC_441\Debug\Transforms.o
 .ARM.attributes
                0x000000e3       0x33 .\ARM_GCC_441\Debug\Cube.o
 .ARM.attributes
                0x00000116       0x33 .\ARM_GCC_441\Debug\Cm0Start.o
 .ARM.attributes
                0x00000149       0x33 .\ARM_GCC_441\Debug\Design137.a(LCD.o)
 .ARM.attributes
                0x0000017c       0x33 .\ARM_GCC_441\Debug\Design137.a(LCD_Font.o)
 .ARM.attributes
                0x000001af       0x33 .\ARM_GCC_441\Debug\Design137.a(LCD_Reset.o)
 .ARM.attributes
                0x000001e2       0x33 .\ARM_GCC_441\Debug\Design137.a(D3.o)
 .ARM.attributes
                0x00000215       0x33 .\ARM_GCC_441\Debug\Design137.a(D4.o)
 .ARM.attributes
                0x00000248       0x33 .\ARM_GCC_441\Debug\Design137.a(D5.o)
 .ARM.attributes
                0x0000027b       0x33 .\ARM_GCC_441\Debug\Design137.a(P0_7_SWITCH.o)
 .ARM.attributes
                0x000002ae       0x33 .\ARM_GCC_441\Debug\Design137.a(LCD_SPIM_UDB.o)
 .ARM.attributes
                0x000002e1       0x33 .\ARM_GCC_441\Debug\Design137.a(LCD_SPIM_UDB_IntClock.o)
 .ARM.attributes
                0x00000314       0x33 .\ARM_GCC_441\Debug\Design137.a(cyfitter_cfg.o)
 .ARM.attributes
                0x00000347       0x23 .\ARM_GCC_441\Debug\Design137.a(CyBootAsmGnu.o)
 .ARM.attributes
                0x0000036a       0x33 .\ARM_GCC_441\Debug\Design137.a(CyLib.o)
 .ARM.attributes
                0x0000039d       0x2d c:/program files (x86)/cypress/psoc creator/2.2/psoc creator/import/gnu_cs/arm/4.4.1/bin/../lib/gcc/arm-none-eabi/4.4.1/../../../../arm-none-eabi/lib/armv6-m\libm.a(lib_a-s_cos.o)
 .ARM.attributes
                0x000003ca       0x2d c:/program files (x86)/cypress/psoc creator/2.2/psoc creator/import/gnu_cs/arm/4.4.1/bin/../lib/gcc/arm-none-eabi/4.4.1/../../../../arm-none-eabi/lib/armv6-m\libm.a(lib_a-s_sin.o)
 .ARM.attributes
                0x000003f7       0x2d c:/program files (x86)/cypress/psoc creator/2.2/psoc creator/import/gnu_cs/arm/4.4.1/bin/../lib/gcc/arm-none-eabi/4.4.1/../../../../arm-none-eabi/lib/armv6-m\libm.a(lib_a-w_atan2.o)
 .ARM.attributes
                0x00000424       0x2d c:/program files (x86)/cypress/psoc creator/2.2/psoc creator/import/gnu_cs/arm/4.4.1/bin/../lib/gcc/arm-none-eabi/4.4.1/../../../../arm-none-eabi/lib/armv6-m\libm.a(lib_a-w_sqrt.o)
 .ARM.attributes
                0x00000451       0x2d c:/program files (x86)/cypress/psoc creator/2.2/psoc creator/import/gnu_cs/arm/4.4.1/bin/../lib/gcc/arm-none-eabi/4.4.1/../../../../arm-none-eabi/lib/armv6-m\libm.a(lib_a-e_atan2.o)
 .ARM.attributes
                0x0000047e       0x2d c:/program files (x86)/cypress/psoc creator/2.2/psoc creator/import/gnu_cs/arm/4.4.1/bin/../lib/gcc/arm-none-eabi/4.4.1/../../../../arm-none-eabi/lib/armv6-m\libm.a(lib_a-e_rem_pio2.o)
 .ARM.attributes
                0x000004ab       0x2d c:/program files (x86)/cypress/psoc creator/2.2/psoc creator/import/gnu_cs/arm/4.4.1/bin/../lib/gcc/arm-none-eabi/4.4.1/../../../../arm-none-eabi/lib/armv6-m\libm.a(lib_a-e_sqrt.o)
 .ARM.attributes
                0x000004d8       0x2d c:/program files (x86)/cypress/psoc creator/2.2/psoc creator/import/gnu_cs/arm/4.4.1/bin/../lib/gcc/arm-none-eabi/4.4.1/../../../../arm-none-eabi/lib/armv6-m\libm.a(lib_a-k_cos.o)
 .ARM.attributes
                0x00000505       0x2d c:/program files (x86)/cypress/psoc creator/2.2/psoc creator/import/gnu_cs/arm/4.4.1/bin/../lib/gcc/arm-none-eabi/4.4.1/../../../../arm-none-eabi/lib/armv6-m\libm.a(lib_a-k_rem_pio2.o)
 .ARM.attributes
                0x00000532       0x2d c:/program files (x86)/cypress/psoc creator/2.2/psoc creator/import/gnu_cs/arm/4.4.1/bin/../lib/gcc/arm-none-eabi/4.4.1/../../../../arm-none-eabi/lib/armv6-m\libm.a(lib_a-k_sin.o)
 .ARM.attributes
                0x0000055f       0x2d c:/program files (x86)/cypress/psoc creator/2.2/psoc creator/import/gnu_cs/arm/4.4.1/bin/../lib/gcc/arm-none-eabi/4.4.1/../../../../arm-none-eabi/lib/armv6-m\libm.a(lib_a-s_atan.o)
 .ARM.attributes
                0x0000058c       0x2d c:/program files (x86)/cypress/psoc creator/2.2/psoc creator/import/gnu_cs/arm/4.4.1/bin/../lib/gcc/arm-none-eabi/4.4.1/../../../../arm-none-eabi/lib/armv6-m\libm.a(lib_a-s_fabs.o)
 .ARM.attributes
                0x000005b9       0x2d c:/program files (x86)/cypress/psoc creator/2.2/psoc creator/import/gnu_cs/arm/4.4.1/bin/../lib/gcc/arm-none-eabi/4.4.1/../../../../arm-none-eabi/lib/armv6-m\libm.a(lib_a-s_floor.o)
 .ARM.attributes
                0x000005e6       0x2d c:/program files (x86)/cypress/psoc creator/2.2/psoc creator/import/gnu_cs/arm/4.4.1/bin/../lib/gcc/arm-none-eabi/4.4.1/../../../../arm-none-eabi/lib/armv6-m\libm.a(lib_a-s_isnand.o)
 .ARM.attributes
                0x00000613       0x2d c:/program files (x86)/cypress/psoc creator/2.2/psoc creator/import/gnu_cs/arm/4.4.1/bin/../lib/gcc/arm-none-eabi/4.4.1/../../../../arm-none-eabi/lib/armv6-m\libm.a(lib_a-s_lib_ver.o)
 .ARM.attributes
                0x00000640       0x2d c:/program files (x86)/cypress/psoc creator/2.2/psoc creator/import/gnu_cs/arm/4.4.1/bin/../lib/gcc/arm-none-eabi/4.4.1/../../../../arm-none-eabi/lib/armv6-m\libm.a(lib_a-s_matherr.o)
 .ARM.attributes
                0x0000066d       0x2d c:/program files (x86)/cypress/psoc creator/2.2/psoc creator/import/gnu_cs/arm/4.4.1/bin/../lib/gcc/arm-none-eabi/4.4.1/../../../../arm-none-eabi/lib/armv6-m\libm.a(lib_a-s_scalbn.o)
 .ARM.attributes
                0x0000069a       0x2d c:/program files (x86)/cypress/psoc creator/2.2/psoc creator/import/gnu_cs/arm/4.4.1/bin/../lib/gcc/arm-none-eabi/4.4.1/../../../../arm-none-eabi/lib/armv6-m\libm.a(lib_a-s_copysign.o)
 .ARM.attributes
                0x000006c7       0x1f c:/program files (x86)/cypress/psoc creator/2.2/psoc creator/import/gnu_cs/arm/4.4.1/bin/../lib/gcc/arm-none-eabi/4.4.1/armv6-m\libgcc.a(_udivsi3.o)
 .ARM.attributes
                0x000006e6       0x1f c:/program files (x86)/cypress/psoc creator/2.2/psoc creator/import/gnu_cs/arm/4.4.1/bin/../lib/gcc/arm-none-eabi/4.4.1/armv6-m\libgcc.a(_divsi3.o)
 .ARM.attributes
                0x00000705       0x1f c:/program files (x86)/cypress/psoc creator/2.2/psoc creator/import/gnu_cs/arm/4.4.1/bin/../lib/gcc/arm-none-eabi/4.4.1/armv6-m\libgcc.a(_dvmd_tls.o)
 .ARM.attributes
                0x00000724       0x1f c:/program files (x86)/cypress/psoc creator/2.2/psoc creator/import/gnu_cs/arm/4.4.1/bin/../lib/gcc/arm-none-eabi/4.4.1/armv6-m\libgcc.a(_arm_cmpdf2.o)
 .ARM.attributes
                0x00000743       0x1f c:/program files (x86)/cypress/psoc creator/2.2/psoc creator/import/gnu_cs/arm/4.4.1/bin/../lib/gcc/arm-none-eabi/4.4.1/armv6-m\libgcc.a(_arm_cmpsf2.o)
 .ARM.attributes
                0x00000762       0x2d c:/program files (x86)/cypress/psoc creator/2.2/psoc creator/import/gnu_cs/arm/4.4.1/bin/../lib/gcc/arm-none-eabi/4.4.1/armv6-m\libgcc.a(_fixunssfsi.o)
 .ARM.attributes
                0x0000078f       0x2d c:/program files (x86)/cypress/psoc creator/2.2/psoc creator/import/gnu_cs/arm/4.4.1/bin/../lib/gcc/arm-none-eabi/4.4.1/armv6-m\libgcc.a(addsf3.o)
 .ARM.attributes
                0x000007bc       0x2d c:/program files (x86)/cypress/psoc creator/2.2/psoc creator/import/gnu_cs/arm/4.4.1/bin/../lib/gcc/arm-none-eabi/4.4.1/armv6-m\libgcc.a(divsf3.o)
 .ARM.attributes
                0x000007e9       0x2d c:/program files (x86)/cypress/psoc creator/2.2/psoc creator/import/gnu_cs/arm/4.4.1/bin/../lib/gcc/arm-none-eabi/4.4.1/armv6-m\libgcc.a(eqsf2.o)
 .ARM.attributes
                0x00000816       0x2d c:/program files (x86)/cypress/psoc creator/2.2/psoc creator/import/gnu_cs/arm/4.4.1/bin/../lib/gcc/arm-none-eabi/4.4.1/armv6-m\libgcc.a(gesf2.o)
 .ARM.attributes
                0x00000843       0x2d c:/program files (x86)/cypress/psoc creator/2.2/psoc creator/import/gnu_cs/arm/4.4.1/bin/../lib/gcc/arm-none-eabi/4.4.1/armv6-m\libgcc.a(lesf2.o)
 .ARM.attributes
                0x00000870       0x2d c:/program files (x86)/cypress/psoc creator/2.2/psoc creator/import/gnu_cs/arm/4.4.1/bin/../lib/gcc/arm-none-eabi/4.4.1/armv6-m\libgcc.a(mulsf3.o)
 .ARM.attributes
                0x0000089d       0x2d c:/program files (x86)/cypress/psoc creator/2.2/psoc creator/import/gnu_cs/arm/4.4.1/bin/../lib/gcc/arm-none-eabi/4.4.1/armv6-m\libgcc.a(subsf3.o)
 .ARM.attributes
                0x000008ca       0x2d c:/program files (x86)/cypress/psoc creator/2.2/psoc creator/import/gnu_cs/arm/4.4.1/bin/../lib/gcc/arm-none-eabi/4.4.1/armv6-m\libgcc.a(fixsfsi.o)
 .ARM.attributes
                0x000008f7       0x2d c:/program files (x86)/cypress/psoc creator/2.2/psoc creator/import/gnu_cs/arm/4.4.1/bin/../lib/gcc/arm-none-eabi/4.4.1/armv6-m\libgcc.a(adddf3.o)
 .ARM.attributes
                0x00000924       0x2d c:/program files (x86)/cypress/psoc creator/2.2/psoc creator/import/gnu_cs/arm/4.4.1/bin/../lib/gcc/arm-none-eabi/4.4.1/armv6-m\libgcc.a(divdf3.o)
 .ARM.attributes
                0x00000951       0x2d c:/program files (x86)/cypress/psoc creator/2.2/psoc creator/import/gnu_cs/arm/4.4.1/bin/../lib/gcc/arm-none-eabi/4.4.1/armv6-m\libgcc.a(eqdf2.o)
 .ARM.attributes
                0x0000097e       0x2d c:/program files (x86)/cypress/psoc creator/2.2/psoc creator/import/gnu_cs/arm/4.4.1/bin/../lib/gcc/arm-none-eabi/4.4.1/armv6-m\libgcc.a(gedf2.o)
 .ARM.attributes
                0x000009ab       0x2d c:/program files (x86)/cypress/psoc creator/2.2/psoc creator/import/gnu_cs/arm/4.4.1/bin/../lib/gcc/arm-none-eabi/4.4.1/armv6-m\libgcc.a(ledf2.o)
 .ARM.attributes
                0x000009d8       0x2d c:/program files (x86)/cypress/psoc creator/2.2/psoc creator/import/gnu_cs/arm/4.4.1/bin/../lib/gcc/arm-none-eabi/4.4.1/armv6-m\libgcc.a(muldf3.o)
 .ARM.attributes
                0x00000a05       0x2d c:/program files (x86)/cypress/psoc creator/2.2/psoc creator/import/gnu_cs/arm/4.4.1/bin/../lib/gcc/arm-none-eabi/4.4.1/armv6-m\libgcc.a(subdf3.o)
 .ARM.attributes
                0x00000a32       0x2d c:/program files (x86)/cypress/psoc creator/2.2/psoc creator/import/gnu_cs/arm/4.4.1/bin/../lib/gcc/arm-none-eabi/4.4.1/armv6-m\libgcc.a(fixdfsi.o)
 .ARM.attributes
                0x00000a5f       0x2d c:/program files (x86)/cypress/psoc creator/2.2/psoc creator/import/gnu_cs/arm/4.4.1/bin/../lib/gcc/arm-none-eabi/4.4.1/armv6-m\libgcc.a(floatsidf.o)
 .ARM.attributes
                0x00000a8c       0x2d c:/program files (x86)/cypress/psoc creator/2.2/psoc creator/import/gnu_cs/arm/4.4.1/bin/../lib/gcc/arm-none-eabi/4.4.1/armv6-m\libgcc.a(extendsfdf2.o)
 .ARM.attributes
                0x00000ab9       0x2d c:/program files (x86)/cypress/psoc creator/2.2/psoc creator/import/gnu_cs/arm/4.4.1/bin/../lib/gcc/arm-none-eabi/4.4.1/armv6-m\libgcc.a(truncdfsf2.o)
 .ARM.attributes
                0x00000ae6       0x1f c:/program files (x86)/cypress/psoc creator/2.2/psoc creator/import/gnu_cs/arm/4.4.1/bin/../lib/gcc/arm-none-eabi/4.4.1/armv6-m\libgcc.a(_clzsi2.o)
 .ARM.attributes
                0x00000b05       0x2d c:/program files (x86)/cypress/psoc creator/2.2/psoc creator/import/gnu_cs/arm/4.4.1/bin/../lib/gcc/arm-none-eabi/4.4.1/../../../../arm-none-eabi/lib/armv6-m\libc.a(lib_a-errno.o)
 .ARM.attributes
                0x00000b32       0x2d c:/program files (x86)/cypress/psoc creator/2.2/psoc creator/import/gnu_cs/arm/4.4.1/bin/../lib/gcc/arm-none-eabi/4.4.1/../../../../arm-none-eabi/lib/armv6-m\libc.a(lib_a-impure.o)
 .ARM.attributes
                0x00000b5f       0x2d c:/program files (x86)/cypress/psoc creator/2.2/psoc creator/import/gnu_cs/arm/4.4.1/bin/../lib/gcc/arm-none-eabi/4.4.1/../../../../arm-none-eabi/lib/armv6-m\libc.a(lib_a-memcpy.o)
 .ARM.attributes
                0x00000b8c       0x2d c:/program files (x86)/cypress/psoc creator/2.2/psoc creator/import/gnu_cs/arm/4.4.1/bin/../lib/gcc/arm-none-eabi/4.4.1/../../../../arm-none-eabi/lib/armv6-m\libc.a(lib_a-memset.o)
 .ARM.attributes
                0x00000bb9       0x2d c:/program files (x86)/cypress/psoc creator/2.2/psoc creator/import/gnu_cs/arm/4.4.1/bin/../lib/gcc/arm-none-eabi/4.4.1/armv6-m/crtend.o
 .ARM.attributes
                0x00000be6       0x1d c:/program files (x86)/cypress/psoc creator/2.2/psoc creator/import/gnu_cs/arm/4.4.1/bin/../lib/gcc/arm-none-eabi/4.4.1/armv6-m/crtn.o
 .ARM.attributes
                0x00000c03       0x2d c:/program files (x86)/cypress/psoc creator/2.2/psoc creator/import/gnu_cs/arm/4.4.1/bin/../lib/gcc/arm-none-eabi/4.4.1/../../../../arm-none-eabi/lib/armv6-m\libcs3.a(start_c.o)
 .ARM.attributes
                0x00000c30       0x1d c:/program files (x86)/cypress/psoc creator/2.2/psoc creator/import/gnu_cs/arm/4.4.1/bin/../lib/gcc/arm-none-eabi/4.4.1/../../../../arm-none-eabi/lib/armv6-m\libcs3micro.a(micro_isr_interrupt.o)
 .ARM.attributes
                0x00000c4d       0x2d c:/program files (x86)/cypress/psoc creator/2.2/psoc creator/import/gnu_cs/arm/4.4.1/bin/../lib/gcc/arm-none-eabi/4.4.1/../../../../arm-none-eabi/lib/armv6-m\libc.a(lib_a-init.o)

/DISCARD/
 *(.note.GNU-stack)
OUTPUT(.\ARM_GCC_441\Debug\Design137.elf elf32-littlearm)
