ARM GAS  C:\Users\kees\AppData\Local\Temp\ccDeNEhz.s 			page 1


   1              		.cpu cortex-m0
   2              		.fpu softvfp
   3              		.eabi_attribute 20, 1
   4              		.eabi_attribute 21, 1
   5              		.eabi_attribute 23, 3
   6              		.eabi_attribute 24, 1
   7              		.eabi_attribute 25, 1
   8              		.eabi_attribute 26, 1
   9              		.eabi_attribute 30, 4
  10              		.eabi_attribute 18, 4
  11              		.code	16
  12              		.file	"LCD_SPIM_IntClock.c"
  13              		.section	.debug_abbrev,"",%progbits
  14              	.Ldebug_abbrev0:
  15              		.section	.debug_info,"",%progbits
  16              	.Ldebug_info0:
  17              		.section	.debug_line,"",%progbits
  18              	.Ldebug_line0:
  19 0000 D1000000 		.text
  19      02006900 
  19      00000201 
  19      FB0E0D00 
  19      01010101 
  20              	.Ltext0:
  21              		.cfi_sections	.debug_frame
  22              		.section	.text.LCD_SPIM_IntClock_Start,"ax",%progbits
  23              		.align	1
  24              		.global	LCD_SPIM_IntClock_Start
  25              		.code	16
  26              		.thumb_func
  27              		.type	LCD_SPIM_IntClock_Start, %function
  28              	LCD_SPIM_IntClock_Start:
  29              	.LFB0:
  30              		.file 1 ".\\Generated_Source\\PSoC4\\LCD_SPIM_IntClock.c"
   1:.\Generated_Source\PSoC4/LCD_SPIM_IntClock.c **** /*******************************************************************************
   2:.\Generated_Source\PSoC4/LCD_SPIM_IntClock.c **** * File Name: LCD_SPIM_IntClock.c
   3:.\Generated_Source\PSoC4/LCD_SPIM_IntClock.c **** * Version 2.0
   4:.\Generated_Source\PSoC4/LCD_SPIM_IntClock.c **** *
   5:.\Generated_Source\PSoC4/LCD_SPIM_IntClock.c **** *  Description:
   6:.\Generated_Source\PSoC4/LCD_SPIM_IntClock.c **** *   Provides system API for the clocking, interrupts and watchdog timer.
   7:.\Generated_Source\PSoC4/LCD_SPIM_IntClock.c **** *
   8:.\Generated_Source\PSoC4/LCD_SPIM_IntClock.c **** *  Note:
   9:.\Generated_Source\PSoC4/LCD_SPIM_IntClock.c **** *   Documentation of the API's in this file is located in the
  10:.\Generated_Source\PSoC4/LCD_SPIM_IntClock.c **** *   System Reference Guide provided with PSoC Creator.
  11:.\Generated_Source\PSoC4/LCD_SPIM_IntClock.c **** *
  12:.\Generated_Source\PSoC4/LCD_SPIM_IntClock.c **** ********************************************************************************
  13:.\Generated_Source\PSoC4/LCD_SPIM_IntClock.c **** * Copyright 2008-2012, Cypress Semiconductor Corporation.  All rights reserved.
  14:.\Generated_Source\PSoC4/LCD_SPIM_IntClock.c **** * You may use this file only in accordance with the license, terms, conditions,
  15:.\Generated_Source\PSoC4/LCD_SPIM_IntClock.c **** * disclaimers, and limitations in the end user license agreement accompanying
  16:.\Generated_Source\PSoC4/LCD_SPIM_IntClock.c **** * the software package with which this file was provided.
  17:.\Generated_Source\PSoC4/LCD_SPIM_IntClock.c **** *******************************************************************************/
  18:.\Generated_Source\PSoC4/LCD_SPIM_IntClock.c **** 
  19:.\Generated_Source\PSoC4/LCD_SPIM_IntClock.c **** #include <cydevice_trm.h>
  20:.\Generated_Source\PSoC4/LCD_SPIM_IntClock.c **** #include "LCD_SPIM_IntClock.h"
  21:.\Generated_Source\PSoC4/LCD_SPIM_IntClock.c **** 
  22:.\Generated_Source\PSoC4/LCD_SPIM_IntClock.c **** 
  23:.\Generated_Source\PSoC4/LCD_SPIM_IntClock.c **** /*******************************************************************************
ARM GAS  C:\Users\kees\AppData\Local\Temp\ccDeNEhz.s 			page 2


  24:.\Generated_Source\PSoC4/LCD_SPIM_IntClock.c **** * Function Name: LCD_SPIM_IntClock_Start
  25:.\Generated_Source\PSoC4/LCD_SPIM_IntClock.c **** ********************************************************************************
  26:.\Generated_Source\PSoC4/LCD_SPIM_IntClock.c **** *
  27:.\Generated_Source\PSoC4/LCD_SPIM_IntClock.c **** * Summary:
  28:.\Generated_Source\PSoC4/LCD_SPIM_IntClock.c **** *  Starts the clock.
  29:.\Generated_Source\PSoC4/LCD_SPIM_IntClock.c **** *
  30:.\Generated_Source\PSoC4/LCD_SPIM_IntClock.c **** * Parameters:
  31:.\Generated_Source\PSoC4/LCD_SPIM_IntClock.c **** *  None
  32:.\Generated_Source\PSoC4/LCD_SPIM_IntClock.c **** *
  33:.\Generated_Source\PSoC4/LCD_SPIM_IntClock.c **** * Returns:
  34:.\Generated_Source\PSoC4/LCD_SPIM_IntClock.c **** *  None
  35:.\Generated_Source\PSoC4/LCD_SPIM_IntClock.c **** *
  36:.\Generated_Source\PSoC4/LCD_SPIM_IntClock.c **** *******************************************************************************/
  37:.\Generated_Source\PSoC4/LCD_SPIM_IntClock.c **** void LCD_SPIM_IntClock_Start(void)
  38:.\Generated_Source\PSoC4/LCD_SPIM_IntClock.c **** {
  31              		.loc 1 38 0
  32              		.cfi_startproc
  39:.\Generated_Source\PSoC4/LCD_SPIM_IntClock.c ****     /* Set the bit to enable the clock. */
  40:.\Generated_Source\PSoC4/LCD_SPIM_IntClock.c ****     LCD_SPIM_IntClock_ENABLE_REG |= LCD_SPIM_IntClock__ENABLE_MASK;
  33              		.loc 1 40 0
  34 0000 034A     		ldr	r2, .L3
  35 0002 8023     		mov	r3, #128
  36 0004 1168     		ldr	r1, [r2]
  37 0006 1B06     		lsl	r3, r3, #24
  38 0008 0B43     		orr	r3, r3, r1
  39 000a 1360     		str	r3, [r2]
  41:.\Generated_Source\PSoC4/LCD_SPIM_IntClock.c **** }
  40              		.loc 1 41 0
  41              		@ sp needed for prologue
  42 000c 7047     		bx	lr
  43              	.L4:
  44 000e C046     		.align	2
  45              	.L3:
  46 0010 00000240 		.word	1073872896
  47              		.cfi_endproc
  48              	.LFE0:
  49              		.size	LCD_SPIM_IntClock_Start, .-LCD_SPIM_IntClock_Start
  50              		.section	.text.LCD_SPIM_IntClock_Stop,"ax",%progbits
  51              		.align	1
  52              		.global	LCD_SPIM_IntClock_Stop
  53              		.code	16
  54              		.thumb_func
  55              		.type	LCD_SPIM_IntClock_Stop, %function
  56              	LCD_SPIM_IntClock_Stop:
  57              	.LFB1:
  42:.\Generated_Source\PSoC4/LCD_SPIM_IntClock.c **** 
  43:.\Generated_Source\PSoC4/LCD_SPIM_IntClock.c **** 
  44:.\Generated_Source\PSoC4/LCD_SPIM_IntClock.c **** /*******************************************************************************
  45:.\Generated_Source\PSoC4/LCD_SPIM_IntClock.c **** * Function Name: LCD_SPIM_IntClock_Stop
  46:.\Generated_Source\PSoC4/LCD_SPIM_IntClock.c **** ********************************************************************************
  47:.\Generated_Source\PSoC4/LCD_SPIM_IntClock.c **** *
  48:.\Generated_Source\PSoC4/LCD_SPIM_IntClock.c **** * Summary:
  49:.\Generated_Source\PSoC4/LCD_SPIM_IntClock.c **** *  Stops the clock and returns immediately. This API does not require the
  50:.\Generated_Source\PSoC4/LCD_SPIM_IntClock.c **** *  source clock to be running but may return before the hardware is actually
  51:.\Generated_Source\PSoC4/LCD_SPIM_IntClock.c **** *  disabled.
  52:.\Generated_Source\PSoC4/LCD_SPIM_IntClock.c **** *
  53:.\Generated_Source\PSoC4/LCD_SPIM_IntClock.c **** * Parameters:
ARM GAS  C:\Users\kees\AppData\Local\Temp\ccDeNEhz.s 			page 3


  54:.\Generated_Source\PSoC4/LCD_SPIM_IntClock.c **** *  None
  55:.\Generated_Source\PSoC4/LCD_SPIM_IntClock.c **** *
  56:.\Generated_Source\PSoC4/LCD_SPIM_IntClock.c **** * Returns:
  57:.\Generated_Source\PSoC4/LCD_SPIM_IntClock.c **** *  None
  58:.\Generated_Source\PSoC4/LCD_SPIM_IntClock.c **** *
  59:.\Generated_Source\PSoC4/LCD_SPIM_IntClock.c **** *******************************************************************************/
  60:.\Generated_Source\PSoC4/LCD_SPIM_IntClock.c **** void LCD_SPIM_IntClock_Stop(void)
  61:.\Generated_Source\PSoC4/LCD_SPIM_IntClock.c **** {
  58              		.loc 1 61 0
  59              		.cfi_startproc
  62:.\Generated_Source\PSoC4/LCD_SPIM_IntClock.c ****     /* Clear the bit to disable the clock. */
  63:.\Generated_Source\PSoC4/LCD_SPIM_IntClock.c ****     LCD_SPIM_IntClock_ENABLE_REG &= (uint32)(~LCD_SPIM_IntClock__ENABLE_MASK);
  60              		.loc 1 63 0
  61 0000 024B     		ldr	r3, .L7
  62 0002 034A     		ldr	r2, .L7+4
  63 0004 1968     		ldr	r1, [r3]
  64:.\Generated_Source\PSoC4/LCD_SPIM_IntClock.c **** }
  64              		.loc 1 64 0
  65              		@ sp needed for prologue
  66              		.loc 1 63 0
  67 0006 0A40     		and	r2, r2, r1
  68 0008 1A60     		str	r2, [r3]
  69              		.loc 1 64 0
  70 000a 7047     		bx	lr
  71              	.L8:
  72              		.align	2
  73              	.L7:
  74 000c 00000240 		.word	1073872896
  75 0010 FFFFFF7F 		.word	2147483647
  76              		.cfi_endproc
  77              	.LFE1:
  78              		.size	LCD_SPIM_IntClock_Stop, .-LCD_SPIM_IntClock_Stop
  79              		.section	.text.LCD_SPIM_IntClock_SetFractionalDividerRegister,"ax",%progbits
  80              		.align	1
  81              		.global	LCD_SPIM_IntClock_SetFractionalDividerRegister
  82              		.code	16
  83              		.thumb_func
  84              		.type	LCD_SPIM_IntClock_SetFractionalDividerRegister, %function
  85              	LCD_SPIM_IntClock_SetFractionalDividerRegister:
  86              	.LFB2:
  65:.\Generated_Source\PSoC4/LCD_SPIM_IntClock.c **** 
  66:.\Generated_Source\PSoC4/LCD_SPIM_IntClock.c **** 
  67:.\Generated_Source\PSoC4/LCD_SPIM_IntClock.c **** /*******************************************************************************
  68:.\Generated_Source\PSoC4/LCD_SPIM_IntClock.c **** * Function Name: LCD_SPIM_IntClock_SetFractionalDividerRegister
  69:.\Generated_Source\PSoC4/LCD_SPIM_IntClock.c **** ********************************************************************************
  70:.\Generated_Source\PSoC4/LCD_SPIM_IntClock.c **** *
  71:.\Generated_Source\PSoC4/LCD_SPIM_IntClock.c **** * Summary:
  72:.\Generated_Source\PSoC4/LCD_SPIM_IntClock.c **** *  Modifies the clock divider and the fractional divider.
  73:.\Generated_Source\PSoC4/LCD_SPIM_IntClock.c **** *
  74:.\Generated_Source\PSoC4/LCD_SPIM_IntClock.c **** * Parameters:
  75:.\Generated_Source\PSoC4/LCD_SPIM_IntClock.c **** *  clkDivider:  Divider register value (0-65535). This value is NOT the
  76:.\Generated_Source\PSoC4/LCD_SPIM_IntClock.c **** *    divider; the clock hardware divides by clkDivider plus one. For example,
  77:.\Generated_Source\PSoC4/LCD_SPIM_IntClock.c **** *    to divide the clock by 2, this parameter should be set to 1.
  78:.\Generated_Source\PSoC4/LCD_SPIM_IntClock.c **** *  fracDivider:  Fractional Divider register value (0-31).
  79:.\Generated_Source\PSoC4/LCD_SPIM_IntClock.c **** * Returns:
  80:.\Generated_Source\PSoC4/LCD_SPIM_IntClock.c **** *  None
  81:.\Generated_Source\PSoC4/LCD_SPIM_IntClock.c **** *
ARM GAS  C:\Users\kees\AppData\Local\Temp\ccDeNEhz.s 			page 4


  82:.\Generated_Source\PSoC4/LCD_SPIM_IntClock.c **** *******************************************************************************/
  83:.\Generated_Source\PSoC4/LCD_SPIM_IntClock.c **** void LCD_SPIM_IntClock_SetFractionalDividerRegister(uint16 clkDivider, uint8 clkFractional)
  84:.\Generated_Source\PSoC4/LCD_SPIM_IntClock.c **** {
  87              		.loc 1 84 0
  88              		.cfi_startproc
  89              	.LVL0:
  85:.\Generated_Source\PSoC4/LCD_SPIM_IntClock.c **** #if defined (LCD_SPIM_IntClock__FRAC_MASK)
  86:.\Generated_Source\PSoC4/LCD_SPIM_IntClock.c **** 	/* get all but divider bits */
  87:.\Generated_Source\PSoC4/LCD_SPIM_IntClock.c ****     uint32 maskVal = LCD_SPIM_IntClock_DIV_REG & 
  88:.\Generated_Source\PSoC4/LCD_SPIM_IntClock.c ****                     (uint32)(~(LCD_SPIM_IntClock__DIVIDER_MASK | LCD_SPIM_IntClock__FRAC_MASK)); 
  89:.\Generated_Source\PSoC4/LCD_SPIM_IntClock.c **** 	/* combine mask and new divider val into 32-bit value */
  90:.\Generated_Source\PSoC4/LCD_SPIM_IntClock.c ****     uint32 regVal = clkDivider | (((uint32)clkFractional << 16) & LCD_SPIM_IntClock__FRAC_MASK) | m
  91:.\Generated_Source\PSoC4/LCD_SPIM_IntClock.c **** #else
  92:.\Generated_Source\PSoC4/LCD_SPIM_IntClock.c ****     /* get all but integer divider bits */
  93:.\Generated_Source\PSoC4/LCD_SPIM_IntClock.c ****     uint32 maskVal = LCD_SPIM_IntClock_DIV_REG & (uint32)(~(uint32)LCD_SPIM_IntClock__DIVIDER_MASK)
  90              		.loc 1 93 0
  91 0000 034B     		ldr	r3, .L11
  94:.\Generated_Source\PSoC4/LCD_SPIM_IntClock.c ****     /* combine mask and new divider val into 32-bit value */
  95:.\Generated_Source\PSoC4/LCD_SPIM_IntClock.c ****     uint32 regVal = clkDivider | maskVal;
  92              		.loc 1 95 0
  93 0002 044A     		ldr	r2, .L11+4
  94              		.loc 1 93 0
  95 0004 1968     		ldr	r1, [r3]
  96              	.LVL1:
  96:.\Generated_Source\PSoC4/LCD_SPIM_IntClock.c **** #endif /* LCD_SPIM_IntClock__FRAC_MASK */
  97:.\Generated_Source\PSoC4/LCD_SPIM_IntClock.c **** 
  98:.\Generated_Source\PSoC4/LCD_SPIM_IntClock.c **** 	LCD_SPIM_IntClock_DIV_REG = regVal;
  99:.\Generated_Source\PSoC4/LCD_SPIM_IntClock.c **** }
  97              		.loc 1 99 0
  98              		@ sp needed for prologue
  99              		.loc 1 95 0
 100 0006 0A40     		and	r2, r2, r1
 101 0008 1043     		orr	r0, r0, r2
 102              	.LVL2:
 103              		.loc 1 98 0
 104 000a 1860     		str	r0, [r3]
 105              		.loc 1 99 0
 106 000c 7047     		bx	lr
 107              	.L12:
 108 000e C046     		.align	2
 109              	.L11:
 110 0010 00000240 		.word	1073872896
 111 0014 0000FFFF 		.word	-65536
 112              		.cfi_endproc
 113              	.LFE2:
 114              		.size	LCD_SPIM_IntClock_SetFractionalDividerRegister, .-LCD_SPIM_IntClock_SetFractionalDividerRegi
 115              		.section	.text.LCD_SPIM_IntClock_GetDividerRegister,"ax",%progbits
 116              		.align	1
 117              		.global	LCD_SPIM_IntClock_GetDividerRegister
 118              		.code	16
 119              		.thumb_func
 120              		.type	LCD_SPIM_IntClock_GetDividerRegister, %function
 121              	LCD_SPIM_IntClock_GetDividerRegister:
 122              	.LFB3:
 100:.\Generated_Source\PSoC4/LCD_SPIM_IntClock.c **** 
 101:.\Generated_Source\PSoC4/LCD_SPIM_IntClock.c **** 
 102:.\Generated_Source\PSoC4/LCD_SPIM_IntClock.c **** /*******************************************************************************
ARM GAS  C:\Users\kees\AppData\Local\Temp\ccDeNEhz.s 			page 5


 103:.\Generated_Source\PSoC4/LCD_SPIM_IntClock.c **** * Function Name: LCD_SPIM_IntClock_GetDividerRegister
 104:.\Generated_Source\PSoC4/LCD_SPIM_IntClock.c **** ********************************************************************************
 105:.\Generated_Source\PSoC4/LCD_SPIM_IntClock.c **** *
 106:.\Generated_Source\PSoC4/LCD_SPIM_IntClock.c **** * Summary:
 107:.\Generated_Source\PSoC4/LCD_SPIM_IntClock.c **** *  Gets the clock divider register value.
 108:.\Generated_Source\PSoC4/LCD_SPIM_IntClock.c **** *
 109:.\Generated_Source\PSoC4/LCD_SPIM_IntClock.c **** * Parameters:
 110:.\Generated_Source\PSoC4/LCD_SPIM_IntClock.c **** *  None
 111:.\Generated_Source\PSoC4/LCD_SPIM_IntClock.c **** *
 112:.\Generated_Source\PSoC4/LCD_SPIM_IntClock.c **** * Returns:
 113:.\Generated_Source\PSoC4/LCD_SPIM_IntClock.c **** *  Divide value of the clock minus 1. For example, if the clock is set to
 114:.\Generated_Source\PSoC4/LCD_SPIM_IntClock.c **** *  divide by 2, the return value will be 1.
 115:.\Generated_Source\PSoC4/LCD_SPIM_IntClock.c **** *
 116:.\Generated_Source\PSoC4/LCD_SPIM_IntClock.c **** *******************************************************************************/
 117:.\Generated_Source\PSoC4/LCD_SPIM_IntClock.c **** uint16 LCD_SPIM_IntClock_GetDividerRegister(void)
 118:.\Generated_Source\PSoC4/LCD_SPIM_IntClock.c **** {
 123              		.loc 1 118 0
 124              		.cfi_startproc
 119:.\Generated_Source\PSoC4/LCD_SPIM_IntClock.c ****     return (uint16)LCD_SPIM_IntClock_DIV_REG;
 125              		.loc 1 119 0
 126 0000 014B     		ldr	r3, .L15
 120:.\Generated_Source\PSoC4/LCD_SPIM_IntClock.c **** }
 127              		.loc 1 120 0
 128              		@ sp needed for prologue
 129              		.loc 1 119 0
 130 0002 1868     		ldr	r0, [r3]
 131 0004 80B2     		uxth	r0, r0
 132              		.loc 1 120 0
 133 0006 7047     		bx	lr
 134              	.L16:
 135              		.align	2
 136              	.L15:
 137 0008 00000240 		.word	1073872896
 138              		.cfi_endproc
 139              	.LFE3:
 140              		.size	LCD_SPIM_IntClock_GetDividerRegister, .-LCD_SPIM_IntClock_GetDividerRegister
 141              		.section	.text.LCD_SPIM_IntClock_GetFractionalDividerRegister,"ax",%progbits
 142              		.align	1
 143              		.global	LCD_SPIM_IntClock_GetFractionalDividerRegister
 144              		.code	16
 145              		.thumb_func
 146              		.type	LCD_SPIM_IntClock_GetFractionalDividerRegister, %function
 147              	LCD_SPIM_IntClock_GetFractionalDividerRegister:
 148              	.LFB4:
 121:.\Generated_Source\PSoC4/LCD_SPIM_IntClock.c **** 
 122:.\Generated_Source\PSoC4/LCD_SPIM_IntClock.c **** 
 123:.\Generated_Source\PSoC4/LCD_SPIM_IntClock.c **** /*******************************************************************************
 124:.\Generated_Source\PSoC4/LCD_SPIM_IntClock.c **** * Function Name: LCD_SPIM_IntClock_GetFractionalDividerRegister
 125:.\Generated_Source\PSoC4/LCD_SPIM_IntClock.c **** ********************************************************************************
 126:.\Generated_Source\PSoC4/LCD_SPIM_IntClock.c **** *
 127:.\Generated_Source\PSoC4/LCD_SPIM_IntClock.c **** * Summary:
 128:.\Generated_Source\PSoC4/LCD_SPIM_IntClock.c **** *  Gets the clock fractional divider register value.
 129:.\Generated_Source\PSoC4/LCD_SPIM_IntClock.c **** *
 130:.\Generated_Source\PSoC4/LCD_SPIM_IntClock.c **** * Parameters:
 131:.\Generated_Source\PSoC4/LCD_SPIM_IntClock.c **** *  None
 132:.\Generated_Source\PSoC4/LCD_SPIM_IntClock.c **** *
 133:.\Generated_Source\PSoC4/LCD_SPIM_IntClock.c **** * Returns:
ARM GAS  C:\Users\kees\AppData\Local\Temp\ccDeNEhz.s 			page 6


 134:.\Generated_Source\PSoC4/LCD_SPIM_IntClock.c **** *  Fractional Divide value of the clock
 135:.\Generated_Source\PSoC4/LCD_SPIM_IntClock.c **** *  0 if the fractional divider is not in use.
 136:.\Generated_Source\PSoC4/LCD_SPIM_IntClock.c **** *
 137:.\Generated_Source\PSoC4/LCD_SPIM_IntClock.c **** *******************************************************************************/
 138:.\Generated_Source\PSoC4/LCD_SPIM_IntClock.c **** uint8 LCD_SPIM_IntClock_GetFractionalDividerRegister(void)
 139:.\Generated_Source\PSoC4/LCD_SPIM_IntClock.c **** {
 149              		.loc 1 139 0
 150              		.cfi_startproc
 140:.\Generated_Source\PSoC4/LCD_SPIM_IntClock.c **** #if defined (LCD_SPIM_IntClock__FRAC_MASK)
 141:.\Generated_Source\PSoC4/LCD_SPIM_IntClock.c ****     /* get fractional divider bits */
 142:.\Generated_Source\PSoC4/LCD_SPIM_IntClock.c ****     uint32 maskVal = LCD_SPIM_IntClock_DIV_REG & LCD_SPIM_IntClock__FRAC_MASK;
 143:.\Generated_Source\PSoC4/LCD_SPIM_IntClock.c ****     return (maskVal >> 16);
 144:.\Generated_Source\PSoC4/LCD_SPIM_IntClock.c **** #else
 145:.\Generated_Source\PSoC4/LCD_SPIM_IntClock.c ****     return 0u;
 146:.\Generated_Source\PSoC4/LCD_SPIM_IntClock.c **** #endif /* LCD_SPIM_IntClock__FRAC_MASK */
 147:.\Generated_Source\PSoC4/LCD_SPIM_IntClock.c **** }
 151              		.loc 1 147 0
 152 0000 0020     		mov	r0, #0
 153              		@ sp needed for prologue
 154 0002 7047     		bx	lr
 155              		.cfi_endproc
 156              	.LFE4:
 157              		.size	LCD_SPIM_IntClock_GetFractionalDividerRegister, .-LCD_SPIM_IntClock_GetFractionalDividerRegi
 158              		.text
 159              	.Letext0:
 160              		.section	.debug_loc,"",%progbits
 161              	.Ldebug_loc0:
 162              	.LLST3:
 163 0000 00000000 		.4byte	.LVL0
 164 0004 0A000000 		.4byte	.LVL2
 165 0008 0100     		.2byte	0x1
 166 000a 50       		.byte	0x50
 167 000b 00000000 		.4byte	0x0
 168 000f 00000000 		.4byte	0x0
 169              	.LLST4:
 170 0013 00000000 		.4byte	.LVL0
 171 0017 06000000 		.4byte	.LVL1
 172 001b 0100     		.2byte	0x1
 173 001d 51       		.byte	0x51
 174 001e 00000000 		.4byte	0x0
 175 0022 00000000 		.4byte	0x0
 176              		.file 2 "./Generated_Source/PSoC4/cytypes.h"
 177              		.section	.debug_info
 178 0000 44010000 		.4byte	0x144
 179 0004 0200     		.2byte	0x2
 180 0006 00000000 		.4byte	.Ldebug_abbrev0
 181 000a 04       		.byte	0x4
 182 000b 01       		.uleb128 0x1
 183 000c 58010000 		.4byte	.LASF21
 184 0010 01       		.byte	0x1
 185 0011 16000000 		.4byte	.LASF22
 186 0015 B1010000 		.4byte	.LASF23
 187 0019 00000000 		.4byte	0x0
 188 001d 00000000 		.4byte	0x0
 189 0021 00000000 		.4byte	.Ldebug_ranges0+0x0
 190 0025 00000000 		.4byte	.Ldebug_line0
 191 0029 02       		.uleb128 0x2
ARM GAS  C:\Users\kees\AppData\Local\Temp\ccDeNEhz.s 			page 7


 192 002a 01       		.byte	0x1
 193 002b 06       		.byte	0x6
 194 002c 0D020000 		.4byte	.LASF0
 195 0030 02       		.uleb128 0x2
 196 0031 01       		.byte	0x1
 197 0032 08       		.byte	0x8
 198 0033 6E000000 		.4byte	.LASF1
 199 0037 02       		.uleb128 0x2
 200 0038 02       		.byte	0x2
 201 0039 05       		.byte	0x5
 202 003a 98010000 		.4byte	.LASF2
 203 003e 02       		.uleb128 0x2
 204 003f 02       		.byte	0x2
 205 0040 07       		.byte	0x7
 206 0041 A6000000 		.4byte	.LASF3
 207 0045 02       		.uleb128 0x2
 208 0046 04       		.byte	0x4
 209 0047 05       		.byte	0x5
 210 0048 A8010000 		.4byte	.LASF4
 211 004c 02       		.uleb128 0x2
 212 004d 04       		.byte	0x4
 213 004e 07       		.byte	0x7
 214 004f 94000000 		.4byte	.LASF5
 215 0053 02       		.uleb128 0x2
 216 0054 08       		.byte	0x8
 217 0055 05       		.byte	0x5
 218 0056 00000000 		.4byte	.LASF6
 219 005a 02       		.uleb128 0x2
 220 005b 08       		.byte	0x8
 221 005c 07       		.byte	0x7
 222 005d FB000000 		.4byte	.LASF7
 223 0061 03       		.uleb128 0x3
 224 0062 04       		.byte	0x4
 225 0063 05       		.byte	0x5
 226 0064 696E7400 		.ascii	"int\000"
 227 0068 02       		.uleb128 0x2
 228 0069 04       		.byte	0x4
 229 006a 07       		.byte	0x7
 230 006b EE000000 		.4byte	.LASF8
 231 006f 04       		.uleb128 0x4
 232 0070 A2010000 		.4byte	.LASF9
 233 0074 02       		.byte	0x2
 234 0075 4C       		.byte	0x4c
 235 0076 30000000 		.4byte	0x30
 236 007a 04       		.uleb128 0x4
 237 007b E0000000 		.4byte	.LASF10
 238 007f 02       		.byte	0x2
 239 0080 4D       		.byte	0x4d
 240 0081 3E000000 		.4byte	0x3e
 241 0085 04       		.uleb128 0x4
 242 0086 E7000000 		.4byte	.LASF11
 243 008a 02       		.byte	0x2
 244 008b 4E       		.byte	0x4e
 245 008c 4C000000 		.4byte	0x4c
 246 0090 02       		.uleb128 0x2
 247 0091 04       		.byte	0x4
 248 0092 04       		.byte	0x4
ARM GAS  C:\Users\kees\AppData\Local\Temp\ccDeNEhz.s 			page 8


 249 0093 68000000 		.4byte	.LASF12
 250 0097 02       		.uleb128 0x2
 251 0098 08       		.byte	0x8
 252 0099 04       		.byte	0x4
 253 009a C4000000 		.4byte	.LASF13
 254 009e 02       		.uleb128 0x2
 255 009f 01       		.byte	0x1
 256 00a0 08       		.byte	0x8
 257 00a1 93010000 		.4byte	.LASF14
 258 00a5 05       		.uleb128 0x5
 259 00a6 01       		.byte	0x1
 260 00a7 7C000000 		.4byte	.LASF15
 261 00ab 01       		.byte	0x1
 262 00ac 25       		.byte	0x25
 263 00ad 01       		.byte	0x1
 264 00ae 00000000 		.4byte	.LFB0
 265 00b2 14000000 		.4byte	.LFE0
 266 00b6 01       		.byte	0x1
 267 00b7 5D       		.byte	0x5d
 268 00b8 05       		.uleb128 0x5
 269 00b9 01       		.byte	0x1
 270 00ba 41010000 		.4byte	.LASF16
 271 00be 01       		.byte	0x1
 272 00bf 3C       		.byte	0x3c
 273 00c0 01       		.byte	0x1
 274 00c1 00000000 		.4byte	.LFB1
 275 00c5 14000000 		.4byte	.LFE1
 276 00c9 01       		.byte	0x1
 277 00ca 5D       		.byte	0x5d
 278 00cb 06       		.uleb128 0x6
 279 00cc 01       		.byte	0x1
 280 00cd 12010000 		.4byte	.LASF24
 281 00d1 01       		.byte	0x1
 282 00d2 53       		.byte	0x53
 283 00d3 01       		.byte	0x1
 284 00d4 00000000 		.4byte	.LFB2
 285 00d8 18000000 		.4byte	.LFE2
 286 00dc 01       		.byte	0x1
 287 00dd 5D       		.byte	0x5d
 288 00de 19010000 		.4byte	0x119
 289 00e2 07       		.uleb128 0x7
 290 00e3 B9000000 		.4byte	.LASF17
 291 00e7 01       		.byte	0x1
 292 00e8 53       		.byte	0x53
 293 00e9 7A000000 		.4byte	0x7a
 294 00ed 00000000 		.4byte	.LLST3
 295 00f1 07       		.uleb128 0x7
 296 00f2 D2000000 		.4byte	.LASF18
 297 00f6 01       		.byte	0x1
 298 00f7 53       		.byte	0x53
 299 00f8 6F000000 		.4byte	0x6f
 300 00fc 13000000 		.4byte	.LLST4
 301 0100 08       		.uleb128 0x8
 302 0101 0E000000 		.4byte	.LASF25
 303 0105 01       		.byte	0x1
 304 0106 5D       		.byte	0x5d
 305 0107 85000000 		.4byte	0x85
ARM GAS  C:\Users\kees\AppData\Local\Temp\ccDeNEhz.s 			page 9


 306 010b 09       		.uleb128 0x9
 307 010c CB000000 		.4byte	.LASF26
 308 0110 01       		.byte	0x1
 309 0111 5F       		.byte	0x5f
 310 0112 85000000 		.4byte	0x85
 311 0116 01       		.byte	0x1
 312 0117 50       		.byte	0x50
 313 0118 00       		.byte	0x0
 314 0119 0A       		.uleb128 0xa
 315 011a 01       		.byte	0x1
 316 011b 43000000 		.4byte	.LASF19
 317 011f 01       		.byte	0x1
 318 0120 75       		.byte	0x75
 319 0121 01       		.byte	0x1
 320 0122 7A000000 		.4byte	0x7a
 321 0126 00000000 		.4byte	.LFB3
 322 012a 0C000000 		.4byte	.LFE3
 323 012e 01       		.byte	0x1
 324 012f 5D       		.byte	0x5d
 325 0130 0A       		.uleb128 0xa
 326 0131 01       		.byte	0x1
 327 0132 64010000 		.4byte	.LASF20
 328 0136 01       		.byte	0x1
 329 0137 8A       		.byte	0x8a
 330 0138 01       		.byte	0x1
 331 0139 6F000000 		.4byte	0x6f
 332 013d 00000000 		.4byte	.LFB4
 333 0141 04000000 		.4byte	.LFE4
 334 0145 01       		.byte	0x1
 335 0146 5D       		.byte	0x5d
 336 0147 00       		.byte	0x0
 337              		.section	.debug_abbrev
 338 0000 01       		.uleb128 0x1
 339 0001 11       		.uleb128 0x11
 340 0002 01       		.byte	0x1
 341 0003 25       		.uleb128 0x25
 342 0004 0E       		.uleb128 0xe
 343 0005 13       		.uleb128 0x13
 344 0006 0B       		.uleb128 0xb
 345 0007 03       		.uleb128 0x3
 346 0008 0E       		.uleb128 0xe
 347 0009 1B       		.uleb128 0x1b
 348 000a 0E       		.uleb128 0xe
 349 000b 11       		.uleb128 0x11
 350 000c 01       		.uleb128 0x1
 351 000d 52       		.uleb128 0x52
 352 000e 01       		.uleb128 0x1
 353 000f 55       		.uleb128 0x55
 354 0010 06       		.uleb128 0x6
 355 0011 10       		.uleb128 0x10
 356 0012 06       		.uleb128 0x6
 357 0013 00       		.byte	0x0
 358 0014 00       		.byte	0x0
 359 0015 02       		.uleb128 0x2
 360 0016 24       		.uleb128 0x24
 361 0017 00       		.byte	0x0
 362 0018 0B       		.uleb128 0xb
ARM GAS  C:\Users\kees\AppData\Local\Temp\ccDeNEhz.s 			page 10


 363 0019 0B       		.uleb128 0xb
 364 001a 3E       		.uleb128 0x3e
 365 001b 0B       		.uleb128 0xb
 366 001c 03       		.uleb128 0x3
 367 001d 0E       		.uleb128 0xe
 368 001e 00       		.byte	0x0
 369 001f 00       		.byte	0x0
 370 0020 03       		.uleb128 0x3
 371 0021 24       		.uleb128 0x24
 372 0022 00       		.byte	0x0
 373 0023 0B       		.uleb128 0xb
 374 0024 0B       		.uleb128 0xb
 375 0025 3E       		.uleb128 0x3e
 376 0026 0B       		.uleb128 0xb
 377 0027 03       		.uleb128 0x3
 378 0028 08       		.uleb128 0x8
 379 0029 00       		.byte	0x0
 380 002a 00       		.byte	0x0
 381 002b 04       		.uleb128 0x4
 382 002c 16       		.uleb128 0x16
 383 002d 00       		.byte	0x0
 384 002e 03       		.uleb128 0x3
 385 002f 0E       		.uleb128 0xe
 386 0030 3A       		.uleb128 0x3a
 387 0031 0B       		.uleb128 0xb
 388 0032 3B       		.uleb128 0x3b
 389 0033 0B       		.uleb128 0xb
 390 0034 49       		.uleb128 0x49
 391 0035 13       		.uleb128 0x13
 392 0036 00       		.byte	0x0
 393 0037 00       		.byte	0x0
 394 0038 05       		.uleb128 0x5
 395 0039 2E       		.uleb128 0x2e
 396 003a 00       		.byte	0x0
 397 003b 3F       		.uleb128 0x3f
 398 003c 0C       		.uleb128 0xc
 399 003d 03       		.uleb128 0x3
 400 003e 0E       		.uleb128 0xe
 401 003f 3A       		.uleb128 0x3a
 402 0040 0B       		.uleb128 0xb
 403 0041 3B       		.uleb128 0x3b
 404 0042 0B       		.uleb128 0xb
 405 0043 27       		.uleb128 0x27
 406 0044 0C       		.uleb128 0xc
 407 0045 11       		.uleb128 0x11
 408 0046 01       		.uleb128 0x1
 409 0047 12       		.uleb128 0x12
 410 0048 01       		.uleb128 0x1
 411 0049 40       		.uleb128 0x40
 412 004a 0A       		.uleb128 0xa
 413 004b 00       		.byte	0x0
 414 004c 00       		.byte	0x0
 415 004d 06       		.uleb128 0x6
 416 004e 2E       		.uleb128 0x2e
 417 004f 01       		.byte	0x1
 418 0050 3F       		.uleb128 0x3f
 419 0051 0C       		.uleb128 0xc
ARM GAS  C:\Users\kees\AppData\Local\Temp\ccDeNEhz.s 			page 11


 420 0052 03       		.uleb128 0x3
 421 0053 0E       		.uleb128 0xe
 422 0054 3A       		.uleb128 0x3a
 423 0055 0B       		.uleb128 0xb
 424 0056 3B       		.uleb128 0x3b
 425 0057 0B       		.uleb128 0xb
 426 0058 27       		.uleb128 0x27
 427 0059 0C       		.uleb128 0xc
 428 005a 11       		.uleb128 0x11
 429 005b 01       		.uleb128 0x1
 430 005c 12       		.uleb128 0x12
 431 005d 01       		.uleb128 0x1
 432 005e 40       		.uleb128 0x40
 433 005f 0A       		.uleb128 0xa
 434 0060 01       		.uleb128 0x1
 435 0061 13       		.uleb128 0x13
 436 0062 00       		.byte	0x0
 437 0063 00       		.byte	0x0
 438 0064 07       		.uleb128 0x7
 439 0065 05       		.uleb128 0x5
 440 0066 00       		.byte	0x0
 441 0067 03       		.uleb128 0x3
 442 0068 0E       		.uleb128 0xe
 443 0069 3A       		.uleb128 0x3a
 444 006a 0B       		.uleb128 0xb
 445 006b 3B       		.uleb128 0x3b
 446 006c 0B       		.uleb128 0xb
 447 006d 49       		.uleb128 0x49
 448 006e 13       		.uleb128 0x13
 449 006f 02       		.uleb128 0x2
 450 0070 06       		.uleb128 0x6
 451 0071 00       		.byte	0x0
 452 0072 00       		.byte	0x0
 453 0073 08       		.uleb128 0x8
 454 0074 34       		.uleb128 0x34
 455 0075 00       		.byte	0x0
 456 0076 03       		.uleb128 0x3
 457 0077 0E       		.uleb128 0xe
 458 0078 3A       		.uleb128 0x3a
 459 0079 0B       		.uleb128 0xb
 460 007a 3B       		.uleb128 0x3b
 461 007b 0B       		.uleb128 0xb
 462 007c 49       		.uleb128 0x49
 463 007d 13       		.uleb128 0x13
 464 007e 00       		.byte	0x0
 465 007f 00       		.byte	0x0
 466 0080 09       		.uleb128 0x9
 467 0081 34       		.uleb128 0x34
 468 0082 00       		.byte	0x0
 469 0083 03       		.uleb128 0x3
 470 0084 0E       		.uleb128 0xe
 471 0085 3A       		.uleb128 0x3a
 472 0086 0B       		.uleb128 0xb
 473 0087 3B       		.uleb128 0x3b
 474 0088 0B       		.uleb128 0xb
 475 0089 49       		.uleb128 0x49
 476 008a 13       		.uleb128 0x13
ARM GAS  C:\Users\kees\AppData\Local\Temp\ccDeNEhz.s 			page 12


 477 008b 02       		.uleb128 0x2
 478 008c 0A       		.uleb128 0xa
 479 008d 00       		.byte	0x0
 480 008e 00       		.byte	0x0
 481 008f 0A       		.uleb128 0xa
 482 0090 2E       		.uleb128 0x2e
 483 0091 00       		.byte	0x0
 484 0092 3F       		.uleb128 0x3f
 485 0093 0C       		.uleb128 0xc
 486 0094 03       		.uleb128 0x3
 487 0095 0E       		.uleb128 0xe
 488 0096 3A       		.uleb128 0x3a
 489 0097 0B       		.uleb128 0xb
 490 0098 3B       		.uleb128 0x3b
 491 0099 0B       		.uleb128 0xb
 492 009a 27       		.uleb128 0x27
 493 009b 0C       		.uleb128 0xc
 494 009c 49       		.uleb128 0x49
 495 009d 13       		.uleb128 0x13
 496 009e 11       		.uleb128 0x11
 497 009f 01       		.uleb128 0x1
 498 00a0 12       		.uleb128 0x12
 499 00a1 01       		.uleb128 0x1
 500 00a2 40       		.uleb128 0x40
 501 00a3 0A       		.uleb128 0xa
 502 00a4 00       		.byte	0x0
 503 00a5 00       		.byte	0x0
 504 00a6 00       		.byte	0x0
 505              		.section	.debug_pubnames,"",%progbits
 506 0000 D4000000 		.4byte	0xd4
 507 0004 0200     		.2byte	0x2
 508 0006 00000000 		.4byte	.Ldebug_info0
 509 000a 48010000 		.4byte	0x148
 510 000e A5000000 		.4byte	0xa5
 511 0012 4C43445F 		.ascii	"LCD_SPIM_IntClock_Start\000"
 511      5350494D 
 511      5F496E74 
 511      436C6F63 
 511      6B5F5374 
 512 002a B8000000 		.4byte	0xb8
 513 002e 4C43445F 		.ascii	"LCD_SPIM_IntClock_Stop\000"
 513      5350494D 
 513      5F496E74 
 513      436C6F63 
 513      6B5F5374 
 514 0045 CB000000 		.4byte	0xcb
 515 0049 4C43445F 		.ascii	"LCD_SPIM_IntClock_SetFractionalDividerRegister\000"
 515      5350494D 
 515      5F496E74 
 515      436C6F63 
 515      6B5F5365 
 516 0078 19010000 		.4byte	0x119
 517 007c 4C43445F 		.ascii	"LCD_SPIM_IntClock_GetDividerRegister\000"
 517      5350494D 
 517      5F496E74 
 517      436C6F63 
 517      6B5F4765 
ARM GAS  C:\Users\kees\AppData\Local\Temp\ccDeNEhz.s 			page 13


 518 00a1 30010000 		.4byte	0x130
 519 00a5 4C43445F 		.ascii	"LCD_SPIM_IntClock_GetFractionalDividerRegister\000"
 519      5350494D 
 519      5F496E74 
 519      436C6F63 
 519      6B5F4765 
 520 00d4 00000000 		.4byte	0x0
 521              		.section	.debug_aranges,"",%progbits
 522 0000 3C000000 		.4byte	0x3c
 523 0004 0200     		.2byte	0x2
 524 0006 00000000 		.4byte	.Ldebug_info0
 525 000a 04       		.byte	0x4
 526 000b 00       		.byte	0x0
 527 000c 0000     		.2byte	0x0
 528 000e 0000     		.2byte	0x0
 529 0010 00000000 		.4byte	.LFB0
 530 0014 14000000 		.4byte	.LFE0-.LFB0
 531 0018 00000000 		.4byte	.LFB1
 532 001c 14000000 		.4byte	.LFE1-.LFB1
 533 0020 00000000 		.4byte	.LFB2
 534 0024 18000000 		.4byte	.LFE2-.LFB2
 535 0028 00000000 		.4byte	.LFB3
 536 002c 0C000000 		.4byte	.LFE3-.LFB3
 537 0030 00000000 		.4byte	.LFB4
 538 0034 04000000 		.4byte	.LFE4-.LFB4
 539 0038 00000000 		.4byte	0x0
 540 003c 00000000 		.4byte	0x0
 541              		.section	.debug_ranges,"",%progbits
 542              	.Ldebug_ranges0:
 543 0000 00000000 		.4byte	.Ltext0
 544 0004 00000000 		.4byte	.Letext0
 545 0008 00000000 		.4byte	.LFB0
 546 000c 14000000 		.4byte	.LFE0
 547 0010 00000000 		.4byte	.LFB1
 548 0014 14000000 		.4byte	.LFE1
 549 0018 00000000 		.4byte	.LFB2
 550 001c 18000000 		.4byte	.LFE2
 551 0020 00000000 		.4byte	.LFB3
 552 0024 0C000000 		.4byte	.LFE3
 553 0028 00000000 		.4byte	.LFB4
 554 002c 04000000 		.4byte	.LFE4
 555 0030 00000000 		.4byte	0x0
 556 0034 00000000 		.4byte	0x0
 557              		.section	.debug_str,"MS",%progbits,1
 558              	.LASF6:
 559 0000 6C6F6E67 		.ascii	"long long int\000"
 559      206C6F6E 
 559      6720696E 
 559      7400
 560              	.LASF25:
 561 000e 6D61736B 		.ascii	"maskVal\000"
 561      56616C00 
 562              	.LASF22:
 563 0016 2E5C4765 		.ascii	".\\Generated_Source\\PSoC4\\LCD_SPIM_IntClock.c\000"
 563      6E657261 
 563      7465645F 
 563      536F7572 
ARM GAS  C:\Users\kees\AppData\Local\Temp\ccDeNEhz.s 			page 14


 563      63655C50 
 564              	.LASF19:
 565 0043 4C43445F 		.ascii	"LCD_SPIM_IntClock_GetDividerRegister\000"
 565      5350494D 
 565      5F496E74 
 565      436C6F63 
 565      6B5F4765 
 566              	.LASF12:
 567 0068 666C6F61 		.ascii	"float\000"
 567      7400
 568              	.LASF1:
 569 006e 756E7369 		.ascii	"unsigned char\000"
 569      676E6564 
 569      20636861 
 569      7200
 570              	.LASF15:
 571 007c 4C43445F 		.ascii	"LCD_SPIM_IntClock_Start\000"
 571      5350494D 
 571      5F496E74 
 571      436C6F63 
 571      6B5F5374 
 572              	.LASF5:
 573 0094 6C6F6E67 		.ascii	"long unsigned int\000"
 573      20756E73 
 573      69676E65 
 573      6420696E 
 573      7400
 574              	.LASF3:
 575 00a6 73686F72 		.ascii	"short unsigned int\000"
 575      7420756E 
 575      7369676E 
 575      65642069 
 575      6E7400
 576              	.LASF17:
 577 00b9 636C6B44 		.ascii	"clkDivider\000"
 577      69766964 
 577      657200
 578              	.LASF13:
 579 00c4 646F7562 		.ascii	"double\000"
 579      6C6500
 580              	.LASF26:
 581 00cb 72656756 		.ascii	"regVal\000"
 581      616C00
 582              	.LASF18:
 583 00d2 636C6B46 		.ascii	"clkFractional\000"
 583      72616374 
 583      696F6E61 
 583      6C00
 584              	.LASF10:
 585 00e0 75696E74 		.ascii	"uint16\000"
 585      313600
 586              	.LASF11:
 587 00e7 75696E74 		.ascii	"uint32\000"
 587      333200
 588              	.LASF8:
 589 00ee 756E7369 		.ascii	"unsigned int\000"
 589      676E6564 
ARM GAS  C:\Users\kees\AppData\Local\Temp\ccDeNEhz.s 			page 15


 589      20696E74 
 589      00
 590              	.LASF7:
 591 00fb 6C6F6E67 		.ascii	"long long unsigned int\000"
 591      206C6F6E 
 591      6720756E 
 591      7369676E 
 591      65642069 
 592              	.LASF24:
 593 0112 4C43445F 		.ascii	"LCD_SPIM_IntClock_SetFractionalDividerRegister\000"
 593      5350494D 
 593      5F496E74 
 593      436C6F63 
 593      6B5F5365 
 594              	.LASF16:
 595 0141 4C43445F 		.ascii	"LCD_SPIM_IntClock_Stop\000"
 595      5350494D 
 595      5F496E74 
 595      436C6F63 
 595      6B5F5374 
 596              	.LASF21:
 597 0158 474E5520 		.ascii	"GNU C 4.4.1\000"
 597      4320342E 
 597      342E3100 
 598              	.LASF20:
 599 0164 4C43445F 		.ascii	"LCD_SPIM_IntClock_GetFractionalDividerRegister\000"
 599      5350494D 
 599      5F496E74 
 599      436C6F63 
 599      6B5F4765 
 600              	.LASF14:
 601 0193 63686172 		.ascii	"char\000"
 601      00
 602              	.LASF2:
 603 0198 73686F72 		.ascii	"short int\000"
 603      7420696E 
 603      7400
 604              	.LASF9:
 605 01a2 75696E74 		.ascii	"uint8\000"
 605      3800
 606              	.LASF4:
 607 01a8 6C6F6E67 		.ascii	"long int\000"
 607      20696E74 
 607      00
 608              	.LASF23:
 609 01b1 433A5C55 		.ascii	"C:\\Users\\kees\\Documents\\test_projects\\My fun s"
 609      73657273 
 609      5C6B6565 
 609      735C446F 
 609      63756D65 
 610 01df 74756666 		.ascii	"tuff\\3d_cube\\3d_cube.Bundle01\\Design137.cydsn\000"
 610      5C33645F 
 610      63756265 
 610      5C33645F 
 610      63756265 
 611              	.LASF0:
 612 020d 7369676E 		.ascii	"signed char\000"
ARM GAS  C:\Users\kees\AppData\Local\Temp\ccDeNEhz.s 			page 16


 612      65642063 
 612      68617200 
 613              		.ident	"GCC: (Sourcery G++ Lite 2010q1-188) 4.4.1"
