ARM GAS  C:\Users\kees\AppData\Local\Temp\ccjXjOyJ.s 			page 1


   1              		.cpu cortex-m0
   2              		.fpu softvfp
   3              		.eabi_attribute 20, 1
   4              		.eabi_attribute 21, 1
   5              		.eabi_attribute 23, 3
   6              		.eabi_attribute 24, 1
   7              		.eabi_attribute 25, 1
   8              		.eabi_attribute 26, 1
   9              		.eabi_attribute 30, 4
  10              		.eabi_attribute 18, 4
  11              		.code	16
  12              		.file	"LCD_SPIM_UDB_PM.c"
  13              		.section	.debug_abbrev,"",%progbits
  14              	.Ldebug_abbrev0:
  15              		.section	.debug_info,"",%progbits
  16              	.Ldebug_info0:
  17              		.section	.debug_line,"",%progbits
  18              	.Ldebug_line0:
  19 0000 CC000000 		.text
  19      02007A00 
  19      00000201 
  19      FB0E0D00 
  19      01010101 
  20              	.Ltext0:
  21              		.cfi_sections	.debug_frame
  22              		.section	.text.LCD_SPIM_UDB_SaveConfig,"ax",%progbits
  23              		.align	1
  24              		.global	LCD_SPIM_UDB_SaveConfig
  25              		.code	16
  26              		.thumb_func
  27              		.type	LCD_SPIM_UDB_SaveConfig, %function
  28              	LCD_SPIM_UDB_SaveConfig:
  29              	.LFB0:
  30              		.file 1 ".\\Generated_Source\\PSoC4\\LCD_SPIM_UDB_PM.c"
   1:.\Generated_Source\PSoC4/LCD_SPIM_UDB_PM.c **** /*******************************************************************************
   2:.\Generated_Source\PSoC4/LCD_SPIM_UDB_PM.c **** * File Name: LCD_SPIM_UDB_PM.c
   3:.\Generated_Source\PSoC4/LCD_SPIM_UDB_PM.c **** * Version 2.40
   4:.\Generated_Source\PSoC4/LCD_SPIM_UDB_PM.c **** *
   5:.\Generated_Source\PSoC4/LCD_SPIM_UDB_PM.c **** * Description:
   6:.\Generated_Source\PSoC4/LCD_SPIM_UDB_PM.c **** *  This file contains the setup, control and status commands to support
   7:.\Generated_Source\PSoC4/LCD_SPIM_UDB_PM.c **** *  component operations in low power mode.
   8:.\Generated_Source\PSoC4/LCD_SPIM_UDB_PM.c **** *
   9:.\Generated_Source\PSoC4/LCD_SPIM_UDB_PM.c **** * Note:
  10:.\Generated_Source\PSoC4/LCD_SPIM_UDB_PM.c **** *
  11:.\Generated_Source\PSoC4/LCD_SPIM_UDB_PM.c **** ********************************************************************************
  12:.\Generated_Source\PSoC4/LCD_SPIM_UDB_PM.c **** * Copyright 2008-2012, Cypress Semiconductor Corporation.  All rights reserved.
  13:.\Generated_Source\PSoC4/LCD_SPIM_UDB_PM.c **** * You may use this file only in accordance with the license, terms, conditions,
  14:.\Generated_Source\PSoC4/LCD_SPIM_UDB_PM.c **** * disclaimers, and limitations in the end user license agreement accompanying
  15:.\Generated_Source\PSoC4/LCD_SPIM_UDB_PM.c **** * the software package with which this file was provided.
  16:.\Generated_Source\PSoC4/LCD_SPIM_UDB_PM.c **** *******************************************************************************/
  17:.\Generated_Source\PSoC4/LCD_SPIM_UDB_PM.c **** 
  18:.\Generated_Source\PSoC4/LCD_SPIM_UDB_PM.c **** #include "LCD_SPIM_UDB_PVT.h"
  19:.\Generated_Source\PSoC4/LCD_SPIM_UDB_PM.c **** 
  20:.\Generated_Source\PSoC4/LCD_SPIM_UDB_PM.c **** static LCD_SPIM_UDB_BACKUP_STRUCT LCD_SPIM_UDB_backup =
  21:.\Generated_Source\PSoC4/LCD_SPIM_UDB_PM.c **** {
  22:.\Generated_Source\PSoC4/LCD_SPIM_UDB_PM.c ****     LCD_SPIM_UDB_DISABLED,
  23:.\Generated_Source\PSoC4/LCD_SPIM_UDB_PM.c ****     LCD_SPIM_UDB_BITCTR_INIT,
ARM GAS  C:\Users\kees\AppData\Local\Temp\ccjXjOyJ.s 			page 2


  24:.\Generated_Source\PSoC4/LCD_SPIM_UDB_PM.c ****     #if(CY_UDB_V0)
  25:.\Generated_Source\PSoC4/LCD_SPIM_UDB_PM.c ****         LCD_SPIM_UDB_TX_INIT_INTERRUPTS_MASK,
  26:.\Generated_Source\PSoC4/LCD_SPIM_UDB_PM.c ****         LCD_SPIM_UDB_RX_INIT_INTERRUPTS_MASK
  27:.\Generated_Source\PSoC4/LCD_SPIM_UDB_PM.c ****     #endif /* CY_UDB_V0 */
  28:.\Generated_Source\PSoC4/LCD_SPIM_UDB_PM.c **** };
  29:.\Generated_Source\PSoC4/LCD_SPIM_UDB_PM.c **** 
  30:.\Generated_Source\PSoC4/LCD_SPIM_UDB_PM.c **** 
  31:.\Generated_Source\PSoC4/LCD_SPIM_UDB_PM.c **** /*******************************************************************************
  32:.\Generated_Source\PSoC4/LCD_SPIM_UDB_PM.c **** * Function Name: LCD_SPIM_UDB_SaveConfig
  33:.\Generated_Source\PSoC4/LCD_SPIM_UDB_PM.c **** ********************************************************************************
  34:.\Generated_Source\PSoC4/LCD_SPIM_UDB_PM.c **** *
  35:.\Generated_Source\PSoC4/LCD_SPIM_UDB_PM.c **** * Summary:
  36:.\Generated_Source\PSoC4/LCD_SPIM_UDB_PM.c **** *  Saves SPIM configuration.
  37:.\Generated_Source\PSoC4/LCD_SPIM_UDB_PM.c **** *
  38:.\Generated_Source\PSoC4/LCD_SPIM_UDB_PM.c **** * Parameters:
  39:.\Generated_Source\PSoC4/LCD_SPIM_UDB_PM.c **** *  None.
  40:.\Generated_Source\PSoC4/LCD_SPIM_UDB_PM.c **** *
  41:.\Generated_Source\PSoC4/LCD_SPIM_UDB_PM.c **** * Return:
  42:.\Generated_Source\PSoC4/LCD_SPIM_UDB_PM.c **** *  None.
  43:.\Generated_Source\PSoC4/LCD_SPIM_UDB_PM.c **** *
  44:.\Generated_Source\PSoC4/LCD_SPIM_UDB_PM.c **** * Global Variables:
  45:.\Generated_Source\PSoC4/LCD_SPIM_UDB_PM.c **** *  LCD_SPIM_UDB_backup - modified when non-retention registers are saved.
  46:.\Generated_Source\PSoC4/LCD_SPIM_UDB_PM.c **** *
  47:.\Generated_Source\PSoC4/LCD_SPIM_UDB_PM.c **** * Reentrant:
  48:.\Generated_Source\PSoC4/LCD_SPIM_UDB_PM.c **** *  No.
  49:.\Generated_Source\PSoC4/LCD_SPIM_UDB_PM.c **** *
  50:.\Generated_Source\PSoC4/LCD_SPIM_UDB_PM.c **** *******************************************************************************/
  51:.\Generated_Source\PSoC4/LCD_SPIM_UDB_PM.c **** void LCD_SPIM_UDB_SaveConfig(void) 
  52:.\Generated_Source\PSoC4/LCD_SPIM_UDB_PM.c **** {
  31              		.loc 1 52 0
  32              		.cfi_startproc
  53:.\Generated_Source\PSoC4/LCD_SPIM_UDB_PM.c ****     /* Store Status Mask registers */
  54:.\Generated_Source\PSoC4/LCD_SPIM_UDB_PM.c ****     #if(CY_UDB_V0)
  55:.\Generated_Source\PSoC4/LCD_SPIM_UDB_PM.c ****        LCD_SPIM_UDB_backup.cntrPeriod      = LCD_SPIM_UDB_COUNTER_PERIOD_REG;
  56:.\Generated_Source\PSoC4/LCD_SPIM_UDB_PM.c ****        LCD_SPIM_UDB_backup.saveSrTxIntMask = LCD_SPIM_UDB_TX_STATUS_MASK_REG;
  57:.\Generated_Source\PSoC4/LCD_SPIM_UDB_PM.c ****        LCD_SPIM_UDB_backup.saveSrRxIntMask = LCD_SPIM_UDB_RX_STATUS_MASK_REG;
  58:.\Generated_Source\PSoC4/LCD_SPIM_UDB_PM.c ****     #endif /* (CY_UDB_V0) */
  59:.\Generated_Source\PSoC4/LCD_SPIM_UDB_PM.c **** }
  33              		.loc 1 59 0
  34              		@ sp needed for prologue
  35 0000 7047     		bx	lr
  36              		.cfi_endproc
  37              	.LFE0:
  38              		.size	LCD_SPIM_UDB_SaveConfig, .-LCD_SPIM_UDB_SaveConfig
  39              		.section	.text.LCD_SPIM_UDB_RestoreConfig,"ax",%progbits
  40              		.align	1
  41              		.global	LCD_SPIM_UDB_RestoreConfig
  42              		.code	16
  43              		.thumb_func
  44              		.type	LCD_SPIM_UDB_RestoreConfig, %function
  45              	LCD_SPIM_UDB_RestoreConfig:
  46              	.LFB1:
  60:.\Generated_Source\PSoC4/LCD_SPIM_UDB_PM.c **** 
  61:.\Generated_Source\PSoC4/LCD_SPIM_UDB_PM.c **** 
  62:.\Generated_Source\PSoC4/LCD_SPIM_UDB_PM.c **** /*******************************************************************************
  63:.\Generated_Source\PSoC4/LCD_SPIM_UDB_PM.c **** * Function Name: LCD_SPIM_UDB_RestoreConfig
  64:.\Generated_Source\PSoC4/LCD_SPIM_UDB_PM.c **** ********************************************************************************
ARM GAS  C:\Users\kees\AppData\Local\Temp\ccjXjOyJ.s 			page 3


  65:.\Generated_Source\PSoC4/LCD_SPIM_UDB_PM.c **** *
  66:.\Generated_Source\PSoC4/LCD_SPIM_UDB_PM.c **** * Summary:
  67:.\Generated_Source\PSoC4/LCD_SPIM_UDB_PM.c **** *  Restores SPIM configuration.
  68:.\Generated_Source\PSoC4/LCD_SPIM_UDB_PM.c **** *
  69:.\Generated_Source\PSoC4/LCD_SPIM_UDB_PM.c **** * Parameters:
  70:.\Generated_Source\PSoC4/LCD_SPIM_UDB_PM.c **** *  None.
  71:.\Generated_Source\PSoC4/LCD_SPIM_UDB_PM.c **** *
  72:.\Generated_Source\PSoC4/LCD_SPIM_UDB_PM.c **** * Return:
  73:.\Generated_Source\PSoC4/LCD_SPIM_UDB_PM.c **** *  None.
  74:.\Generated_Source\PSoC4/LCD_SPIM_UDB_PM.c **** *
  75:.\Generated_Source\PSoC4/LCD_SPIM_UDB_PM.c **** * Global Variables:
  76:.\Generated_Source\PSoC4/LCD_SPIM_UDB_PM.c **** *  LCD_SPIM_UDB_backup - used when non-retention registers are restored.
  77:.\Generated_Source\PSoC4/LCD_SPIM_UDB_PM.c **** *
  78:.\Generated_Source\PSoC4/LCD_SPIM_UDB_PM.c **** * Side Effects:
  79:.\Generated_Source\PSoC4/LCD_SPIM_UDB_PM.c **** *  If this API is called without first calling SaveConfig then in the following
  80:.\Generated_Source\PSoC4/LCD_SPIM_UDB_PM.c **** *  registers will be default values from Customizer:
  81:.\Generated_Source\PSoC4/LCD_SPIM_UDB_PM.c **** *  LCD_SPIM_UDB_STATUS_MASK_REG and LCD_SPIM_UDB_COUNTER_PERIOD_REG.
  82:.\Generated_Source\PSoC4/LCD_SPIM_UDB_PM.c **** *
  83:.\Generated_Source\PSoC4/LCD_SPIM_UDB_PM.c **** *******************************************************************************/
  84:.\Generated_Source\PSoC4/LCD_SPIM_UDB_PM.c **** void LCD_SPIM_UDB_RestoreConfig(void) 
  85:.\Generated_Source\PSoC4/LCD_SPIM_UDB_PM.c **** {
  47              		.loc 1 85 0
  48              		.cfi_startproc
  86:.\Generated_Source\PSoC4/LCD_SPIM_UDB_PM.c ****     /* Restore the data, saved by SaveConfig() function */
  87:.\Generated_Source\PSoC4/LCD_SPIM_UDB_PM.c ****     #if(CY_UDB_V0)
  88:.\Generated_Source\PSoC4/LCD_SPIM_UDB_PM.c ****         LCD_SPIM_UDB_COUNTER_PERIOD_REG = LCD_SPIM_UDB_backup.cntrPeriod;
  89:.\Generated_Source\PSoC4/LCD_SPIM_UDB_PM.c ****         LCD_SPIM_UDB_TX_STATUS_MASK_REG = ((uint8) LCD_SPIM_UDB_backup.saveSrTxIntMask);
  90:.\Generated_Source\PSoC4/LCD_SPIM_UDB_PM.c ****         LCD_SPIM_UDB_RX_STATUS_MASK_REG = ((uint8) LCD_SPIM_UDB_backup.saveSrRxIntMask);
  91:.\Generated_Source\PSoC4/LCD_SPIM_UDB_PM.c ****     #endif /* (CY_UDB_V0) */
  92:.\Generated_Source\PSoC4/LCD_SPIM_UDB_PM.c **** }
  49              		.loc 1 92 0
  50              		@ sp needed for prologue
  51 0000 7047     		bx	lr
  52              		.cfi_endproc
  53              	.LFE1:
  54              		.size	LCD_SPIM_UDB_RestoreConfig, .-LCD_SPIM_UDB_RestoreConfig
  55              		.section	.text.LCD_SPIM_UDB_Wakeup,"ax",%progbits
  56              		.align	1
  57              		.global	LCD_SPIM_UDB_Wakeup
  58              		.code	16
  59              		.thumb_func
  60              		.type	LCD_SPIM_UDB_Wakeup, %function
  61              	LCD_SPIM_UDB_Wakeup:
  62              	.LFB3:
  93:.\Generated_Source\PSoC4/LCD_SPIM_UDB_PM.c **** 
  94:.\Generated_Source\PSoC4/LCD_SPIM_UDB_PM.c **** 
  95:.\Generated_Source\PSoC4/LCD_SPIM_UDB_PM.c **** /*******************************************************************************
  96:.\Generated_Source\PSoC4/LCD_SPIM_UDB_PM.c **** * Function Name: LCD_SPIM_UDB_Sleep
  97:.\Generated_Source\PSoC4/LCD_SPIM_UDB_PM.c **** ********************************************************************************
  98:.\Generated_Source\PSoC4/LCD_SPIM_UDB_PM.c **** *
  99:.\Generated_Source\PSoC4/LCD_SPIM_UDB_PM.c **** * Summary:
 100:.\Generated_Source\PSoC4/LCD_SPIM_UDB_PM.c **** *  Prepare SPIM Component goes to sleep.
 101:.\Generated_Source\PSoC4/LCD_SPIM_UDB_PM.c **** *
 102:.\Generated_Source\PSoC4/LCD_SPIM_UDB_PM.c **** * Parameters:
 103:.\Generated_Source\PSoC4/LCD_SPIM_UDB_PM.c **** *  None.
 104:.\Generated_Source\PSoC4/LCD_SPIM_UDB_PM.c **** *
 105:.\Generated_Source\PSoC4/LCD_SPIM_UDB_PM.c **** * Return:
ARM GAS  C:\Users\kees\AppData\Local\Temp\ccjXjOyJ.s 			page 4


 106:.\Generated_Source\PSoC4/LCD_SPIM_UDB_PM.c **** *  None.
 107:.\Generated_Source\PSoC4/LCD_SPIM_UDB_PM.c **** *
 108:.\Generated_Source\PSoC4/LCD_SPIM_UDB_PM.c **** * Global Variables:
 109:.\Generated_Source\PSoC4/LCD_SPIM_UDB_PM.c **** *  LCD_SPIM_UDB_backup - modified when non-retention registers are saved.
 110:.\Generated_Source\PSoC4/LCD_SPIM_UDB_PM.c **** *
 111:.\Generated_Source\PSoC4/LCD_SPIM_UDB_PM.c **** * Reentrant:
 112:.\Generated_Source\PSoC4/LCD_SPIM_UDB_PM.c **** *  No.
 113:.\Generated_Source\PSoC4/LCD_SPIM_UDB_PM.c **** *
 114:.\Generated_Source\PSoC4/LCD_SPIM_UDB_PM.c **** *******************************************************************************/
 115:.\Generated_Source\PSoC4/LCD_SPIM_UDB_PM.c **** void LCD_SPIM_UDB_Sleep(void) 
 116:.\Generated_Source\PSoC4/LCD_SPIM_UDB_PM.c **** {
 117:.\Generated_Source\PSoC4/LCD_SPIM_UDB_PM.c ****     /* Save components enable state */
 118:.\Generated_Source\PSoC4/LCD_SPIM_UDB_PM.c ****     LCD_SPIM_UDB_backup.enableState = ((uint8) LCD_SPIM_UDB_IS_ENABLED);
 119:.\Generated_Source\PSoC4/LCD_SPIM_UDB_PM.c **** 
 120:.\Generated_Source\PSoC4/LCD_SPIM_UDB_PM.c ****     LCD_SPIM_UDB_Stop();
 121:.\Generated_Source\PSoC4/LCD_SPIM_UDB_PM.c ****     LCD_SPIM_UDB_SaveConfig();
 122:.\Generated_Source\PSoC4/LCD_SPIM_UDB_PM.c **** }
 123:.\Generated_Source\PSoC4/LCD_SPIM_UDB_PM.c **** 
 124:.\Generated_Source\PSoC4/LCD_SPIM_UDB_PM.c **** 
 125:.\Generated_Source\PSoC4/LCD_SPIM_UDB_PM.c **** /*******************************************************************************
 126:.\Generated_Source\PSoC4/LCD_SPIM_UDB_PM.c **** * Function Name: LCD_SPIM_UDB_Wakeup
 127:.\Generated_Source\PSoC4/LCD_SPIM_UDB_PM.c **** ********************************************************************************
 128:.\Generated_Source\PSoC4/LCD_SPIM_UDB_PM.c **** *
 129:.\Generated_Source\PSoC4/LCD_SPIM_UDB_PM.c **** * Summary:
 130:.\Generated_Source\PSoC4/LCD_SPIM_UDB_PM.c **** *  Prepare SPIM Component to wake up.
 131:.\Generated_Source\PSoC4/LCD_SPIM_UDB_PM.c **** *
 132:.\Generated_Source\PSoC4/LCD_SPIM_UDB_PM.c **** * Parameters:
 133:.\Generated_Source\PSoC4/LCD_SPIM_UDB_PM.c **** *  None.
 134:.\Generated_Source\PSoC4/LCD_SPIM_UDB_PM.c **** *
 135:.\Generated_Source\PSoC4/LCD_SPIM_UDB_PM.c **** * Return:
 136:.\Generated_Source\PSoC4/LCD_SPIM_UDB_PM.c **** *  None.
 137:.\Generated_Source\PSoC4/LCD_SPIM_UDB_PM.c **** *
 138:.\Generated_Source\PSoC4/LCD_SPIM_UDB_PM.c **** * Global Variables:
 139:.\Generated_Source\PSoC4/LCD_SPIM_UDB_PM.c **** *  LCD_SPIM_UDB_backup - used when non-retention registers are restored.
 140:.\Generated_Source\PSoC4/LCD_SPIM_UDB_PM.c **** *  LCD_SPIM_UDB_txBufferWrite - modified every function call - resets to
 141:.\Generated_Source\PSoC4/LCD_SPIM_UDB_PM.c **** *  zero.
 142:.\Generated_Source\PSoC4/LCD_SPIM_UDB_PM.c **** *  LCD_SPIM_UDB_txBufferRead - modified every function call - resets to
 143:.\Generated_Source\PSoC4/LCD_SPIM_UDB_PM.c **** *  zero.
 144:.\Generated_Source\PSoC4/LCD_SPIM_UDB_PM.c **** *  LCD_SPIM_UDB_rxBufferWrite - modified every function call - resets to
 145:.\Generated_Source\PSoC4/LCD_SPIM_UDB_PM.c **** *  zero.
 146:.\Generated_Source\PSoC4/LCD_SPIM_UDB_PM.c **** *  LCD_SPIM_UDB_rxBufferRead - modified every function call - resets to
 147:.\Generated_Source\PSoC4/LCD_SPIM_UDB_PM.c **** *  zero.
 148:.\Generated_Source\PSoC4/LCD_SPIM_UDB_PM.c **** *
 149:.\Generated_Source\PSoC4/LCD_SPIM_UDB_PM.c **** * Reentrant:
 150:.\Generated_Source\PSoC4/LCD_SPIM_UDB_PM.c **** *  No.
 151:.\Generated_Source\PSoC4/LCD_SPIM_UDB_PM.c **** *
 152:.\Generated_Source\PSoC4/LCD_SPIM_UDB_PM.c **** *******************************************************************************/
 153:.\Generated_Source\PSoC4/LCD_SPIM_UDB_PM.c **** void LCD_SPIM_UDB_Wakeup(void) 
 154:.\Generated_Source\PSoC4/LCD_SPIM_UDB_PM.c **** {
  63              		.loc 1 154 0
  64              		.cfi_startproc
  65 0000 08B5     		push	{r3, lr}
  66              	.LCFI0:
  67              		.cfi_def_cfa_offset 8
  68              		.cfi_offset 3, -8
  69              		.cfi_offset 14, -4
 155:.\Generated_Source\PSoC4/LCD_SPIM_UDB_PM.c ****     LCD_SPIM_UDB_RestoreConfig();
ARM GAS  C:\Users\kees\AppData\Local\Temp\ccjXjOyJ.s 			page 5


 156:.\Generated_Source\PSoC4/LCD_SPIM_UDB_PM.c **** 
 157:.\Generated_Source\PSoC4/LCD_SPIM_UDB_PM.c ****     #if(LCD_SPIM_UDB_RX_SOFTWARE_BUF_ENABLED)
 158:.\Generated_Source\PSoC4/LCD_SPIM_UDB_PM.c ****         LCD_SPIM_UDB_rxBufferFull  = 0u;
 159:.\Generated_Source\PSoC4/LCD_SPIM_UDB_PM.c ****         LCD_SPIM_UDB_rxBufferRead  = 0u;
 160:.\Generated_Source\PSoC4/LCD_SPIM_UDB_PM.c ****         LCD_SPIM_UDB_rxBufferWrite = 0u;
 161:.\Generated_Source\PSoC4/LCD_SPIM_UDB_PM.c ****     #endif /* (LCD_SPIM_UDB_RX_SOFTWARE_BUF_ENABLED) */
 162:.\Generated_Source\PSoC4/LCD_SPIM_UDB_PM.c **** 
 163:.\Generated_Source\PSoC4/LCD_SPIM_UDB_PM.c ****     #if(LCD_SPIM_UDB_TX_SOFTWARE_BUF_ENABLED)
 164:.\Generated_Source\PSoC4/LCD_SPIM_UDB_PM.c ****         LCD_SPIM_UDB_txBufferFull  = 0u;
 165:.\Generated_Source\PSoC4/LCD_SPIM_UDB_PM.c ****         LCD_SPIM_UDB_txBufferRead  = 0u;
 166:.\Generated_Source\PSoC4/LCD_SPIM_UDB_PM.c ****         LCD_SPIM_UDB_txBufferWrite = 0u;
 167:.\Generated_Source\PSoC4/LCD_SPIM_UDB_PM.c ****     #endif /* (LCD_SPIM_UDB_TX_SOFTWARE_BUF_ENABLED) */
 168:.\Generated_Source\PSoC4/LCD_SPIM_UDB_PM.c **** 
 169:.\Generated_Source\PSoC4/LCD_SPIM_UDB_PM.c ****     /* Clear any data from the RX and TX FIFO */
 170:.\Generated_Source\PSoC4/LCD_SPIM_UDB_PM.c ****     LCD_SPIM_UDB_ClearFIFO();
  70              		.loc 1 170 0
  71 0002 FFF7FEFF 		bl	LCD_SPIM_UDB_ClearFIFO
 171:.\Generated_Source\PSoC4/LCD_SPIM_UDB_PM.c **** 
 172:.\Generated_Source\PSoC4/LCD_SPIM_UDB_PM.c ****     /* Restore components block enable state */
 173:.\Generated_Source\PSoC4/LCD_SPIM_UDB_PM.c ****     if(0u != LCD_SPIM_UDB_backup.enableState)
  72              		.loc 1 173 0
  73 0006 034B     		ldr	r3, .L9
  74 0008 1B78     		ldrb	r3, [r3]
  75 000a 002B     		cmp	r3, #0
  76 000c 01D0     		beq	.L7
 174:.\Generated_Source\PSoC4/LCD_SPIM_UDB_PM.c ****     {
 175:.\Generated_Source\PSoC4/LCD_SPIM_UDB_PM.c ****         LCD_SPIM_UDB_Enable();
  77              		.loc 1 175 0
  78 000e FFF7FEFF 		bl	LCD_SPIM_UDB_Enable
  79              	.L7:
 176:.\Generated_Source\PSoC4/LCD_SPIM_UDB_PM.c ****     }
 177:.\Generated_Source\PSoC4/LCD_SPIM_UDB_PM.c **** }
  80              		.loc 1 177 0
  81              		@ sp needed for prologue
  82 0012 08BD     		pop	{r3, pc}
  83              	.L10:
  84              		.align	2
  85              	.L9:
  86 0014 00000000 		.word	.LANCHOR0
  87              		.cfi_endproc
  88              	.LFE3:
  89              		.size	LCD_SPIM_UDB_Wakeup, .-LCD_SPIM_UDB_Wakeup
  90              		.section	.text.LCD_SPIM_UDB_Sleep,"ax",%progbits
  91              		.align	1
  92              		.global	LCD_SPIM_UDB_Sleep
  93              		.code	16
  94              		.thumb_func
  95              		.type	LCD_SPIM_UDB_Sleep, %function
  96              	LCD_SPIM_UDB_Sleep:
  97              	.LFB2:
  98              		.loc 1 116 0
  99              		.cfi_startproc
 100 0000 08B5     		push	{r3, lr}
 101              	.LCFI1:
 102              		.cfi_def_cfa_offset 8
 103              		.cfi_offset 3, -8
 104              		.cfi_offset 14, -4
ARM GAS  C:\Users\kees\AppData\Local\Temp\ccjXjOyJ.s 			page 6


 105              		.loc 1 118 0
 106 0002 044B     		ldr	r3, .L13
 107              		.loc 1 122 0
 108              		@ sp needed for prologue
 109              		.loc 1 118 0
 110 0004 1A78     		ldrb	r2, [r3]
 111 0006 044B     		ldr	r3, .L13+4
 112 0008 D206     		lsl	r2, r2, #27
 113 000a D20F     		lsr	r2, r2, #31
 114 000c 1A70     		strb	r2, [r3]
 115              		.loc 1 120 0
 116 000e FFF7FEFF 		bl	LCD_SPIM_UDB_Stop
 117              		.loc 1 122 0
 118 0012 08BD     		pop	{r3, pc}
 119              	.L14:
 120              		.align	2
 121              	.L13:
 122 0014 92000F40 		.word	1074725010
 123 0018 00000000 		.word	.LANCHOR0
 124              		.cfi_endproc
 125              	.LFE2:
 126              		.size	LCD_SPIM_UDB_Sleep, .-LCD_SPIM_UDB_Sleep
 127              		.data
 128              		.align	2
 129              		.set	.LANCHOR0,. + 0
 130              		.type	LCD_SPIM_UDB_backup, %object
 131              		.size	LCD_SPIM_UDB_backup, 2
 132              	LCD_SPIM_UDB_backup:
 133 0000 00       		.byte	0
 134 0001 11       		.byte	17
 135 0002 0000     		.text
 136              	.Letext0:
 137              		.section	.debug_loc,"",%progbits
 138              	.Ldebug_loc0:
 139              	.LLST2:
 140 0000 00000000 		.4byte	.LFB3
 141 0004 02000000 		.4byte	.LCFI0
 142 0008 0100     		.2byte	0x1
 143 000a 5D       		.byte	0x5d
 144 000b 02000000 		.4byte	.LCFI0
 145 000f 18000000 		.4byte	.LFE3
 146 0013 0200     		.2byte	0x2
 147 0015 7D       		.byte	0x7d
 148 0016 08       		.sleb128 8
 149 0017 00000000 		.4byte	0x0
 150 001b 00000000 		.4byte	0x0
 151              	.LLST3:
 152 001f 00000000 		.4byte	.LFB2
 153 0023 02000000 		.4byte	.LCFI1
 154 0027 0100     		.2byte	0x1
 155 0029 5D       		.byte	0x5d
 156 002a 02000000 		.4byte	.LCFI1
 157 002e 1C000000 		.4byte	.LFE2
 158 0032 0200     		.2byte	0x2
 159 0034 7D       		.byte	0x7d
 160 0035 08       		.sleb128 8
 161 0036 00000000 		.4byte	0x0
ARM GAS  C:\Users\kees\AppData\Local\Temp\ccjXjOyJ.s 			page 7


 162 003a 00000000 		.4byte	0x0
 163              		.file 2 ".\\Generated_Source\\PSoC4\\/LCD_SPIM_UDB.h"
 164              		.file 3 ".\\Generated_Source\\PSoC4\\/cytypes.h"
 165              		.section	.debug_info
 166 0000 2C010000 		.4byte	0x12c
 167 0004 0200     		.2byte	0x2
 168 0006 00000000 		.4byte	.Ldebug_abbrev0
 169 000a 04       		.byte	0x4
 170 000b 01       		.uleb128 0x1
 171 000c AD000000 		.4byte	.LASF20
 172 0010 01       		.byte	0x1
 173 0011 61010000 		.4byte	.LASF21
 174 0015 B9000000 		.4byte	.LASF22
 175 0019 00000000 		.4byte	0x0
 176 001d 00000000 		.4byte	0x0
 177 0021 00000000 		.4byte	.Ldebug_ranges0+0x0
 178 0025 00000000 		.4byte	.Ldebug_line0
 179 0029 02       		.uleb128 0x2
 180 002a 01       		.byte	0x1
 181 002b 06       		.byte	0x6
 182 002c 9F010000 		.4byte	.LASF0
 183 0030 02       		.uleb128 0x2
 184 0031 01       		.byte	0x1
 185 0032 08       		.byte	0x8
 186 0033 15010000 		.4byte	.LASF1
 187 0037 02       		.uleb128 0x2
 188 0038 02       		.byte	0x2
 189 0039 05       		.byte	0x5
 190 003a B1010000 		.4byte	.LASF2
 191 003e 02       		.uleb128 0x2
 192 003f 02       		.byte	0x2
 193 0040 07       		.byte	0x7
 194 0041 8C010000 		.4byte	.LASF3
 195 0045 02       		.uleb128 0x2
 196 0046 04       		.byte	0x4
 197 0047 05       		.byte	0x5
 198 0048 3E010000 		.4byte	.LASF4
 199 004c 02       		.uleb128 0x2
 200 004d 04       		.byte	0x4
 201 004e 07       		.byte	0x7
 202 004f 50000000 		.4byte	.LASF5
 203 0053 02       		.uleb128 0x2
 204 0054 08       		.byte	0x8
 205 0055 05       		.byte	0x5
 206 0056 00000000 		.4byte	.LASF6
 207 005a 02       		.uleb128 0x2
 208 005b 08       		.byte	0x8
 209 005c 07       		.byte	0x7
 210 005d 62000000 		.4byte	.LASF7
 211 0061 03       		.uleb128 0x3
 212 0062 04       		.byte	0x4
 213 0063 05       		.byte	0x5
 214 0064 696E7400 		.ascii	"int\000"
 215 0068 02       		.uleb128 0x2
 216 0069 04       		.byte	0x4
 217 006a 07       		.byte	0x7
 218 006b 1A000000 		.4byte	.LASF8
ARM GAS  C:\Users\kees\AppData\Local\Temp\ccjXjOyJ.s 			page 8


 219 006f 04       		.uleb128 0x4
 220 0070 4A000000 		.4byte	.LASF14
 221 0074 03       		.byte	0x3
 222 0075 4C       		.byte	0x4c
 223 0076 30000000 		.4byte	0x30
 224 007a 02       		.uleb128 0x2
 225 007b 04       		.byte	0x4
 226 007c 04       		.byte	0x4
 227 007d AB010000 		.4byte	.LASF9
 228 0081 02       		.uleb128 0x2
 229 0082 08       		.byte	0x8
 230 0083 04       		.byte	0x4
 231 0084 5A010000 		.4byte	.LASF10
 232 0088 02       		.uleb128 0x2
 233 0089 01       		.byte	0x1
 234 008a 08       		.byte	0x8
 235 008b A8000000 		.4byte	.LASF11
 236 008f 05       		.uleb128 0x5
 237 0090 04       		.byte	0x4
 238 0091 07       		.byte	0x7
 239 0092 06       		.uleb128 0x6
 240 0093 02       		.byte	0x2
 241 0094 02       		.byte	0x2
 242 0095 47       		.byte	0x47
 243 0096 B7000000 		.4byte	0xb7
 244 009a 07       		.uleb128 0x7
 245 009b 0E000000 		.4byte	.LASF12
 246 009f 02       		.byte	0x2
 247 00a0 48       		.byte	0x48
 248 00a1 6F000000 		.4byte	0x6f
 249 00a5 02       		.byte	0x2
 250 00a6 23       		.byte	0x23
 251 00a7 00       		.uleb128 0x0
 252 00a8 07       		.uleb128 0x7
 253 00a9 27000000 		.4byte	.LASF13
 254 00ad 02       		.byte	0x2
 255 00ae 49       		.byte	0x49
 256 00af 6F000000 		.4byte	0x6f
 257 00b3 02       		.byte	0x2
 258 00b4 23       		.byte	0x23
 259 00b5 01       		.uleb128 0x1
 260 00b6 00       		.byte	0x0
 261 00b7 04       		.uleb128 0x4
 262 00b8 23010000 		.4byte	.LASF15
 263 00bc 02       		.byte	0x2
 264 00bd 4F       		.byte	0x4f
 265 00be 92000000 		.4byte	0x92
 266 00c2 08       		.uleb128 0x8
 267 00c3 01       		.byte	0x1
 268 00c4 8D000000 		.4byte	.LASF16
 269 00c8 01       		.byte	0x1
 270 00c9 54       		.byte	0x54
 271 00ca 01       		.byte	0x1
 272 00cb 01       		.byte	0x1
 273 00cc 08       		.uleb128 0x8
 274 00cd 01       		.byte	0x1
 275 00ce 32000000 		.4byte	.LASF17
ARM GAS  C:\Users\kees\AppData\Local\Temp\ccjXjOyJ.s 			page 9


 276 00d2 01       		.byte	0x1
 277 00d3 33       		.byte	0x33
 278 00d4 01       		.byte	0x1
 279 00d5 01       		.byte	0x1
 280 00d6 09       		.uleb128 0x9
 281 00d7 CC000000 		.4byte	0xcc
 282 00db 00000000 		.4byte	.LFB0
 283 00df 02000000 		.4byte	.LFE0
 284 00e3 01       		.byte	0x1
 285 00e4 5D       		.byte	0x5d
 286 00e5 09       		.uleb128 0x9
 287 00e6 C2000000 		.4byte	0xc2
 288 00ea 00000000 		.4byte	.LFB1
 289 00ee 02000000 		.4byte	.LFE1
 290 00f2 01       		.byte	0x1
 291 00f3 5D       		.byte	0x5d
 292 00f4 0A       		.uleb128 0xa
 293 00f5 01       		.byte	0x1
 294 00f6 79000000 		.4byte	.LASF18
 295 00fa 01       		.byte	0x1
 296 00fb 99       		.byte	0x99
 297 00fc 01       		.byte	0x1
 298 00fd 00000000 		.4byte	.LFB3
 299 0101 18000000 		.4byte	.LFE3
 300 0105 00000000 		.4byte	.LLST2
 301 0109 0A       		.uleb128 0xa
 302 010a 01       		.byte	0x1
 303 010b 47010000 		.4byte	.LASF19
 304 010f 01       		.byte	0x1
 305 0110 73       		.byte	0x73
 306 0111 01       		.byte	0x1
 307 0112 00000000 		.4byte	.LFB2
 308 0116 1C000000 		.4byte	.LFE2
 309 011a 1F000000 		.4byte	.LLST3
 310 011e 0B       		.uleb128 0xb
 311 011f BB010000 		.4byte	.LASF23
 312 0123 01       		.byte	0x1
 313 0124 14       		.byte	0x14
 314 0125 B7000000 		.4byte	0xb7
 315 0129 05       		.byte	0x5
 316 012a 03       		.byte	0x3
 317 012b 00000000 		.4byte	LCD_SPIM_UDB_backup
 318 012f 00       		.byte	0x0
 319              		.section	.debug_abbrev
 320 0000 01       		.uleb128 0x1
 321 0001 11       		.uleb128 0x11
 322 0002 01       		.byte	0x1
 323 0003 25       		.uleb128 0x25
 324 0004 0E       		.uleb128 0xe
 325 0005 13       		.uleb128 0x13
 326 0006 0B       		.uleb128 0xb
 327 0007 03       		.uleb128 0x3
 328 0008 0E       		.uleb128 0xe
 329 0009 1B       		.uleb128 0x1b
 330 000a 0E       		.uleb128 0xe
 331 000b 11       		.uleb128 0x11
 332 000c 01       		.uleb128 0x1
ARM GAS  C:\Users\kees\AppData\Local\Temp\ccjXjOyJ.s 			page 10


 333 000d 52       		.uleb128 0x52
 334 000e 01       		.uleb128 0x1
 335 000f 55       		.uleb128 0x55
 336 0010 06       		.uleb128 0x6
 337 0011 10       		.uleb128 0x10
 338 0012 06       		.uleb128 0x6
 339 0013 00       		.byte	0x0
 340 0014 00       		.byte	0x0
 341 0015 02       		.uleb128 0x2
 342 0016 24       		.uleb128 0x24
 343 0017 00       		.byte	0x0
 344 0018 0B       		.uleb128 0xb
 345 0019 0B       		.uleb128 0xb
 346 001a 3E       		.uleb128 0x3e
 347 001b 0B       		.uleb128 0xb
 348 001c 03       		.uleb128 0x3
 349 001d 0E       		.uleb128 0xe
 350 001e 00       		.byte	0x0
 351 001f 00       		.byte	0x0
 352 0020 03       		.uleb128 0x3
 353 0021 24       		.uleb128 0x24
 354 0022 00       		.byte	0x0
 355 0023 0B       		.uleb128 0xb
 356 0024 0B       		.uleb128 0xb
 357 0025 3E       		.uleb128 0x3e
 358 0026 0B       		.uleb128 0xb
 359 0027 03       		.uleb128 0x3
 360 0028 08       		.uleb128 0x8
 361 0029 00       		.byte	0x0
 362 002a 00       		.byte	0x0
 363 002b 04       		.uleb128 0x4
 364 002c 16       		.uleb128 0x16
 365 002d 00       		.byte	0x0
 366 002e 03       		.uleb128 0x3
 367 002f 0E       		.uleb128 0xe
 368 0030 3A       		.uleb128 0x3a
 369 0031 0B       		.uleb128 0xb
 370 0032 3B       		.uleb128 0x3b
 371 0033 0B       		.uleb128 0xb
 372 0034 49       		.uleb128 0x49
 373 0035 13       		.uleb128 0x13
 374 0036 00       		.byte	0x0
 375 0037 00       		.byte	0x0
 376 0038 05       		.uleb128 0x5
 377 0039 24       		.uleb128 0x24
 378 003a 00       		.byte	0x0
 379 003b 0B       		.uleb128 0xb
 380 003c 0B       		.uleb128 0xb
 381 003d 3E       		.uleb128 0x3e
 382 003e 0B       		.uleb128 0xb
 383 003f 00       		.byte	0x0
 384 0040 00       		.byte	0x0
 385 0041 06       		.uleb128 0x6
 386 0042 13       		.uleb128 0x13
 387 0043 01       		.byte	0x1
 388 0044 0B       		.uleb128 0xb
 389 0045 0B       		.uleb128 0xb
ARM GAS  C:\Users\kees\AppData\Local\Temp\ccjXjOyJ.s 			page 11


 390 0046 3A       		.uleb128 0x3a
 391 0047 0B       		.uleb128 0xb
 392 0048 3B       		.uleb128 0x3b
 393 0049 0B       		.uleb128 0xb
 394 004a 01       		.uleb128 0x1
 395 004b 13       		.uleb128 0x13
 396 004c 00       		.byte	0x0
 397 004d 00       		.byte	0x0
 398 004e 07       		.uleb128 0x7
 399 004f 0D       		.uleb128 0xd
 400 0050 00       		.byte	0x0
 401 0051 03       		.uleb128 0x3
 402 0052 0E       		.uleb128 0xe
 403 0053 3A       		.uleb128 0x3a
 404 0054 0B       		.uleb128 0xb
 405 0055 3B       		.uleb128 0x3b
 406 0056 0B       		.uleb128 0xb
 407 0057 49       		.uleb128 0x49
 408 0058 13       		.uleb128 0x13
 409 0059 38       		.uleb128 0x38
 410 005a 0A       		.uleb128 0xa
 411 005b 00       		.byte	0x0
 412 005c 00       		.byte	0x0
 413 005d 08       		.uleb128 0x8
 414 005e 2E       		.uleb128 0x2e
 415 005f 00       		.byte	0x0
 416 0060 3F       		.uleb128 0x3f
 417 0061 0C       		.uleb128 0xc
 418 0062 03       		.uleb128 0x3
 419 0063 0E       		.uleb128 0xe
 420 0064 3A       		.uleb128 0x3a
 421 0065 0B       		.uleb128 0xb
 422 0066 3B       		.uleb128 0x3b
 423 0067 0B       		.uleb128 0xb
 424 0068 27       		.uleb128 0x27
 425 0069 0C       		.uleb128 0xc
 426 006a 20       		.uleb128 0x20
 427 006b 0B       		.uleb128 0xb
 428 006c 00       		.byte	0x0
 429 006d 00       		.byte	0x0
 430 006e 09       		.uleb128 0x9
 431 006f 2E       		.uleb128 0x2e
 432 0070 00       		.byte	0x0
 433 0071 31       		.uleb128 0x31
 434 0072 13       		.uleb128 0x13
 435 0073 11       		.uleb128 0x11
 436 0074 01       		.uleb128 0x1
 437 0075 12       		.uleb128 0x12
 438 0076 01       		.uleb128 0x1
 439 0077 40       		.uleb128 0x40
 440 0078 0A       		.uleb128 0xa
 441 0079 00       		.byte	0x0
 442 007a 00       		.byte	0x0
 443 007b 0A       		.uleb128 0xa
 444 007c 2E       		.uleb128 0x2e
 445 007d 00       		.byte	0x0
 446 007e 3F       		.uleb128 0x3f
ARM GAS  C:\Users\kees\AppData\Local\Temp\ccjXjOyJ.s 			page 12


 447 007f 0C       		.uleb128 0xc
 448 0080 03       		.uleb128 0x3
 449 0081 0E       		.uleb128 0xe
 450 0082 3A       		.uleb128 0x3a
 451 0083 0B       		.uleb128 0xb
 452 0084 3B       		.uleb128 0x3b
 453 0085 0B       		.uleb128 0xb
 454 0086 27       		.uleb128 0x27
 455 0087 0C       		.uleb128 0xc
 456 0088 11       		.uleb128 0x11
 457 0089 01       		.uleb128 0x1
 458 008a 12       		.uleb128 0x12
 459 008b 01       		.uleb128 0x1
 460 008c 40       		.uleb128 0x40
 461 008d 06       		.uleb128 0x6
 462 008e 00       		.byte	0x0
 463 008f 00       		.byte	0x0
 464 0090 0B       		.uleb128 0xb
 465 0091 34       		.uleb128 0x34
 466 0092 00       		.byte	0x0
 467 0093 03       		.uleb128 0x3
 468 0094 0E       		.uleb128 0xe
 469 0095 3A       		.uleb128 0x3a
 470 0096 0B       		.uleb128 0xb
 471 0097 3B       		.uleb128 0x3b
 472 0098 0B       		.uleb128 0xb
 473 0099 49       		.uleb128 0x49
 474 009a 13       		.uleb128 0x13
 475 009b 02       		.uleb128 0x2
 476 009c 0A       		.uleb128 0xa
 477 009d 00       		.byte	0x0
 478 009e 00       		.byte	0x0
 479 009f 00       		.byte	0x0
 480              		.section	.debug_pubnames,"",%progbits
 481 0000 78000000 		.4byte	0x78
 482 0004 0200     		.2byte	0x2
 483 0006 00000000 		.4byte	.Ldebug_info0
 484 000a 30010000 		.4byte	0x130
 485 000e D6000000 		.4byte	0xd6
 486 0012 4C43445F 		.ascii	"LCD_SPIM_UDB_SaveConfig\000"
 486      5350494D 
 486      5F554442 
 486      5F536176 
 486      65436F6E 
 487 002a E5000000 		.4byte	0xe5
 488 002e 4C43445F 		.ascii	"LCD_SPIM_UDB_RestoreConfig\000"
 488      5350494D 
 488      5F554442 
 488      5F526573 
 488      746F7265 
 489 0049 F4000000 		.4byte	0xf4
 490 004d 4C43445F 		.ascii	"LCD_SPIM_UDB_Wakeup\000"
 490      5350494D 
 490      5F554442 
 490      5F57616B 
 490      65757000 
 491 0061 09010000 		.4byte	0x109
ARM GAS  C:\Users\kees\AppData\Local\Temp\ccjXjOyJ.s 			page 13


 492 0065 4C43445F 		.ascii	"LCD_SPIM_UDB_Sleep\000"
 492      5350494D 
 492      5F554442 
 492      5F536C65 
 492      657000
 493 0078 00000000 		.4byte	0x0
 494              		.section	.debug_aranges,"",%progbits
 495 0000 34000000 		.4byte	0x34
 496 0004 0200     		.2byte	0x2
 497 0006 00000000 		.4byte	.Ldebug_info0
 498 000a 04       		.byte	0x4
 499 000b 00       		.byte	0x0
 500 000c 0000     		.2byte	0x0
 501 000e 0000     		.2byte	0x0
 502 0010 00000000 		.4byte	.LFB0
 503 0014 02000000 		.4byte	.LFE0-.LFB0
 504 0018 00000000 		.4byte	.LFB1
 505 001c 02000000 		.4byte	.LFE1-.LFB1
 506 0020 00000000 		.4byte	.LFB3
 507 0024 18000000 		.4byte	.LFE3-.LFB3
 508 0028 00000000 		.4byte	.LFB2
 509 002c 1C000000 		.4byte	.LFE2-.LFB2
 510 0030 00000000 		.4byte	0x0
 511 0034 00000000 		.4byte	0x0
 512              		.section	.debug_ranges,"",%progbits
 513              	.Ldebug_ranges0:
 514 0000 00000000 		.4byte	.Ltext0
 515 0004 00000000 		.4byte	.Letext0
 516 0008 00000000 		.4byte	.LFB0
 517 000c 02000000 		.4byte	.LFE0
 518 0010 00000000 		.4byte	.LFB1
 519 0014 02000000 		.4byte	.LFE1
 520 0018 00000000 		.4byte	.LFB3
 521 001c 18000000 		.4byte	.LFE3
 522 0020 00000000 		.4byte	.LFB2
 523 0024 1C000000 		.4byte	.LFE2
 524 0028 00000000 		.4byte	0x0
 525 002c 00000000 		.4byte	0x0
 526              		.section	.debug_str,"MS",%progbits,1
 527              	.LASF6:
 528 0000 6C6F6E67 		.ascii	"long long int\000"
 528      206C6F6E 
 528      6720696E 
 528      7400
 529              	.LASF12:
 530 000e 656E6162 		.ascii	"enableState\000"
 530      6C655374 
 530      61746500 
 531              	.LASF8:
 532 001a 756E7369 		.ascii	"unsigned int\000"
 532      676E6564 
 532      20696E74 
 532      00
 533              	.LASF13:
 534 0027 636E7472 		.ascii	"cntrPeriod\000"
 534      50657269 
 534      6F6400
ARM GAS  C:\Users\kees\AppData\Local\Temp\ccjXjOyJ.s 			page 14


 535              	.LASF17:
 536 0032 4C43445F 		.ascii	"LCD_SPIM_UDB_SaveConfig\000"
 536      5350494D 
 536      5F554442 
 536      5F536176 
 536      65436F6E 
 537              	.LASF14:
 538 004a 75696E74 		.ascii	"uint8\000"
 538      3800
 539              	.LASF5:
 540 0050 6C6F6E67 		.ascii	"long unsigned int\000"
 540      20756E73 
 540      69676E65 
 540      6420696E 
 540      7400
 541              	.LASF7:
 542 0062 6C6F6E67 		.ascii	"long long unsigned int\000"
 542      206C6F6E 
 542      6720756E 
 542      7369676E 
 542      65642069 
 543              	.LASF18:
 544 0079 4C43445F 		.ascii	"LCD_SPIM_UDB_Wakeup\000"
 544      5350494D 
 544      5F554442 
 544      5F57616B 
 544      65757000 
 545              	.LASF16:
 546 008d 4C43445F 		.ascii	"LCD_SPIM_UDB_RestoreConfig\000"
 546      5350494D 
 546      5F554442 
 546      5F526573 
 546      746F7265 
 547              	.LASF11:
 548 00a8 63686172 		.ascii	"char\000"
 548      00
 549              	.LASF20:
 550 00ad 474E5520 		.ascii	"GNU C 4.4.1\000"
 550      4320342E 
 550      342E3100 
 551              	.LASF22:
 552 00b9 433A5C55 		.ascii	"C:\\Users\\kees\\Documents\\test_projects\\My fun s"
 552      73657273 
 552      5C6B6565 
 552      735C446F 
 552      63756D65 
 553 00e7 74756666 		.ascii	"tuff\\3d_cube\\3d_cube.Bundle01\\Design137.cydsn\000"
 553      5C33645F 
 553      63756265 
 553      5C33645F 
 553      63756265 
 554              	.LASF1:
 555 0115 756E7369 		.ascii	"unsigned char\000"
 555      676E6564 
 555      20636861 
 555      7200
 556              	.LASF15:
ARM GAS  C:\Users\kees\AppData\Local\Temp\ccjXjOyJ.s 			page 15


 557 0123 4C43445F 		.ascii	"LCD_SPIM_UDB_BACKUP_STRUCT\000"
 557      5350494D 
 557      5F554442 
 557      5F424143 
 557      4B55505F 
 558              	.LASF4:
 559 013e 6C6F6E67 		.ascii	"long int\000"
 559      20696E74 
 559      00
 560              	.LASF19:
 561 0147 4C43445F 		.ascii	"LCD_SPIM_UDB_Sleep\000"
 561      5350494D 
 561      5F554442 
 561      5F536C65 
 561      657000
 562              	.LASF10:
 563 015a 646F7562 		.ascii	"double\000"
 563      6C6500
 564              	.LASF21:
 565 0161 2E5C4765 		.ascii	".\\Generated_Source\\PSoC4\\LCD_SPIM_UDB_PM.c\000"
 565      6E657261 
 565      7465645F 
 565      536F7572 
 565      63655C50 
 566              	.LASF3:
 567 018c 73686F72 		.ascii	"short unsigned int\000"
 567      7420756E 
 567      7369676E 
 567      65642069 
 567      6E7400
 568              	.LASF0:
 569 019f 7369676E 		.ascii	"signed char\000"
 569      65642063 
 569      68617200 
 570              	.LASF9:
 571 01ab 666C6F61 		.ascii	"float\000"
 571      7400
 572              	.LASF2:
 573 01b1 73686F72 		.ascii	"short int\000"
 573      7420696E 
 573      7400
 574              	.LASF23:
 575 01bb 4C43445F 		.ascii	"LCD_SPIM_UDB_backup\000"
 575      5350494D 
 575      5F554442 
 575      5F626163 
 575      6B757000 
 576              		.ident	"GCC: (Sourcery G++ Lite 2010q1-188) 4.4.1"
