Archive member included to satisfy reference by file (symbol)

Drivers/STemWin/Lib/\libSTemWin_CM4_OS_wc16_ARGB.a(GUICC_M565.o)
                              build/LCDConf_FlexColor_Template.o (LCD_API_ColorConv_M565)
Drivers/STemWin/Lib/\libSTemWin_CM4_OS_wc16_ARGB.a(GUI_Alloc.o)
                              build/GUIConf.o (GUI_ALLOC_AssignMemory)
Drivers/STemWin/Lib/\libSTemWin_CM4_OS_wc16_ARGB.a(GUI_Common.o)
                              build/freertos.o (GUI_SetBkColor)
Drivers/STemWin/Lib/\libSTemWin_CM4_OS_wc16_ARGB.a(GUI_Core.o)
                              Drivers/STemWin/Lib/\libSTemWin_CM4_OS_wc16_ARGB.a(GUI_Common.o) (GUI_pfExecAnimations)
Drivers/STemWin/Lib/\libSTemWin_CM4_OS_wc16_ARGB.a(GUI_Device.o)
                              build/LCDConf_FlexColor_Template.o (GUI_DEVICE_CreateAndLink)
Drivers/STemWin/Lib/\libSTemWin_CM4_OS_wc16_ARGB.a(GUI_DispString.o)
                              Drivers/STemWin/Lib/\libSTemWin_CM4_OS_wc16_ARGB.a(GUI_Common.o) (GUI_DispString)
Drivers/STemWin/Lib/\libSTemWin_CM4_OS_wc16_ARGB.a(GUI_DispStringInRectEx.o)
                              Drivers/STemWin/Lib/\libSTemWin_CM4_OS_wc16_ARGB.a(GUI_DispString.o) (GUI_DispStringInRectEx)
Drivers/STemWin/Lib/\libSTemWin_CM4_OS_wc16_ARGB.a(GUI_OnKey.o)
                              Drivers/STemWin/Lib/\libSTemWin_CM4_OS_wc16_ARGB.a(GUI_Common.o) (GUI_GetKey)
Drivers/STemWin/Lib/\libSTemWin_CM4_OS_wc16_ARGB.a(GUI_PID.o)
                              build/touch.o (GUI_PID_StoreState)
Drivers/STemWin/Lib/\libSTemWin_CM4_OS_wc16_ARGB.a(GUI_Task.o)
                              Drivers/STemWin/Lib/\libSTemWin_CM4_OS_wc16_ARGB.a(GUI_Alloc.o) (GUI_Unlock)
Drivers/STemWin/Lib/\libSTemWin_CM4_OS_wc16_ARGB.a(GUI_UC.o)
                              Drivers/STemWin/Lib/\libSTemWin_CM4_OS_wc16_ARGB.a(GUI_DispString.o) (GUI_UC__GetCharCodeInc)
Drivers/STemWin/Lib/\libSTemWin_CM4_OS_wc16_ARGB.a(GUI_UC_EncodeNone.o)
                              Drivers/STemWin/Lib/\libSTemWin_CM4_OS_wc16_ARGB.a(GUI_Core.o) (GUI_UC_None)
Drivers/STemWin/Lib/\libSTemWin_CM4_OS_wc16_ARGB.a(GUI_WaitEvent.o)
                              Drivers/STemWin/Lib/\libSTemWin_CM4_OS_wc16_ARGB.a(GUI_OnKey.o) (GUI_SignalEvent)
Drivers/STemWin/Lib/\libSTemWin_CM4_OS_wc16_ARGB.a(GUI__DivTbl.o)
                              Drivers/STemWin/Lib/\libSTemWin_CM4_OS_wc16_ARGB.a(GUICC_M565.o) (GUI__aConvert_255_63)
Drivers/STemWin/Lib/\libSTemWin_CM4_OS_wc16_ARGB.a(GUI__Private.o)
                              Drivers/STemWin/Lib/\libSTemWin_CM4_OS_wc16_ARGB.a(GUI_Common.o) (GUI__HandleEOLine)
Drivers/STemWin/Lib/\libSTemWin_CM4_OS_wc16_ARGB.a(GUI__SinHQ.o)
                              Drivers/STemWin/Lib/\libSTemWin_CM4_OS_wc16_ARGB.a(GUI_Common.o) (GUI__SinHQ)
Drivers/STemWin/Lib/\libSTemWin_CM4_OS_wc16_ARGB.a(GUI__Wrap.o)
                              Drivers/STemWin/Lib/\libSTemWin_CM4_OS_wc16_ARGB.a(GUI_DispString.o) (GUI__WrapGetNumCharsDisp)
Drivers/STemWin/Lib/\libSTemWin_CM4_OS_wc16_ARGB.a(LCD.o)
                              Drivers/STemWin/Lib/\libSTemWin_CM4_OS_wc16_ARGB.a(GUI_Common.o) (LCD_SetDrawMode)
Drivers/STemWin/Lib/\libSTemWin_CM4_OS_wc16_ARGB.a(LCD_Color.o)
                              Drivers/STemWin/Lib/\libSTemWin_CM4_OS_wc16_ARGB.a(LCD.o) (LCD_InitColors)
Drivers/STemWin/Lib/\libSTemWin_CM4_OS_wc16_ARGB.a(LCD_GetColorIndex.o)
                              Drivers/STemWin/Lib/\libSTemWin_CM4_OS_wc16_ARGB.a(GUI_Common.o) (LCD_GetBkColorIndex)
Drivers/STemWin/Lib/\libSTemWin_CM4_OS_wc16_ARGB.a(LCD_GetEx.o)
                              Drivers/STemWin/Lib/\libSTemWin_CM4_OS_wc16_ARGB.a(LCD_Color.o) (LCD_GetBitsPerPixelEx)
Drivers/STemWin/Lib/\libSTemWin_CM4_OS_wc16_ARGB.a(LCD_GetNumDisplays.o)
                              Drivers/STemWin/Lib/\libSTemWin_CM4_OS_wc16_ARGB.a(LCD_Color.o) (LCD_GetNumLayers)
Drivers/STemWin/Lib/\libSTemWin_CM4_OS_wc16_ARGB.a(LCD_GetP.o)
                              Drivers/STemWin/Lib/\libSTemWin_CM4_OS_wc16_ARGB.a(GUI_Common.o) (LCD_GetPixelIndex)
Drivers/STemWin/Lib/\libSTemWin_CM4_OS_wc16_ARGB.a(LCD_GetPixelColor.o)
                              Drivers/STemWin/Lib/\libSTemWin_CM4_OS_wc16_ARGB.a(GUI__Private.o) (LCD_GetPixelColor)
Drivers/STemWin/Lib/\libSTemWin_CM4_OS_wc16_ARGB.a(LCD_Rotate180.o)
                              Drivers/STemWin/Lib/\libSTemWin_CM4_OS_wc16_ARGB.a(GUI_DispString.o) (LCD_APIList180)
Drivers/STemWin/Lib/\libSTemWin_CM4_OS_wc16_ARGB.a(LCD_RotateCCW.o)
                              Drivers/STemWin/Lib/\libSTemWin_CM4_OS_wc16_ARGB.a(GUI_DispString.o) (LCD_APIListCCW)
Drivers/STemWin/Lib/\libSTemWin_CM4_OS_wc16_ARGB.a(LCD_RotateCW.o)
                              Drivers/STemWin/Lib/\libSTemWin_CM4_OS_wc16_ARGB.a(GUI_DispString.o) (LCD_APIListCW)
Drivers/STemWin/Lib/\libSTemWin_CM4_OS_wc16_ARGB.a(LCD_SelectLCD.o)
                              Drivers/STemWin/Lib/\libSTemWin_CM4_OS_wc16_ARGB.a(GUI_Common.o) (LCD_SelectLCD)
[...]
Memory Configuration

Name             Origin             Length             Attributes
RAM              0x20000000         0x00020000         xrw
CCMRAM           0x10000000         0x00010000         xrw
FLASH            0x08000000         0x00080000         xr
*default*        0x00000000         0xffffffff

Linker script and memory map

LOAD f:/stm32/win-dev-tools/gcc-arm-none-eabi/bin/../lib/gcc/arm-none-eabi/10.3.1/thumb/v7e-m+fp/hard/crti.o
LOAD f:/stm32/win-dev-tools/gcc-arm-none-eabi/bin/../lib/gcc/arm-none-eabi/10.3.1/thumb/v7e-m+fp/hard/crtbegin.o
LOAD f:/stm32/win-dev-tools/gcc-arm-none-eabi/bin/../lib/gcc/arm-none-eabi/10.3.1/../../../../arm-none-eabi/lib/thumb/v7e-m+fp/hard/crt0.o
LOAD build/main.o
LOAD build/gpio.o
LOAD build/stm32f4xx_it.o
LOAD build/stm32f4xx_hal_msp.o
LOAD build/stm32f4xx_ll_gpio.o
LOAD build/stm32f4xx_hal_tim.o
LOAD build/stm32f4xx_hal_tim_ex.o
LOAD build/stm32f4xx_hal_rcc.o
LOAD build/stm32f4xx_hal_rcc_ex.o
LOAD build/stm32f4xx_hal_flash.o
LOAD build/stm32f4xx_hal_flash_ex.o
LOAD build/stm32f4xx_hal_flash_ramfunc.o
LOAD build/stm32f4xx_hal_gpio.o
LOAD build/stm32f4xx_hal_dma_ex.o
LOAD build/stm32f4xx_hal_dma.o
LOAD build/stm32f4xx_hal_pwr.o
LOAD build/stm32f4xx_hal_pwr_ex.o
LOAD build/stm32f4xx_hal_cortex.o
LOAD build/stm32f4xx_hal.o
LOAD build/stm32f4xx_hal_exti.o
LOAD build/stm32f4xx_ll_rcc.o
LOAD build/stm32f4xx_ll_utils.o
LOAD build/stm32f4xx_ll_exti.o
LOAD build/system_stm32f4xx.o
LOAD build/freertos.o
LOAD build/crc.o
LOAD build/fsmc.o
LOAD build/i2c.o
LOAD build/spi.o
LOAD build/usart.o
LOAD build/stm32f4xx_hal_timebase_tim.o
LOAD build/stm32f4xx_hal_crc.o
LOAD build/stm32f4xx_ll_fsmc.o
LOAD build/stm32f4xx_hal_sram.o
LOAD build/stm32f4xx_ll_i2c.o
LOAD build/stm32f4xx_ll_dma.o
LOAD build/stm32f4xx_hal_spi.o
LOAD build/stm32f4xx_ll_usart.o
LOAD build/croutine.o
LOAD build/event_groups.o
LOAD build/list.o
LOAD build/queue.o
LOAD build/stream_buffer.o
LOAD build/tasks.o
LOAD build/timers.o
LOAD build/cmsis_os2.o
LOAD build/heap_4.o
LOAD build/port.o
LOAD build/lcd_drv.o
LOAD build/touch.o
LOAD build/GUIConf.o
LOAD build/GUIDRV_Template.o
LOAD build/GUI_X_OS.o
LOAD build/LCDConf_FlexColor_Template.o
LOAD build/startup_stm32f407xx.o
LOAD Drivers/STemWin/Lib/\libSTemWin_CM4_OS_wc16_ARGB.a
START GROUP
LOAD f:/stm32/win-dev-tools/gcc-arm-none-eabi/bin/../lib/gcc/arm-none-eabi/10.3.1/thumb/v7e-m+fp/hard\libgcc.a
LOAD f:/stm32/win-dev-tools/gcc-arm-none-eabi/bin/../lib/gcc/arm-none-eabi/10.3.1/../../../../arm-none-eabi/lib/thumb/v7e-m+fp/hard\libc_nano.a
END GROUP
START GROUP
LOAD f:/stm32/win-dev-tools/gcc-arm-none-eabi/bin/../lib/gcc/arm-none-eabi/10.3.1/thumb/v7e-m+fp/hard\libgcc.a
LOAD f:/stm32/win-dev-tools/gcc-arm-none-eabi/bin/../lib/gcc/arm-none-eabi/10.3.1/../../../../arm-none-eabi/lib/thumb/v7e-m+fp/hard\libc_nano.a
END GROUP
LOAD f:/stm32/win-dev-tools/gcc-arm-none-eabi/bin/../lib/gcc/arm-none-eabi/10.3.1/thumb/v7e-m+fp/hard/crtend.o
LOAD f:/stm32/win-dev-tools/gcc-arm-none-eabi/bin/../lib/gcc/arm-none-eabi/10.3.1/thumb/v7e-m+fp/hard/crtn.o
                0x20020000                _estack = (ORIGIN (RAM) + LENGTH (RAM))
                0x00000200                _Min_Heap_Size = 0x200
                0x00000400                _Min_Stack_Size = 0x400

.isr_vector     0x08000000      0x188
                0x08000000                . = ALIGN (0x4)
 *(.isr_vector)
 .isr_vector    0x08000000      0x188 build/startup_stm32f407xx.o
                0x08000000                g_pfnVectors
                0x08000188                . = ALIGN (0x4)

.text           0x08000190     0x8e2c
                0x08000190                . = ALIGN (0x4)
 *(.text)
 .text          0x08000190       0x40 f:/stm32/win-dev-tools/gcc-arm-none-eabi/bin/../lib/gcc/arm-none-eabi/10.3.1/thumb/v7e-m+fp/hard/crtbegin.o
 .text          0x080001d0       0x30 f:/stm32/win-dev-tools/gcc-arm-none-eabi/bin/../lib/gcc/arm-none-eabi/10.3.1/thumb/v7e-m+fp/hard\libgcc.a(_aeabi_uldivmod.o)
                0x080001d0                __aeabi_uldivmod
 .text          0x08000200      0x2d0 f:/stm32/win-dev-tools/gcc-arm-none-eabi/bin/../lib/gcc/arm-none-eabi/10.3.1/thumb/v7e-m+fp/hard\libgcc.a(_udivmoddi4.o)
                0x08000200                __udivmoddi4
 .text          0x080004d0        0x4 f:/stm32/win-dev-tools/gcc-arm-none-eabi/bin/../lib/gcc/arm-none-eabi/10.3.1/thumb/v7e-m+fp/hard\libgcc.a(_dvmd_tls.o)
                0x080004d0                __aeabi_idiv0
                0x080004d0                __aeabi_ldiv0
 *(.text*)
 .text.HAL_TIM_PeriodElapsedCallback
                0x080004d4       0x18 build/main.o
                0x080004d4                HAL_TIM_PeriodElapsedCallback
 .text.Error_Handler
                0x080004ec        0x4 build/main.o
                0x080004ec                Error_Handler
 .text.SystemClock_Config
                0x080004f0       0xa8 build/main.o
                0x080004f0                SystemClock_Config
 .text.main     0x08000598       0x30 build/main.o
                0x08000598                main
 .text.MX_GPIO_Init
                0x080005c8       0xe8 build/gpio.o
                0x080005c8                MX_GPIO_Init
 .text.NMI_Handler
                0x080006b0        0x2 build/stm32f4xx_it.o
                0x080006b0                NMI_Handler
 .text.HardFault_Handler
                0x080006b2        0x2 build/stm32f4xx_it.o
                0x080006b2                HardFault_Handler
 .text.MemManage_Handler
                0x080006b4        0x2 build/stm32f4xx_it.o
                0x080006b4                MemManage_Handler
 .text.BusFault_Handler
                0x080006b6        0x2 build/stm32f4xx_it.o
                0x080006b6                BusFault_Handler
 .text.UsageFault_Handler
                0x080006b8        0x2 build/stm32f4xx_it.o
                0x080006b8                UsageFault_Handler
 .text.DebugMon_Handler
                0x080006ba        0x2 build/stm32f4xx_it.o
                0x080006ba                DebugMon_Handler
 .text.TIM7_IRQHandler
                0x080006bc       0x10 build/stm32f4xx_it.o
                0x080006bc                TIM7_IRQHandler
 .text.HAL_MspInit
                0x080006cc       0x44 build/stm32f4xx_hal_msp.o
                0x080006cc                HAL_MspInit
 .text.LL_GPIO_Init
                0x08000710      0x18c build/stm32f4xx_ll_gpio.o
                0x08000710                LL_GPIO_Init
 .text.HAL_TIM_Base_MspInit
                0x0800089c        0x2 build/stm32f4xx_hal_tim.o
                0x0800089c                HAL_TIM_Base_MspInit
 *fill*         0x0800089e        0x2 
 .text.HAL_TIM_Base_Start_IT
                0x080008a0       0x88 build/stm32f4xx_hal_tim.o
                0x080008a0                HAL_TIM_Base_Start_IT
 .text.HAL_TIM_OC_DelayElapsedCallback
                0x08000928        0x2 build/stm32f4xx_hal_tim.o
                0x08000928                HAL_TIM_OC_DelayElapsedCallback
 .text.HAL_TIM_IC_CaptureCallback
                0x0800092a        0x2 build/stm32f4xx_hal_tim.o
                0x0800092a                HAL_TIM_IC_CaptureCallback
 .text.HAL_TIM_PWM_PulseFinishedCallback
                0x0800092c        0x2 build/stm32f4xx_hal_tim.o
                0x0800092c                HAL_TIM_PWM_PulseFinishedCallback
 .text.HAL_TIM_TriggerCallback
                0x0800092e        0x2 build/stm32f4xx_hal_tim.o
                0x0800092e                HAL_TIM_TriggerCallback
 .text.HAL_TIM_IRQHandler
                0x08000930      0x15e build/stm32f4xx_hal_tim.o
                0x08000930                HAL_TIM_IRQHandler
 *fill*         0x08000a8e        0x2 
 .text.TIM_Base_SetConfig
                0x08000a90       0xd8 build/stm32f4xx_hal_tim.o
                0x08000a90                TIM_Base_SetConfig
 .text.HAL_TIM_Base_Init
                0x08000b68       0x58 build/stm32f4xx_hal_tim.o
                0x08000b68                HAL_TIM_Base_Init
 .text.HAL_TIMEx_CommutCallback
                0x08000bc0        0x2 build/stm32f4xx_hal_tim_ex.o
                0x08000bc0                HAL_TIMEx_CommutCallback
 .text.HAL_TIMEx_BreakCallback
                0x08000bc2        0x2 build/stm32f4xx_hal_tim_ex.o
                0x08000bc2                HAL_TIMEx_BreakCallback
 .text.HAL_RCC_OscConfig
                0x08000bc4      0x3f8 build/stm32f4xx_hal_rcc.o
                0x08000bc4                HAL_RCC_OscConfig
 .text.HAL_RCC_GetSysClockFreq
                0x08000fbc       0xa4 build/stm32f4xx_hal_rcc.o
                0x08000fbc                HAL_RCC_GetSysClockFreq
 .text.HAL_RCC_ClockConfig
                0x08001060      0x160 build/stm32f4xx_hal_rcc.o
                0x08001060                HAL_RCC_ClockConfig
 .text.HAL_RCC_GetHCLKFreq
                0x080011c0        0xc build/stm32f4xx_hal_rcc.o
                0x080011c0                HAL_RCC_GetHCLKFreq
 .text.HAL_RCC_GetPCLK1Freq
                0x080011cc       0x20 build/stm32f4xx_hal_rcc.o
                0x080011cc                HAL_RCC_GetPCLK1Freq
 .text.HAL_RCC_GetClockConfig
                0x080011ec       0x3c build/stm32f4xx_hal_rcc.o
                0x080011ec                HAL_RCC_GetClockConfig
 .text.HAL_GPIO_Init
                0x08001228      0x1e4 build/stm32f4xx_hal_gpio.o
                0x08001228                HAL_GPIO_Init
 .text.HAL_GPIO_WritePin
                0x0800140c        0xc build/stm32f4xx_hal_gpio.o
                0x0800140c                HAL_GPIO_WritePin
 .text.HAL_NVIC_SetPriorityGrouping
                0x08001418       0x24 build/stm32f4xx_hal_cortex.o
                0x08001418                HAL_NVIC_SetPriorityGrouping
 .text.HAL_NVIC_SetPriority
                0x0800143c       0x70 build/stm32f4xx_hal_cortex.o
                0x0800143c                HAL_NVIC_SetPriority
 .text.HAL_NVIC_EnableIRQ
                0x080014ac       0x1c build/stm32f4xx_hal_cortex.o
                0x080014ac                HAL_NVIC_EnableIRQ
 .text.HAL_Init
                0x080014c8       0x34 build/stm32f4xx_hal.o
                0x080014c8                HAL_Init
 .text.HAL_IncTick
                0x080014fc       0x18 build/stm32f4xx_hal.o
                0x080014fc                HAL_IncTick
 .text.HAL_GetTick
                0x08001514        0xc build/stm32f4xx_hal.o
                0x08001514                HAL_GetTick
 .text.HAL_Delay
                0x08001520       0x28 build/stm32f4xx_hal.o
                0x08001520                HAL_Delay
 .text.RCC_GetHCLKClockFreq
                0x08001548       0x18 build/stm32f4xx_ll_rcc.o
                0x08001548                RCC_GetHCLKClockFreq
 .text.RCC_GetPCLK1ClockFreq
                0x08001560       0x18 build/stm32f4xx_ll_rcc.o
                0x08001560                RCC_GetPCLK1ClockFreq
 .text.RCC_GetPCLK2ClockFreq
                0x08001578       0x18 build/stm32f4xx_ll_rcc.o
                0x08001578                RCC_GetPCLK2ClockFreq
 .text.RCC_PLL_GetFreqDomain_SYS
                0x08001590       0x4c build/stm32f4xx_ll_rcc.o
                0x08001590                RCC_PLL_GetFreqDomain_SYS
 .text.RCC_GetSystemClockFreq
                0x080015dc       0x30 build/stm32f4xx_ll_rcc.o
                0x080015dc                RCC_GetSystemClockFreq
 .text.LL_RCC_GetSystemClocksFreq
                0x0800160c       0x20 build/stm32f4xx_ll_rcc.o
                0x0800160c                LL_RCC_GetSystemClocksFreq
 .text.SystemInit
                0x0800162c       0x14 build/system_stm32f4xx.o
                0x0800162c                SystemInit
 .text.DefaultMainTask
                0x08001640        0xa build/freertos.o
                0x08001640                DefaultMainTask
 .text.StartKeyTask
                0x0800164a        0xa build/freertos.o
                0x0800164a                StartKeyTask
 .text.StartUartTask
                0x08001654        0xa build/freertos.o
                0x08001654                StartUartTask
 .text.StartGUITask
                0x0800165e       0x1a build/freertos.o
                0x0800165e                StartGUITask
 .text.MX_FREERTOS_Init
                0x08001678       0x6c build/freertos.o
                0x08001678                MX_FREERTOS_Init
 .text.MX_CRC_Init
                0x080016e4       0x20 build/crc.o
                0x080016e4                MX_CRC_Init
 .text.HAL_CRC_MspInit
                0x08001704       0x30 build/crc.o
                0x08001704                HAL_CRC_MspInit
 .text.HAL_FSMC_MspInit
                0x08001734       0x7c build/fsmc.o
 .text.MX_FSMC_Init
                0x080017b0       0x6c build/fsmc.o
                0x080017b0                MX_FSMC_Init
 .text.HAL_SRAM_MspInit
                0x0800181c        0x8 build/fsmc.o
                0x0800181c                HAL_SRAM_MspInit
 .text.MX_I2C1_Init
                0x08001824       0xb4 build/i2c.o
                0x08001824                MX_I2C1_Init
 .text.MX_SPI2_Init
                0x080018d8       0x48 build/spi.o
                0x080018d8                MX_SPI2_Init
 .text.HAL_SPI_MspInit
                0x08001920       0x70 build/spi.o
                0x08001920                HAL_SPI_MspInit
 .text.MX_USART1_UART_Init
                0x08001990       0xa8 build/usart.o
                0x08001990                MX_USART1_UART_Init
 .text.HAL_InitTick
                0x08001a38       0xa4 build/stm32f4xx_hal_timebase_tim.o
                0x08001a38                HAL_InitTick
 .text.HAL_CRC_Init
                0x08001adc       0x1e build/stm32f4xx_hal_crc.o
                0x08001adc                HAL_CRC_Init
 *fill*         0x08001afa        0x2 
 .text.FSMC_NORSRAM_Init
                0x08001afc       0x6c build/stm32f4xx_ll_fsmc.o
                0x08001afc                FSMC_NORSRAM_Init
 .text.FSMC_NORSRAM_Timing_Init
                0x08001b68       0x44 build/stm32f4xx_ll_fsmc.o
                0x08001b68                FSMC_NORSRAM_Timing_Init
 .text.FSMC_NORSRAM_Extended_Timing_Init
                0x08001bac       0x44 build/stm32f4xx_ll_fsmc.o
                0x08001bac                FSMC_NORSRAM_Extended_Timing_Init
 .text.HAL_SRAM_Init
                0x08001bf0       0x58 build/stm32f4xx_hal_sram.o
                0x08001bf0                HAL_SRAM_Init
 .text.LL_I2C_Init
                0x08001c48      0x104 build/stm32f4xx_ll_i2c.o
                0x08001c48                LL_I2C_Init
 .text.HAL_SPI_Init
                0x08001d4c       0xca build/stm32f4xx_hal_spi.o
                0x08001d4c                HAL_SPI_Init
 *fill*         0x08001e16        0x2 
 .text.LL_USART_Init
                0x08001e18      0x178 build/stm32f4xx_ll_usart.o
                0x08001e18                LL_USART_Init
 .text.vListInitialise
                0x08001f90       0x16 build/list.o
                0x08001f90                vListInitialise
 .text.vListInitialiseItem
                0x08001fa6        0x6 build/list.o
                0x08001fa6                vListInitialiseItem
 .text.vListInsertEnd
                0x08001fac       0x16 build/list.o
                0x08001fac                vListInsertEnd
 .text.vListInsert
                0x08001fc2       0x32 build/list.o
                0x08001fc2                vListInsert
 .text.uxListRemove
                0x08001ff4       0x26 build/list.o
                0x08001ff4                uxListRemove
 .text.prvGetDisinheritPriorityAfterTimeout
                0x0800201a       0x10 build/queue.o
 .text.prvIsQueueFull
                0x0800202a       0x1e build/queue.o
 .text.prvIsQueueEmpty
                0x08002048       0x1a build/queue.o
 .text.prvCopyDataToQueue
                0x08002062       0x76 build/queue.o
 .text.prvCopyDataFromQueue
                0x080020d8       0x24 build/queue.o
 .text.prvUnlockQueue
                0x080020fc       0x6e build/queue.o
 .text.xQueueGenericReset
                0x0800216a       0x84 build/queue.o
                0x0800216a                xQueueGenericReset
 .text.prvInitialiseNewQueue
                0x080021ee       0x22 build/queue.o
 .text.xQueueGenericCreateStatic
                0x08002210       0x94 build/queue.o
                0x08002210                xQueueGenericCreateStatic
 .text.xQueueGenericCreate
                0x080022a4       0x48 build/queue.o
                0x080022a4                xQueueGenericCreate
 .text.xQueueCreateCountingSemaphoreStatic
                0x080022ec       0x46 build/queue.o
                0x080022ec                xQueueCreateCountingSemaphoreStatic
 .text.xQueueCreateCountingSemaphore
                0x08002332       0x3c build/queue.o
                0x08002332                xQueueCreateCountingSemaphore
 .text.xQueueGenericSend
                0x0800236e      0x188 build/queue.o
                0x0800236e                xQueueGenericSend
 .text.prvInitialiseMutex
                0x080024f6       0x18 build/queue.o
 .text.xQueueCreateMutex
                0x0800250e       0x16 build/queue.o
                0x0800250e                xQueueCreateMutex
 .text.xQueueCreateMutexStatic
                0x08002524       0x1e build/queue.o
                0x08002524                xQueueCreateMutexStatic
 .text.xQueueGiveMutexRecursive
                0x08002542       0x40 build/queue.o
                0x08002542                xQueueGiveMutexRecursive
 .text.xQueueGenericSendFromISR
                0x08002582       0xce build/queue.o
                0x08002582                xQueueGenericSendFromISR
 .text.xQueueReceive
                0x08002650      0x15e build/queue.o
                0x08002650                xQueueReceive
 .text.xQueueSemaphoreTake
                0x080027ae      0x1a6 build/queue.o
                0x080027ae                xQueueSemaphoreTake
 .text.xQueueTakeMutexRecursive
                0x08002954       0x40 build/queue.o
                0x08002954                xQueueTakeMutexRecursive
 .text.vQueueAddToRegistry
                0x08002994       0x28 build/queue.o
                0x08002994                vQueueAddToRegistry
 .text.vQueueUnregisterQueue
                0x080029bc       0x2c build/queue.o
                0x080029bc                vQueueUnregisterQueue
 .text.vQueueDelete
                0x080029e8       0x2c build/queue.o
                0x080029e8                vQueueDelete
 .text.vQueueWaitForMessageRestricted
                0x08002a14       0x52 build/queue.o
                0x08002a14                vQueueWaitForMessageRestricted
 *fill*         0x08002a66        0x2 
 .text.prvResetNextTaskUnblockTime
                0x08002a68       0x2c build/tasks.o
 .text.prvInitialiseNewTask
                0x08002a94       0xa6 build/tasks.o
 *fill*         0x08002b3a        0x2 
 .text.prvInitialiseTaskLists
                0x08002b3c       0x68 build/tasks.o
 .text.prvAddNewTaskToReadyList
                0x08002ba4       0xac build/tasks.o
 .text.prvDeleteTCB
                0x08002c50       0x38 build/tasks.o
 .text.prvCheckTasksWaitingTermination
                0x08002c88       0x4c build/tasks.o
 .text.prvIdleTask
                0x08002cd4       0x28 build/tasks.o
 .text.prvAddCurrentTaskToDelayedList
                0x08002cfc       0x7c build/tasks.o
 .text.xTaskCreateStatic
                0x08002d78       0x76 build/tasks.o
                0x08002d78                xTaskCreateStatic
 .text.xTaskCreate
                0x08002dee       0x68 build/tasks.o
                0x08002dee                xTaskCreate
 *fill*         0x08002e56        0x2 
 .text.vTaskStartScheduler
                0x08002e58       0x9c build/tasks.o
                0x08002e58                vTaskStartScheduler
 .text.vTaskSuspendAll
                0x08002ef4       0x10 build/tasks.o
                0x08002ef4                vTaskSuspendAll
 .text.xTaskGetTickCount
                0x08002f04        0xc build/tasks.o
                0x08002f04                xTaskGetTickCount
 .text.xTaskIncrementTick
                0x08002f10      0x118 build/tasks.o
                0x08002f10                xTaskIncrementTick
 .text.xTaskResumeAll
                0x08003028       0xf8 build/tasks.o
                0x08003028                xTaskResumeAll
 .text.vTaskDelay
                0x08003120       0x4c build/tasks.o
                0x08003120                vTaskDelay
 .text.vTaskSwitchContext
                0x0800316c       0x94 build/tasks.o
                0x0800316c                vTaskSwitchContext
 .text.vTaskPlaceOnEventList
                0x08003200       0x30 build/tasks.o
                0x08003200                vTaskPlaceOnEventList
 .text.vTaskPlaceOnEventListRestricted
                0x08003230       0x38 build/tasks.o
                0x08003230                vTaskPlaceOnEventListRestricted
 .text.xTaskRemoveFromEventList
                0x08003268       0x8c build/tasks.o
                0x08003268                xTaskRemoveFromEventList
 .text.vTaskInternalSetTimeOutState
                0x080032f4       0x18 build/tasks.o
                0x080032f4                vTaskInternalSetTimeOutState
 .text.xTaskCheckForTimeOut
                0x0800330c       0x84 build/tasks.o
                0x0800330c                xTaskCheckForTimeOut
 .text.vTaskMissedYield
                0x08003390        0xc build/tasks.o
                0x08003390                vTaskMissedYield
 .text.xTaskGetCurrentTaskHandle
                0x0800339c        0xc build/tasks.o
                0x0800339c                xTaskGetCurrentTaskHandle
 .text.xTaskGetSchedulerState
                0x080033a8       0x20 build/tasks.o
                0x080033a8                xTaskGetSchedulerState
 .text.xTaskPriorityInherit
                0x080033c8       0x98 build/tasks.o
                0x080033c8                xTaskPriorityInherit
 .text.xTaskPriorityDisinherit
                0x08003460       0x90 build/tasks.o
                0x08003460                xTaskPriorityDisinherit
 .text.vTaskPriorityDisinheritAfterTimeout
                0x080034f0       0xa0 build/tasks.o
                0x080034f0                vTaskPriorityDisinheritAfterTimeout
 .text.pvTaskIncrementMutexHeldCount
                0x08003590       0x1c build/tasks.o
                0x08003590                pvTaskIncrementMutexHeldCount
 .text.prvGetNextExpireTime
                0x080035ac       0x20 build/timers.o
 .text.prvInsertTimerInActiveList
                0x080035cc       0x48 build/timers.o
 .text.prvCheckForValidListAndQueue
                0x08003614       0x70 build/timers.o
 .text.xTimerCreateTimerTask
                0x08003684       0x64 build/timers.o
                0x08003684                xTimerCreateTimerTask
 .text.xTimerGenericCommand
                0x080036e8       0x6c build/timers.o
                0x080036e8                xTimerGenericCommand
 .text.prvSwitchTimerLists
                0x08003754       0x7c build/timers.o
 .text.prvSampleTimeNow
                0x080037d0       0x2c build/timers.o
 .text.prvProcessExpiredTimer
                0x080037fc       0x6c build/timers.o
 .text.prvProcessTimerOrBlockTask
                0x08003868       0x74 build/timers.o
 .text.prvProcessReceivedCommands
                0x080038dc      0x10c build/timers.o
 .text.prvTimerTask
                0x080039e8       0x16 build/timers.o
 .text.SysTick_Handler
                0x080039fe       0x18 build/cmsis_os2.o
                0x080039fe                SysTick_Handler
 *fill*         0x08003a16        0x2 
 .text.osKernelInitialize
                0x08003a18       0x24 build/cmsis_os2.o
                0x08003a18                osKernelInitialize
 .text.osKernelStart
                0x08003a3c       0x38 build/cmsis_os2.o
                0x08003a3c                osKernelStart
 .text.osThreadNew
                0x08003a74       0xbc build/cmsis_os2.o
                0x08003a74                osThreadNew
 .text.osThreadGetId
                0x08003b30        0x8 build/cmsis_os2.o
                0x08003b30                osThreadGetId
 .text.osDelay  0x08003b38       0x1c build/cmsis_os2.o
                0x08003b38                osDelay
 .text.osMutexNew
                0x08003b54       0x94 build/cmsis_os2.o
                0x08003b54                osMutexNew
 .text.osMutexAcquire
                0x08003be8       0x58 build/cmsis_os2.o
                0x08003be8                osMutexAcquire
 .text.osMutexRelease
                0x08003c40       0x4c build/cmsis_os2.o
                0x08003c40                osMutexRelease
 .text.osSemaphoreNew
                0x08003c8c       0xb4 build/cmsis_os2.o
                0x08003c8c                osSemaphoreNew
 .text.vApplicationGetIdleTaskMemory
                0x08003d40       0x18 build/cmsis_os2.o
                0x08003d40                vApplicationGetIdleTaskMemory
 .text.vApplicationGetTimerTaskMemory
                0x08003d58       0x18 build/cmsis_os2.o
                0x08003d58                vApplicationGetTimerTaskMemory
 .text.prvHeapInit
                0x08003d70       0x68 build/heap_4.o
 .text.prvInsertBlockIntoFreeList
                0x08003dd8       0x64 build/heap_4.o
 .text.pvPortMalloc
                0x08003e3c       0xfc build/heap_4.o
                0x08003e3c                pvPortMalloc
 .text.vPortFree
                0x08003f38       0x7c build/heap_4.o
                0x08003f38                vPortFree
 .text.prvTaskExitError
                0x08003fb4       0x40 build/port.o
 .text.prvPortStartFirstTask
                0x08003ff4       0x28 build/port.o
 .text.vPortEnableVFP
                0x0800401c       0x14 build/port.o
 .text.pxPortInitialiseStack
                0x08004030       0x2c build/port.o
                0x08004030                pxPortInitialiseStack
 *fill*         0x0800405c        0x4 
 .text.SVC_Handler
                0x08004060       0x24 build/port.o
                0x08004060                SVC_Handler
 .text.vPortEnterCritical
                0x08004084       0x44 build/port.o
                0x08004084                vPortEnterCritical
 .text.vPortExitCritical
                0x080040c8       0x2c build/port.o
                0x080040c8                vPortExitCritical
 *fill*         0x080040f4        0xc 
 .text.PendSV_Handler
                0x08004100       0x64 build/port.o
                0x08004100                PendSV_Handler
 .text.xPortSysTickHandler
                0x08004164       0x2c build/port.o
                0x08004164                xPortSysTickHandler
 .text.vPortSetupTimerInterrupt
                0x08004190       0x28 build/port.o
                0x08004190                vPortSetupTimerInterrupt
 .text.xPortStartScheduler
                0x080041b8      0x118 build/port.o
                0x080041b8                xPortStartScheduler
 .text.vPortValidateInterruptPriority
                0x080042d0       0x5c build/port.o
                0x080042d0                vPortValidateInterruptPriority
 .text.LCD_Rst  0x0800432c       0x30 build/lcd_drv.o
 .text.WriteComm
                0x0800435c        0x8 build/lcd_drv.o
                0x0800435c                WriteComm
 .text.LCD_WR_REG
                0x08004364        0xe build/lcd_drv.o
                0x08004364                LCD_WR_REG
 .text.Lcd_SetCursor
                0x08004372       0x14 build/lcd_drv.o
                0x08004372                Lcd_SetCursor
 .text.BlockWrite
                0x08004386       0x82 build/lcd_drv.o
                0x08004386                BlockWrite
 .text.GetPoint
                0x08004408       0x30 build/lcd_drv.o
                0x08004408                GetPoint
 .text.Lcd_ColorBox
                0x08004438       0x34 build/lcd_drv.o
                0x08004438                Lcd_ColorBox
 .text.Lcd_Initialize
                0x0800446c      0x1e0 build/lcd_drv.o
                0x0800446c                Lcd_Initialize
 .text.LCD_Fill
                0x0800464c       0x30 build/lcd_drv.o
                0x0800464c                LCD_Fill
 .text.DrawPixel
                0x0800467c       0x18 build/lcd_drv.o
                0x0800467c                DrawPixel
 .text.GUI_X_Config
                0x08004694       0x1c build/GUIConf.o
                0x08004694                GUI_X_Config
 .text._GetDevProp
                0x080046b0       0x3c build/GUIDRV_Template.o
 .text._GetDevData
                0x080046ec       0x10 build/GUIDRV_Template.o
 .text._GetRect
                0x080046fc       0x16 build/GUIDRV_Template.o
 *fill*         0x08004712        0x2 
 .text._GetDevFunc
                0x08004714       0x50 build/GUIDRV_Template.o
 .text._SetLUTEntry
                0x08004764       0x20 build/GUIDRV_Template.o
 .text._Off     0x08004784        0xe build/GUIDRV_Template.o
 .text._On      0x08004792        0xe build/GUIDRV_Template.o
 .text._SetOrg  0x080047a0       0x1e build/GUIDRV_Template.o
 .text._InitOnce
                0x080047be       0x2a build/GUIDRV_Template.o
 .text._Init    0x080047e8       0x18 build/GUIDRV_Template.o
 .text._SetSize
                0x08004800       0x36 build/GUIDRV_Template.o
 .text._SetVSize
                0x08004836       0x18 build/GUIDRV_Template.o
 .text._SetVRAMAddr
                0x0800484e       0x26 build/GUIDRV_Template.o
 .text._SetPixelIndex
                0x08004874       0x12 build/GUIDRV_Template.o
 *fill*         0x08004886        0x2 
 .text._DrawBitLine2BPP
                0x08004888      0x120 build/GUIDRV_Template.o
 .text._DrawBitLine4BPP
                0x080049a8      0x120 build/GUIDRV_Template.o
 .text._DrawBitLine8BPP
                0x08004ac8       0xac build/GUIDRV_Template.o
 .text._DrawBitLine16BPP
                0x08004b74       0x2a build/GUIDRV_Template.o
 .text._DrawBitLine32BPP
                0x08004b9e       0x2a build/GUIDRV_Template.o
 .text._GetPixelIndex
                0x08004bc8        0xe build/GUIDRV_Template.o
 .text._XorPixel
                0x08004bd6       0x24 build/GUIDRV_Template.o
 *fill*         0x08004bfa        0x2 
 .text._DrawBitLine1BPP
                0x08004bfc       0xd0 build/GUIDRV_Template.o
 .text._DrawBitmap
                0x08004ccc      0x154 build/GUIDRV_Template.o
 .text._FillRect
                0x08004e20       0x64 build/GUIDRV_Template.o
 .text._DrawVLine
                0x08004e84       0x12 build/GUIDRV_Template.o
 .text._DrawHLine
                0x08004e96       0x10 build/GUIDRV_Template.o
 .text.GUI_X_Init
                0x08004ea6        0x2 build/GUI_X_OS.o
                0x08004ea6                GUI_X_Init
 .text.GUI_X_InitOS
                0x08004ea8       0x24 build/GUI_X_OS.o
                0x08004ea8                GUI_X_InitOS
 .text.GUI_X_Unlock
                0x08004ecc       0x10 build/GUI_X_OS.o
                0x08004ecc                GUI_X_Unlock
 .text.GUI_X_Lock
                0x08004edc       0x14 build/GUI_X_OS.o
                0x08004edc                GUI_X_Lock
 .text.GUI_X_GetTaskId
                0x08004ef0        0x8 build/GUI_X_OS.o
                0x08004ef0                GUI_X_GetTaskId
 .text.LCD_X_Config
                0x08004ef8       0x30 build/LCDConf_FlexColor_Template.o
                0x08004ef8                LCD_X_Config
 .text.LCD_X_DisplayDriver
                0x08004f28       0x14 build/LCDConf_FlexColor_Template.o
                0x08004f28                LCD_X_DisplayDriver
 .text.Reset_Handler
                0x08004f3c       0x50 build/startup_stm32f407xx.o
                0x08004f3c                Reset_Handler
 .text.Default_Handler
                0x08004f8c        0x2 build/startup_stm32f407xx.o
                0x08004f8c                RTC_Alarm_IRQHandler
                0x08004f8c                HASH_RNG_IRQHandler
                0x08004f8c                EXTI2_IRQHandler
                0x08004f8c                TIM8_CC_IRQHandler
                0x08004f8c                TIM1_CC_IRQHandler
                0x08004f8c                DMA2_Stream5_IRQHandler
                0x08004f8c                DMA1_Stream5_IRQHandler
                0x08004f8c                PVD_IRQHandler
                0x08004f8c                SDIO_IRQHandler
                0x08004f8c                TAMP_STAMP_IRQHandler
                0x08004f8c                CAN2_RX1_IRQHandler
                0x08004f8c                EXTI3_IRQHandler
                0x08004f8c                TIM8_TRG_COM_TIM14_IRQHandler
                0x08004f8c                TIM1_UP_TIM10_IRQHandler
                0x08004f8c                TIM8_UP_TIM13_IRQHandler
                0x08004f8c                I2C3_ER_IRQHandler
                0x08004f8c                EXTI0_IRQHandler
                0x08004f8c                I2C2_EV_IRQHandler
                0x08004f8c                DMA1_Stream2_IRQHandler
                0x08004f8c                CAN1_RX0_IRQHandler
                0x08004f8c                FPU_IRQHandler
                0x08004f8c                OTG_HS_WKUP_IRQHandler
                0x08004f8c                CAN2_SCE_IRQHandler
                0x08004f8c                DMA2_Stream2_IRQHandler
                0x08004f8c                SPI1_IRQHandler
                0x08004f8c                TIM6_DAC_IRQHandler
                0x08004f8c                TIM1_BRK_TIM9_IRQHandler
                0x08004f8c                DCMI_IRQHandler
                0x08004f8c                CAN2_RX0_IRQHandler
                0x08004f8c                DMA2_Stream3_IRQHandler
                0x08004f8c                USART6_IRQHandler
                0x08004f8c                USART3_IRQHandler
                0x08004f8c                CAN1_RX1_IRQHandler
                0x08004f8c                UART5_IRQHandler
                0x08004f8c                DMA2_Stream0_IRQHandler
                0x08004f8c                TIM4_IRQHandler
                0x08004f8c                I2C1_EV_IRQHandler
                0x08004f8c                DMA1_Stream6_IRQHandler
                0x08004f8c                DMA1_Stream1_IRQHandler
                0x08004f8c                UART4_IRQHandler
                0x08004f8c                TIM3_IRQHandler
                0x08004f8c                RCC_IRQHandler
                0x08004f8c                TIM8_BRK_TIM12_IRQHandler
                0x08004f8c                Default_Handler
                0x08004f8c                EXTI15_10_IRQHandler
                0x08004f8c                ADC_IRQHandler
                0x08004f8c                DMA1_Stream7_IRQHandler
                0x08004f8c                CAN2_TX_IRQHandler
                0x08004f8c                TIM5_IRQHandler
                0x08004f8c                DMA2_Stream7_IRQHandler
                0x08004f8c                I2C3_EV_IRQHandler
                0x08004f8c                EXTI9_5_IRQHandler
                0x08004f8c                RTC_WKUP_IRQHandler
                0x08004f8c                ETH_WKUP_IRQHandler
                0x08004f8c                SPI2_IRQHandler
                0x08004f8c                OTG_HS_EP1_IN_IRQHandler
                0x08004f8c                DMA1_Stream0_IRQHandler
                0x08004f8c                CAN1_TX_IRQHandler
                0x08004f8c                EXTI4_IRQHandler
                0x08004f8c                FSMC_IRQHandler
                0x08004f8c                ETH_IRQHandler
                0x08004f8c                OTG_HS_EP1_OUT_IRQHandler
                0x08004f8c                WWDG_IRQHandler
                0x08004f8c                TIM2_IRQHandler
                0x08004f8c                OTG_FS_WKUP_IRQHandler
                0x08004f8c                TIM1_TRG_COM_TIM11_IRQHandler
                0x08004f8c                OTG_HS_IRQHandler
                0x08004f8c                EXTI1_IRQHandler
                0x08004f8c                USART2_IRQHandler
                0x08004f8c                I2C2_ER_IRQHandler
                0x08004f8c                DMA2_Stream1_IRQHandler
                0x08004f8c                CAN1_SCE_IRQHandler
                0x08004f8c                FLASH_IRQHandler
                0x08004f8c                DMA2_Stream4_IRQHandler
                0x08004f8c                USART1_IRQHandler
                0x08004f8c                OTG_FS_IRQHandler
                0x08004f8c                SPI3_IRQHandler
                0x08004f8c                DMA1_Stream4_IRQHandler
                0x08004f8c                I2C1_ER_IRQHandler
                0x08004f8c                DMA2_Stream6_IRQHandler
                0x08004f8c                DMA1_Stream3_IRQHandler
 *fill*         0x08004f8e        0x2 
 .text.LCD_Index2Color_M565
                0x08004f90       0x2c Drivers/STemWin/Lib/\libSTemWin_CM4_OS_wc16_ARGB.a(GUICC_M565.o)
                0x08004f90                LCD_Index2Color_M565
 .text._Color2Index_M565
                0x08004fbc       0x28 Drivers/STemWin/Lib/\libSTemWin_CM4_OS_wc16_ARGB.a(GUICC_M565.o)
 .text._GetIndexMask_M565
                0x08004fe4        0x6 Drivers/STemWin/Lib/\libSTemWin_CM4_OS_wc16_ARGB.a(GUICC_M565.o)
 *fill*         0x08004fea        0x2 
 .text._Color2IndexBulk
                0x08004fec       0x5c Drivers/STemWin/Lib/\libSTemWin_CM4_OS_wc16_ARGB.a(GUICC_M565.o)
 .text._Index2ColorBulk
                0x08005048       0x68 Drivers/STemWin/Lib/\libSTemWin_CM4_OS_wc16_ARGB.a(GUICC_M565.o)
 .text._PushFreeBlock
                0x080050b0       0x24 Drivers/STemWin/Lib/\libSTemWin_CM4_OS_wc16_ARGB.a(GUI_Alloc.o)
 .text._RemoveFreeBlock
                0x080050d4       0x40 Drivers/STemWin/Lib/\libSTemWin_CM4_OS_wc16_ARGB.a(GUI_Alloc.o)
 .text._AddFreeMemory
                0x08005114       0xa4 Drivers/STemWin/Lib/\libSTemWin_CM4_OS_wc16_ARGB.a(GUI_Alloc.o)
 .text._RemoveHoles
                0x080051b8       0x9c Drivers/STemWin/Lib/\libSTemWin_CM4_OS_wc16_ARGB.a(GUI_Alloc.o)
 .text.GUI_ALLOC_FreeFixedBlock
                0x08005254       0x14 Drivers/STemWin/Lib/\libSTemWin_CM4_OS_wc16_ARGB.a(GUI_Alloc.o)
                0x08005254                GUI_ALLOC_FreeFixedBlock
 .text.GUI_ALLOC_h2p
                0x08005268       0x14 Drivers/STemWin/Lib/\libSTemWin_CM4_OS_wc16_ARGB.a(GUI_Alloc.o)
                0x08005268                GUI_ALLOC_h2p
 .text.GUI_ALLOC_LockH
                0x0800527c       0x1c Drivers/STemWin/Lib/\libSTemWin_CM4_OS_wc16_ARGB.a(GUI_Alloc.o)
                0x0800527c                GUI_ALLOC_LockH
 .text.GUI_ALLOC_UnlockH
                0x08005298       0x30 Drivers/STemWin/Lib/\libSTemWin_CM4_OS_wc16_ARGB.a(GUI_Alloc.o)
                0x08005298                GUI_ALLOC_UnlockH
 .text.GUI_ALLOC_AssignMemory
                0x080052c8       0x10 Drivers/STemWin/Lib/\libSTemWin_CM4_OS_wc16_ARGB.a(GUI_Alloc.o)
                0x080052c8                GUI_ALLOC_AssignMemory
 .text.GUI_ALLOC_Free
                0x080052d8       0x30 Drivers/STemWin/Lib/\libSTemWin_CM4_OS_wc16_ARGB.a(GUI_Alloc.o)
                0x080052d8                GUI_ALLOC_Free
 .text._EnlargeBlocks
                0x08005308       0x9c Drivers/STemWin/Lib/\libSTemWin_CM4_OS_wc16_ARGB.a(GUI_Alloc.o)
 .text._InitOnce
                0x080053a4       0x68 Drivers/STemWin/Lib/\libSTemWin_CM4_OS_wc16_ARGB.a(GUI_Alloc.o)
 .text.GUI_ALLOC_GetFixedBlock
                0x0800540c       0xa4 Drivers/STemWin/Lib/\libSTemWin_CM4_OS_wc16_ARGB.a(GUI_Alloc.o)
                0x0800540c                GUI_ALLOC_GetFixedBlock
 .text._Alloc   0x080054b0       0xf0 Drivers/STemWin/Lib/\libSTemWin_CM4_OS_wc16_ARGB.a(GUI_Alloc.o)
 .text.GUI_ALLOC_AllocNoInit
                0x080055a0       0x1a Drivers/STemWin/Lib/\libSTemWin_CM4_OS_wc16_ARGB.a(GUI_Alloc.o)
                0x080055a0                GUI_ALLOC_AllocNoInit
 *fill*         0x080055ba        0x2 
 .text.GUI_ALLOC_AllocZero
                0x080055bc       0x3c Drivers/STemWin/Lib/\libSTemWin_CM4_OS_wc16_ARGB.a(GUI_Alloc.o)
                0x080055bc                GUI_ALLOC_AllocZero
 .text.GUI_CalcColorDist
                0x080055f8       0x4a Drivers/STemWin/Lib/\libSTemWin_CM4_OS_wc16_ARGB.a(GUI_Common.o)
                0x080055f8                GUI_CalcColorDist
 *fill*         0x08005642        0x2 
 .text.GUI_GetVersionString
                0x08005644       0x18 Drivers/STemWin/Lib/\libSTemWin_CM4_OS_wc16_ARGB.a(GUI_Common.o)
                0x08005644                GUI_GetVersionString
 .text.GUI_MergeRect
                0x0800565c       0x56 Drivers/STemWin/Lib/\libSTemWin_CM4_OS_wc16_ARGB.a(GUI_Common.o)
                0x0800565c                GUI_MergeRect
 .text.GUI_MoveRect
                0x080056b2       0x20 Drivers/STemWin/Lib/\libSTemWin_CM4_OS_wc16_ARGB.a(GUI_Common.o)
                0x080056b2                GUI_MoveRect
 *fill*         0x080056d2        0x2 
 .text.GUI_GotoXY
                0x080056d4       0x20 Drivers/STemWin/Lib/\libSTemWin_CM4_OS_wc16_ARGB.a(GUI_Common.o)
                0x080056d4                GUI_GotoXY
 .text.GUI_RectsIntersect
                0x080056f4       0x3a Drivers/STemWin/Lib/\libSTemWin_CM4_OS_wc16_ARGB.a(GUI_Common.o)
                0x080056f4                GUI_RectsIntersect
 .text.GUI_SelectLCD
                0x0800572e       0x1a Drivers/STemWin/Lib/\libSTemWin_CM4_OS_wc16_ARGB.a(GUI_Common.o)
                0x0800572e                GUI_SelectLCD
 .text.GUI_SetBkColor
                0x08005748       0x16 Drivers/STemWin/Lib/\libSTemWin_CM4_OS_wc16_ARGB.a(GUI_Common.o)
                0x08005748                GUI_SetBkColor
 *fill*         0x0800575e        0x2 
 .text.GUI_SetOrg
                0x08005760       0x40 Drivers/STemWin/Lib/\libSTemWin_CM4_OS_wc16_ARGB.a(GUI_Common.o)
                0x08005760                GUI_SetOrg
 .text._InitContext
                0x080057a0       0x80 Drivers/STemWin/Lib/\libSTemWin_CM4_OS_wc16_ARGB.a(GUI_Core.o)
 .text._OnExit  0x08005820       0x44 Drivers/STemWin/Lib/\libSTemWin_CM4_OS_wc16_ARGB.a(GUI_Core.o)
 .text.GUI_SetDefaultFont
                0x08005864        0xc Drivers/STemWin/Lib/\libSTemWin_CM4_OS_wc16_ARGB.a(GUI_Core.o)
                0x08005864                GUI_SetDefaultFont
 .text.GUI_ClearRect
                0x08005870       0x6c Drivers/STemWin/Lib/\libSTemWin_CM4_OS_wc16_ARGB.a(GUI_Core.o)
                0x08005870                GUI_ClearRect
 .text.GUI_Clear
                0x080058dc       0x20 Drivers/STemWin/Lib/\libSTemWin_CM4_OS_wc16_ARGB.a(GUI_Core.o)
                0x080058dc                GUI_Clear
 .text.GUI__Config
                0x080058fc       0x94 Drivers/STemWin/Lib/\libSTemWin_CM4_OS_wc16_ARGB.a(GUI_Core.o)
                0x080058fc                GUI__Config
 .text.GUI_Init
                0x08005990       0xfc Drivers/STemWin/Lib/\libSTemWin_CM4_OS_wc16_ARGB.a(GUI_Core.o)
                0x08005990                GUI_Init
 .text.GUI__RegisterExit
                0x08005a8c       0x28 Drivers/STemWin/Lib/\libSTemWin_CM4_OS_wc16_ARGB.a(GUI_Core.o)
                0x08005a8c                GUI__RegisterExit
 .text.GUI_DEVICE__GetpDriver
                0x08005ab4       0x20 Drivers/STemWin/Lib/\libSTemWin_CM4_OS_wc16_ARGB.a(GUI_Device.o)
                0x08005ab4                GUI_DEVICE__GetpDriver
 .text.GUI_DEVICE_Delete
                0x08005ad4        0x4 Drivers/STemWin/Lib/\libSTemWin_CM4_OS_wc16_ARGB.a(GUI_Device.o)
                0x08005ad4                GUI_DEVICE_Delete
 .text.GUI_DEVICE_Create
                0x08005ad8       0x4c Drivers/STemWin/Lib/\libSTemWin_CM4_OS_wc16_ARGB.a(GUI_Device.o)
                0x08005ad8                GUI_DEVICE_Create
 .text.GUI_DEVICE_Unlink
                0x08005b24       0x30 Drivers/STemWin/Lib/\libSTemWin_CM4_OS_wc16_ARGB.a(GUI_Device.o)
                0x08005b24                GUI_DEVICE_Unlink
 .text.GUI_DEVICE_Link
                0x08005b54       0x84 Drivers/STemWin/Lib/\libSTemWin_CM4_OS_wc16_ARGB.a(GUI_Device.o)
                0x08005b54                GUI_DEVICE_Link
 .text.GUI_DEVICE_CreateAndLink
                0x08005bd8       0x28 Drivers/STemWin/Lib/\libSTemWin_CM4_OS_wc16_ARGB.a(GUI_Device.o)
                0x08005bd8                GUI_DEVICE_CreateAndLink
 .text.GUI_DEVICE_UnlinkTaskDevices
                0x08005c00        0x4 Drivers/STemWin/Lib/\libSTemWin_CM4_OS_wc16_ARGB.a(GUI_Device.o)
                0x08005c00                GUI_DEVICE_UnlinkTaskDevices
 .text.GUI_DEVICE_LinkDevices
                0x08005c04       0x10 Drivers/STemWin/Lib/\libSTemWin_CM4_OS_wc16_ARGB.a(GUI_Device.o)
                0x08005c04                GUI_DEVICE_LinkDevices
 .text.GUI_StoreKey
                0x08005c14       0x10 Drivers/STemWin/Lib/\libSTemWin_CM4_OS_wc16_ARGB.a(GUI_OnKey.o)
                0x08005c14                GUI_StoreKey
 .text._GetTaskNo
                0x08005c24       0x3c Drivers/STemWin/Lib/\libSTemWin_CM4_OS_wc16_ARGB.a(GUI_Task.o)
 .text._OnExit  0x08005c60       0x14 Drivers/STemWin/Lib/\libSTemWin_CM4_OS_wc16_ARGB.a(GUI_Task.o)
 .text.GUI_Unlock
                0x08005c74       0x14 Drivers/STemWin/Lib/\libSTemWin_CM4_OS_wc16_ARGB.a(GUI_Task.o)
                0x08005c74                GUI_Unlock
 .text.GUI_Lock
                0x08005c88       0x78 Drivers/STemWin/Lib/\libSTemWin_CM4_OS_wc16_ARGB.a(GUI_Task.o)
                0x08005c88                GUI_Lock
 .text.GUITASK_Init
                0x08005d00       0x4c Drivers/STemWin/Lib/\libSTemWin_CM4_OS_wc16_ARGB.a(GUI_Task.o)
                0x08005d00                GUITASK_Init
 .text.GUITASK_CopyContext
                0x08005d4c       0x70 Drivers/STemWin/Lib/\libSTemWin_CM4_OS_wc16_ARGB.a(GUI_Task.o)
                0x08005d4c                GUITASK_CopyContext
 .text._GetCharCode
                0x08005dbc        0x4 Drivers/STemWin/Lib/\libSTemWin_CM4_OS_wc16_ARGB.a(GUI_UC_EncodeNone.o)
 .text._GetCharSize
                0x08005dc0        0x4 Drivers/STemWin/Lib/\libSTemWin_CM4_OS_wc16_ARGB.a(GUI_UC_EncodeNone.o)
 .text._CalcSizeOfChar
                0x08005dc4        0x4 Drivers/STemWin/Lib/\libSTemWin_CM4_OS_wc16_ARGB.a(GUI_UC_EncodeNone.o)
 .text._Encode  0x08005dc8        0x6 Drivers/STemWin/Lib/\libSTemWin_CM4_OS_wc16_ARGB.a(GUI_UC_EncodeNone.o)
 *fill*         0x08005dce        0x2 
 .text.GUI_SignalEvent
                0x08005dd0       0x10 Drivers/STemWin/Lib/\libSTemWin_CM4_OS_wc16_ARGB.a(GUI_WaitEvent.o)
                0x08005dd0                GUI_SignalEvent
 .text.GUI__IntersectRect
                0x08005de0       0x3a Drivers/STemWin/Lib/\libSTemWin_CM4_OS_wc16_ARGB.a(GUI__Private.o)
                0x08005de0                GUI__IntersectRect
 .text.GUI__IntersectRects
                0x08005e1a       0x56 Drivers/STemWin/Lib/\libSTemWin_CM4_OS_wc16_ARGB.a(GUI__Private.o)
                0x08005e1a                GUI__IntersectRects
 .text.GUI__memset16
                0x08005e70       0x64 Drivers/STemWin/Lib/\libSTemWin_CM4_OS_wc16_ARGB.a(GUI__Private.o)
                0x08005e70                GUI__memset16
 .text._SetDrawMode
                0x08005ed4       0x28 Drivers/STemWin/Lib/\libSTemWin_CM4_OS_wc16_ARGB.a(LCD.o)
 .text.LCD_SetDrawMode
                0x08005efc        0xc Drivers/STemWin/Lib/\libSTemWin_CM4_OS_wc16_ARGB.a(LCD.o)
                0x08005efc                LCD_SetDrawMode
 .text.LCD_DrawPixel
                0x08005f08       0x60 Drivers/STemWin/Lib/\libSTemWin_CM4_OS_wc16_ARGB.a(LCD.o)
                0x08005f08                LCD_DrawPixel
 .text.LCD_DrawHLine
                0x08005f68       0x50 Drivers/STemWin/Lib/\libSTemWin_CM4_OS_wc16_ARGB.a(LCD.o)
                0x08005f68                LCD_DrawHLine
 .text.LCD_FillRect
                0x08005fb8       0x58 Drivers/STemWin/Lib/\libSTemWin_CM4_OS_wc16_ARGB.a(LCD.o)
                0x08005fb8                LCD_FillRect
 .text.LCD__DrawBitmap_1bpp
                0x08006010      0x1d8 Drivers/STemWin/Lib/\libSTemWin_CM4_OS_wc16_ARGB.a(LCD.o)
                0x08006010                LCD__DrawBitmap_1bpp
 .text.LCD_DrawBitmap
                0x080061e8      0x224 Drivers/STemWin/Lib/\libSTemWin_CM4_OS_wc16_ARGB.a(LCD.o)
                0x080061e8                LCD_DrawBitmap
 .text.LCD_SetClipRectMax
                0x0800640c       0x1c Drivers/STemWin/Lib/\libSTemWin_CM4_OS_wc16_ARGB.a(LCD.o)
                0x0800640c                LCD_SetClipRectMax
 .text.emWin_LCD_Init
                0x08006428       0xa4 Drivers/STemWin/Lib/\libSTemWin_CM4_OS_wc16_ARGB.a(LCD.o)
                0x08006428                emWin_LCD_Init
 .text.LCD_Color2Index
                0x080064cc       0x1c Drivers/STemWin/Lib/\libSTemWin_CM4_OS_wc16_ARGB.a(LCD.o)
                0x080064cc                LCD_Color2Index
 .text.LCD_Index2Color
                0x080064e8       0x1c Drivers/STemWin/Lib/\libSTemWin_CM4_OS_wc16_ARGB.a(LCD.o)
                0x080064e8                LCD_Index2Color
 .text.LCD_SetColorIndex
                0x08006504       0x18 Drivers/STemWin/Lib/\libSTemWin_CM4_OS_wc16_ARGB.a(LCD.o)
                0x08006504                LCD_SetColorIndex
 .text._SetColor
                0x0800651c       0x20 Drivers/STemWin/Lib/\libSTemWin_CM4_OS_wc16_ARGB.a(LCD.o)
 .text.LCD_SetBkColorIndex
                0x0800653c       0x18 Drivers/STemWin/Lib/\libSTemWin_CM4_OS_wc16_ARGB.a(LCD.o)
                0x0800653c                LCD_SetBkColorIndex
 .text._SetBkColor
                0x08006554       0x20 Drivers/STemWin/Lib/\libSTemWin_CM4_OS_wc16_ARGB.a(LCD.o)
 .text.LCD_SetBkColor
                0x08006574        0xc Drivers/STemWin/Lib/\libSTemWin_CM4_OS_wc16_ARGB.a(LCD.o)
                0x08006574                LCD_SetBkColor
 .text.LCD_SetColor
                0x08006580        0xc Drivers/STemWin/Lib/\libSTemWin_CM4_OS_wc16_ARGB.a(LCD.o)
                0x08006580                LCD_SetColor
 .text._OnExit  0x0800658c       0x1c Drivers/STemWin/Lib/\libSTemWin_CM4_OS_wc16_ARGB.a(LCD_Color.o)
 .text.LCD_InitColors
                0x080065a8       0x3c Drivers/STemWin/Lib/\libSTemWin_CM4_OS_wc16_ARGB.a(LCD_Color.o)
                0x080065a8                LCD_InitColors
 .text.LCD_GetpPalConvTableUncached
                0x080065e4       0x6c Drivers/STemWin/Lib/\libSTemWin_CM4_OS_wc16_ARGB.a(LCD_Color.o)
                0x080065e4                LCD_GetpPalConvTableUncached
 .text.LCD_GetpPalConvTableBM
                0x08006650        0x4 Drivers/STemWin/Lib/\libSTemWin_CM4_OS_wc16_ARGB.a(LCD_Color.o)
                0x08006650                LCD_GetpPalConvTableBM
 .text.LCD_InitLUT
                0x08006654       0x88 Drivers/STemWin/Lib/\libSTemWin_CM4_OS_wc16_ARGB.a(LCD_Color.o)
                0x08006654                LCD_InitLUT
 .text._GetDevProp
                0x080066dc       0x1e Drivers/STemWin/Lib/\libSTemWin_CM4_OS_wc16_ARGB.a(LCD_GetEx.o)
 .text._GetMaxValue
                0x080066fa       0x22 Drivers/STemWin/Lib/\libSTemWin_CM4_OS_wc16_ARGB.a(LCD_GetEx.o)
 .text.LCD_GetBitsPerPixelEx
                0x0800671c        0x6 Drivers/STemWin/Lib/\libSTemWin_CM4_OS_wc16_ARGB.a(LCD_GetEx.o)
                0x0800671c                LCD_GetBitsPerPixelEx
 .text.LCD_GetNumColorsEx
                0x08006722        0x6 Drivers/STemWin/Lib/\libSTemWin_CM4_OS_wc16_ARGB.a(LCD_GetEx.o)
                0x08006722                LCD_GetNumColorsEx
 .text.LCD_GetNumColors
                0x08006728       0x10 Drivers/STemWin/Lib/\libSTemWin_CM4_OS_wc16_ARGB.a(LCD_GetEx.o)
                0x08006728                LCD_GetNumColors
 .text.GUI_GetBitsPerPixelEx
                0x08006738       0x14 Drivers/STemWin/Lib/\libSTemWin_CM4_OS_wc16_ARGB.a(LCD_GetEx.o)
                0x08006738                GUI_GetBitsPerPixelEx
 .text.LCD_GetPaletteEx
                0x0800674c       0x16 Drivers/STemWin/Lib/\libSTemWin_CM4_OS_wc16_ARGB.a(LCD_GetEx.o)
                0x0800674c                LCD_GetPaletteEx
 *fill*         0x08006762        0x2 
 .text.LCD_GetPalette
                0x08006764       0x10 Drivers/STemWin/Lib/\libSTemWin_CM4_OS_wc16_ARGB.a(LCD_GetEx.o)
                0x08006764                LCD_GetPalette
 .text.GUI_GetpfIndex2ColorEx
                0x08006774       0x10 Drivers/STemWin/Lib/\libSTemWin_CM4_OS_wc16_ARGB.a(LCD_GetEx.o)
                0x08006774                GUI_GetpfIndex2ColorEx
 .text.GUI_GetpfColor2IndexEx
                0x08006784       0x10 Drivers/STemWin/Lib/\libSTemWin_CM4_OS_wc16_ARGB.a(LCD_GetEx.o)
                0x08006784                GUI_GetpfColor2IndexEx
 .text.LCD_GetXSizeMax
                0x08006794        0x6 Drivers/STemWin/Lib/\libSTemWin_CM4_OS_wc16_ARGB.a(LCD_GetEx.o)
                0x08006794                LCD_GetXSizeMax
 .text.LCD_GetYSizeMax
                0x0800679a        0x6 Drivers/STemWin/Lib/\libSTemWin_CM4_OS_wc16_ARGB.a(LCD_GetEx.o)
                0x0800679a                LCD_GetYSizeMax
 .text.LCD_SetDisplaySize
                0x080067a0        0xc Drivers/STemWin/Lib/\libSTemWin_CM4_OS_wc16_ARGB.a(LCD_GetEx.o)
                0x080067a0                LCD_SetDisplaySize
 .text.LCD_GetXSizeDisplay
                0x080067ac        0xc Drivers/STemWin/Lib/\libSTemWin_CM4_OS_wc16_ARGB.a(LCD_GetEx.o)
                0x080067ac                LCD_GetXSizeDisplay
 .text.LCD_GetYSizeDisplay
                0x080067b8        0xc Drivers/STemWin/Lib/\libSTemWin_CM4_OS_wc16_ARGB.a(LCD_GetEx.o)
                0x080067b8                LCD_GetYSizeDisplay
 .text.LCD__GetBPP
                0x080067c4       0x7e Drivers/STemWin/Lib/\libSTemWin_CM4_OS_wc16_ARGB.a(LCD_GetEx.o)
                0x080067c4                LCD__GetBPP
 .text.LCD__GetBPPDevice
                0x08006842       0x2c Drivers/STemWin/Lib/\libSTemWin_CM4_OS_wc16_ARGB.a(LCD_GetEx.o)
                0x08006842                LCD__GetBPPDevice
 .text.LCD_GetNumLayers
                0x0800686e       0x1e Drivers/STemWin/Lib/\libSTemWin_CM4_OS_wc16_ARGB.a(LCD_GetNumDisplays.o)
                0x0800686e                LCD_GetNumLayers
 .text.LCD_SelectLCD
                0x0800688c       0x40 Drivers/STemWin/Lib/\libSTemWin_CM4_OS_wc16_ARGB.a(LCD_SelectLCD.o)
                0x0800688c                LCD_SelectLCD
 .text.LCD_SetLUTEntryEx
                0x080068cc       0x30 Drivers/STemWin/Lib/\libSTemWin_CM4_OS_wc16_ARGB.a(LCD_Set.o)
                0x080068cc                LCD_SetLUTEntryEx
 .text.LCD_SetSizeEx
                0x080068fc       0x30 Drivers/STemWin/Lib/\libSTemWin_CM4_OS_wc16_ARGB.a(LCD_Set.o)
                0x080068fc                LCD_SetSizeEx
 .text.LCD_SetVSizeEx
                0x0800692c       0x30 Drivers/STemWin/Lib/\libSTemWin_CM4_OS_wc16_ARGB.a(LCD_Set.o)
                0x0800692c                LCD_SetVSizeEx
 .text.LCD_UpdateColorIndices
                0x0800695c       0x24 Drivers/STemWin/Lib/\libSTemWin_CM4_OS_wc16_ARGB.a(LCD_UpdateColorIndices.o)
                0x0800695c                LCD_UpdateColorIndices
 .text._GetDevData
                0x08006980       0x10 Drivers/STemWin/Lib/\libSTemWin_CM4_OS_wc16_ARGB.a(GUIDEV_16.o)
 .text._GetDevFunc
                0x08006990       0x10 Drivers/STemWin/Lib/\libSTemWin_CM4_OS_wc16_ARGB.a(GUIDEV_16.o)
 .text._SetOrg  0x080069a0        0xc Drivers/STemWin/Lib/\libSTemWin_CM4_OS_wc16_ARGB.a(GUIDEV_16.o)
 .text._GetRect
                0x080069ac       0x36 Drivers/STemWin/Lib/\libSTemWin_CM4_OS_wc16_ARGB.a(GUIDEV_16.o)
 *fill*         0x080069e2        0x2 
 .text._XY2PTR  0x080069e4       0x40 Drivers/STemWin/Lib/\libSTemWin_CM4_OS_wc16_ARGB.a(GUIDEV_16.o)
 .text._GetPixelIndex
                0x08006a24        0xe Drivers/STemWin/Lib/\libSTemWin_CM4_OS_wc16_ARGB.a(GUIDEV_16.o)
 *fill*         0x08006a32        0x2 
 .text._XorPixel
                0x08006a34       0x58 Drivers/STemWin/Lib/\libSTemWin_CM4_OS_wc16_ARGB.a(GUIDEV_16.o)
 .text._SetPixelIndex
                0x08006a8c       0x4c Drivers/STemWin/Lib/\libSTemWin_CM4_OS_wc16_ARGB.a(GUIDEV_16.o)
 .text._DrawVLine
                0x08006ad8       0xbc Drivers/STemWin/Lib/\libSTemWin_CM4_OS_wc16_ARGB.a(GUIDEV_16.o)
 .text._FillRect
                0x08006b94       0xb4 Drivers/STemWin/Lib/\libSTemWin_CM4_OS_wc16_ARGB.a(GUIDEV_16.o)
 .text._DrawHLine
                0x08006c48        0xe Drivers/STemWin/Lib/\libSTemWin_CM4_OS_wc16_ARGB.a(GUIDEV_16.o)
 *fill*         0x08006c56        0x2 
 .text._DrawBitmap
                0x08006c58      0x740 Drivers/STemWin/Lib/\libSTemWin_CM4_OS_wc16_ARGB.a(GUIDEV_16.o)
 .text._GetDevProp
                0x08007398       0x18 Drivers/STemWin/Lib/\libSTemWin_CM4_OS_wc16_ARGB.a(GUIDEV_16.o)
 .text.GUI_USAGE_DecUseCnt
                0x080073b0       0x32 Drivers/STemWin/Lib/\libSTemWin_CM4_OS_wc16_ARGB.a(GUIDEV_Usage.o)
                0x080073b0                GUI_USAGE_DecUseCnt
 .text.GUI_USAGE_AddRect
                0x080073e2       0x26 Drivers/STemWin/Lib/\libSTemWin_CM4_OS_wc16_ARGB.a(GUIDEV_Usage.o)
                0x080073e2                GUI_USAGE_AddRect
 .text._Convert16
                0x08007408       0x3e Drivers/STemWin/Lib/\libSTemWin_CM4_OS_wc16_ARGB.a(GUIDEV_WriteToActiveOpaque.o)
 .text._Convert8
                0x08007446       0x42 Drivers/STemWin/Lib/\libSTemWin_CM4_OS_wc16_ARGB.a(GUIDEV_WriteToActiveOpaque.o)
 .text.GUI_MEMDEV__WriteToActiveOpaque
                0x08007488      0x74c Drivers/STemWin/Lib/\libSTemWin_CM4_OS_wc16_ARGB.a(GUIDEV_WriteToActiveOpaque.o)
                0x08007488                GUI_MEMDEV__WriteToActiveOpaque
 .text._OnExit  0x08007bd4       0x9c Drivers/STemWin/Lib/\libSTemWin_CM4_OS_wc16_ARGB.a(WM.o)
 .text._Findy1  0x08007c70       0xa6 Drivers/STemWin/Lib/\libSTemWin_CM4_OS_wc16_ARGB.a(WM.o)
 .text._Findx0  0x08007d16       0x86 Drivers/STemWin/Lib/\libSTemWin_CM4_OS_wc16_ARGB.a(WM.o)
 .text._Findx1  0x08007d9c       0x72 Drivers/STemWin/Lib/\libSTemWin_CM4_OS_wc16_ARGB.a(WM.o)
 *fill*         0x08007e0e        0x2 
 .text.WM__ClipAtParentBorders
                0x08007e10       0x58 Drivers/STemWin/Lib/\libSTemWin_CM4_OS_wc16_ARGB.a(WM.o)
                0x08007e10                WM__ClipAtParentBorders
 .text.WM__InsertWindowIntoList
                0x08007e68       0xac Drivers/STemWin/Lib/\libSTemWin_CM4_OS_wc16_ARGB.a(WM.o)
                0x08007e68                WM__InsertWindowIntoList
 .text.WM__Client2Screen
                0x08007f14       0x10 Drivers/STemWin/Lib/\libSTemWin_CM4_OS_wc16_ARGB.a(WM.o)
                0x08007f14                WM__Client2Screen
 .text._SetClipRectUserIntersect
                0x08007f24       0x50 Drivers/STemWin/Lib/\libSTemWin_CM4_OS_wc16_ARGB.a(WM.o)
 .text.WM__ActivateClipRect
                0x08007f74       0x48 Drivers/STemWin/Lib/\libSTemWin_CM4_OS_wc16_ARGB.a(WM.o)
                0x08007f74                WM__ActivateClipRect
 .text.WM__InvalidateDrawAndDescs
                0x08007fbc       0x50 Drivers/STemWin/Lib/\libSTemWin_CM4_OS_wc16_ARGB.a(WM.o)
                0x08007fbc                WM__InvalidateDrawAndDescs
 .text.WM__RectIsNZ
                0x0800800c       0x22 Drivers/STemWin/Lib/\libSTemWin_CM4_OS_wc16_ARGB.a(WM.o)
                0x0800800c                WM__RectIsNZ
 .text.WM__SendMsgNoData
                0x0800802e       0x16 Drivers/STemWin/Lib/\libSTemWin_CM4_OS_wc16_ARGB.a(WM.o)
                0x0800802e                WM__SendMsgNoData
 .text.WM__GetClientRectWin
                0x08008044       0x18 Drivers/STemWin/Lib/\libSTemWin_CM4_OS_wc16_ARGB.a(WM.o)
                0x08008044                WM__GetClientRectWin
 .text.WM__GetTopLevelLayer
                0x0800805c       0x28 Drivers/STemWin/Lib/\libSTemWin_CM4_OS_wc16_ARGB.a(WM.o)
                0x0800805c                WM__GetTopLevelLayer
 .text._Invalidate1Abs
                0x08008084       0xa0 Drivers/STemWin/Lib/\libSTemWin_CM4_OS_wc16_ARGB.a(WM.o)
 .text.WM__Invalidate1Abs
                0x08008124        0x6 Drivers/STemWin/Lib/\libSTemWin_CM4_OS_wc16_ARGB.a(WM.o)
                0x08008124                WM__Invalidate1Abs
 .text.WM_InvalidateWindowAndDescsEx
                0x0800812a       0x64 Drivers/STemWin/Lib/\libSTemWin_CM4_OS_wc16_ARGB.a(WM.o)
                0x0800812a                WM_InvalidateWindowAndDescsEx
 .text.WM__InvalidateRect
                0x0800818e       0x76 Drivers/STemWin/Lib/\libSTemWin_CM4_OS_wc16_ARGB.a(WM.o)
                0x0800818e                WM__InvalidateRect
 .text.WM__InvalidateRectEx
                0x08008204        0x6 Drivers/STemWin/Lib/\libSTemWin_CM4_OS_wc16_ARGB.a(WM.o)
                0x08008204                WM__InvalidateRectEx
 .text.WM_InvalidateRect
                0x0800820a       0x82 Drivers/STemWin/Lib/\libSTemWin_CM4_OS_wc16_ARGB.a(WM.o)
                0x0800820a                WM_InvalidateRect
 .text.WM_InvalidateWindow
                0x0800828c        0x6 Drivers/STemWin/Lib/\libSTemWin_CM4_OS_wc16_ARGB.a(WM.o)
                0x0800828c                WM_InvalidateWindow
 .text.WM__SelectTopLevelLayer
                0x08008292       0x14 Drivers/STemWin/Lib/\libSTemWin_CM4_OS_wc16_ARGB.a(WM.o)
                0x08008292                WM__SelectTopLevelLayer
 *fill*         0x080082a6        0x2 
 .text.WM_SelectWindow
                0x080082a8       0x48 Drivers/STemWin/Lib/\libSTemWin_CM4_OS_wc16_ARGB.a(WM.o)
                0x080082a8                WM_SelectWindow
 .text.WM_CreateWindowAsChild
                0x080082f0      0x168 Drivers/STemWin/Lib/\libSTemWin_CM4_OS_wc16_ARGB.a(WM.o)
                0x080082f0                WM_CreateWindowAsChild
 .text.WM__GetNextIVR
                0x08008458      0x184 Drivers/STemWin/Lib/\libSTemWin_CM4_OS_wc16_ARGB.a(WM.o)
                0x08008458                WM__GetNextIVR
 .text.WM__InitIVRSearch
                0x080085dc      0x100 Drivers/STemWin/Lib/\libSTemWin_CM4_OS_wc16_ARGB.a(WM.o)
                0x080085dc                WM__InitIVRSearch
 .text.WM_Activate
                0x080086dc       0x10 Drivers/STemWin/Lib/\libSTemWin_CM4_OS_wc16_ARGB.a(WM.o)
                0x080086dc                WM_Activate
 .text.WM_DefaultProc
                0x080086ec       0x48 Drivers/STemWin/Lib/\libSTemWin_CM4_OS_wc16_ARGB.a(WM.o)
                0x080086ec                WM_DefaultProc
 .text._cbBackWin
                0x08008734       0x68 Drivers/STemWin/Lib/\libSTemWin_CM4_OS_wc16_ARGB.a(WM.o)
 .text.WM_Init  0x0800879c       0xf0 Drivers/STemWin/Lib/\libSTemWin_CM4_OS_wc16_ARGB.a(WM.o)
                0x0800879c                WM_Init
 .text.WM_GetDesktopWindow
                0x0800888c       0x18 Drivers/STemWin/Lib/\libSTemWin_CM4_OS_wc16_ARGB.a(WM_Lib.o)
                0x0800888c                WM_GetDesktopWindow
 .text.WM_GetFirstChild
                0x080088a4       0x1a Drivers/STemWin/Lib/\libSTemWin_CM4_OS_wc16_ARGB.a(WM_Lib.o)
                0x080088a4                WM_GetFirstChild
 .text.WM_GetParent
                0x080088be       0x1a Drivers/STemWin/Lib/\libSTemWin_CM4_OS_wc16_ARGB.a(WM_Lib.o)
                0x080088be                WM_GetParent
 .text.WM_BringToBottom
                0x080088d8       0x90 Drivers/STemWin/Lib/\libSTemWin_CM4_OS_wc16_ARGB.a(WM_Lib.o)
                0x080088d8                WM_BringToBottom
 .text.WM_SendToParent
                0x08008968       0x26 Drivers/STemWin/Lib/\libSTemWin_CM4_OS_wc16_ARGB.a(WM_Lib.o)
                0x08008968                WM_SendToParent
 .text.WM__GetFirstSibling
                0x0800898e       0x12 Drivers/STemWin/Lib/\libSTemWin_CM4_OS_wc16_ARGB.a(WM__Private.o)
                0x0800898e                WM__GetFirstSibling
 .text.WM__GetPrevSibling
                0x080089a0       0x26 Drivers/STemWin/Lib/\libSTemWin_CM4_OS_wc16_ARGB.a(WM__Private.o)
                0x080089a0                WM__GetPrevSibling
 *fill*         0x080089c6        0x2 
 .text.WM__SendMessage
                0x080089c8       0x3c Drivers/STemWin/Lib/\libSTemWin_CM4_OS_wc16_ARGB.a(WM__Private.o)
                0x080089c8                WM__SendMessage
 .text.WM__AddCriticalHandle
                0x08008a04       0x10 Drivers/STemWin/Lib/\libSTemWin_CM4_OS_wc16_ARGB.a(WM__Private.o)
                0x08008a04                WM__AddCriticalHandle
 .text.WM__GetClientRectEx
                0x08008a14       0x22 Drivers/STemWin/Lib/\libSTemWin_CM4_OS_wc16_ARGB.a(WM__Private.o)
                0x08008a14                WM__GetClientRectEx
 .text._GetIndexMask_0
                0x08008a36       0x52 Drivers/STemWin/Lib/\libSTemWin_CM4_OS_wc16_ARGB.a(GUICC_0.o)
 .text._Index2Color_0
                0x08008a88       0x1e Drivers/STemWin/Lib/\libSTemWin_CM4_OS_wc16_ARGB.a(GUICC_0.o)
 .text._Color2Index_0
                0x08008aa6       0x52 Drivers/STemWin/Lib/\libSTemWin_CM4_OS_wc16_ARGB.a(GUICC_0.o)
 .text.GUIMONO_DispChar
                0x08008af8      0x13c Drivers/STemWin/Lib/\libSTemWin_CM4_OS_wc16_ARGB.a(GUI_CharM.o)
                0x08008af8                GUIMONO_DispChar
 .text.GUIMONO_GetCharDistX
                0x08008c34       0x18 Drivers/STemWin/Lib/\libSTemWin_CM4_OS_wc16_ARGB.a(GUI_CharM.o)
                0x08008c34                GUIMONO_GetCharDistX
 .text.GUIMONO_GetFontInfo
                0x08008c4c        0x6 Drivers/STemWin/Lib/\libSTemWin_CM4_OS_wc16_ARGB.a(GUI_CharM.o)
                0x08008c4c                GUIMONO_GetFontInfo
 .text.GUIMONO_IsInFont
                0x08008c52       0x36 Drivers/STemWin/Lib/\libSTemWin_CM4_OS_wc16_ARGB.a(GUI_CharM.o)
                0x08008c52                GUIMONO_IsInFont
 .text.GUI_SelectLayer
                0x08008c88       0x38 Drivers/STemWin/Lib/\libSTemWin_CM4_OS_wc16_ARGB.a(GUI_SelectLayer.o)
                0x08008c88                GUI_SelectLayer
 .text.GUI__CompactPixelIndices
                0x08008cc0      0x15e Drivers/STemWin/Lib/\libSTemWin_CM4_OS_wc16_ARGB.a(GUI__CompactPixelIndices.o)
                0x08008cc0                GUI__CompactPixelIndices
 *fill*         0x08008e1e        0x2 
 .text.LCD_SetClipRectEx
                0x08008e20       0x30 Drivers/STemWin/Lib/\libSTemWin_CM4_OS_wc16_ARGB.a(LCD_SetClipRectEx.o)
                0x08008e20                LCD_SetClipRectEx
 .text.GUI_MEMDEV_GetBitsPerPixel
                0x08008e50       0x34 Drivers/STemWin/Lib/\libSTemWin_CM4_OS_wc16_ARGB.a(GUIDEV.o)
                0x08008e50                GUI_MEMDEV_GetBitsPerPixel
 .text.GUI_MEMDEV_Delete
                0x08008e84       0x4c Drivers/STemWin/Lib/\libSTemWin_CM4_OS_wc16_ARGB.a(GUIDEV.o)
                0x08008e84                GUI_MEMDEV_Delete
 .text.GUI_MEMDEV_GetDataPtr
                0x08008ed0       0x2a Drivers/STemWin/Lib/\libSTemWin_CM4_OS_wc16_ARGB.a(GUIDEV_GetDataPtr.o)
                0x08008ed0                GUI_MEMDEV_GetDataPtr
 *fill*         0x08008efa        0x2 
 .text.__libc_init_array
                0x08008efc       0x48 f:/stm32/win-dev-tools/gcc-arm-none-eabi/bin/../lib/gcc/arm-none-eabi/10.3.1/../../../../arm-none-eabi/lib/thumb/v7e-m+fp/hard\libc_nano.a(lib_a-init.o)
                0x08008efc                __libc_init_array
 .text.memcpy   0x08008f44       0x1c f:/stm32/win-dev-tools/gcc-arm-none-eabi/bin/../lib/gcc/arm-none-eabi/10.3.1/../../../../arm-none-eabi/lib/thumb/v7e-m+fp/hard\libc_nano.a(lib_a-memcpy-stub.o)
                0x08008f44                memcpy
 .text.memmove  0x08008f60       0x34 f:/stm32/win-dev-tools/gcc-arm-none-eabi/bin/../lib/gcc/arm-none-eabi/10.3.1/../../../../arm-none-eabi/lib/thumb/v7e-m+fp/hard\libc_nano.a(lib_a-memmove.o)
                0x08008f60                memmove
 .text.memset   0x08008f94       0x10 f:/stm32/win-dev-tools/gcc-arm-none-eabi/bin/../lib/gcc/arm-none-eabi/10.3.1/../../../../arm-none-eabi/lib/thumb/v7e-m+fp/hard\libc_nano.a(lib_a-memset.o)
                0x08008f94                memset
 *(.glue_7)
 .glue_7        0x08008fa4        0x0 linker stubs
 *(.glue_7t)
 .glue_7t       0x08008fa4        0x0 linker stubs
 *(.eh_frame)
 .eh_frame      0x08008fa4        0x0 f:/stm32/win-dev-tools/gcc-arm-none-eabi/bin/../lib/gcc/arm-none-eabi/10.3.1/thumb/v7e-m+fp/hard/crtbegin.o
 *(.init)
 .init          0x08008fa4        0x4 f:/stm32/win-dev-tools/gcc-arm-none-eabi/bin/../lib/gcc/arm-none-eabi/10.3.1/thumb/v7e-m+fp/hard/crti.o
                0x08008fa4                _init
 .init          0x08008fa8        0x8 f:/stm32/win-dev-tools/gcc-arm-none-eabi/bin/../lib/gcc/arm-none-eabi/10.3.1/thumb/v7e-m+fp/hard/crtn.o
 *(.fini)
 .fini          0x08008fb0        0x4 f:/stm32/win-dev-tools/gcc-arm-none-eabi/bin/../lib/gcc/arm-none-eabi/10.3.1/thumb/v7e-m+fp/hard/crti.o
                0x08008fb0                _fini
 .fini          0x08008fb4        0x8 f:/stm32/win-dev-tools/gcc-arm-none-eabi/bin/../lib/gcc/arm-none-eabi/10.3.1/thumb/v7e-m+fp/hard/crtn.o
                0x08008fbc                . = ALIGN (0x4)
                0x08008fbc                _etext = .

.vfp11_veneer   0x08008fbc        0x0
 .vfp11_veneer  0x08008fbc        0x0 linker stubs

.v4_bx          0x08008fbc        0x0
 .v4_bx         0x08008fbc        0x0 linker stubs

.iplt           0x08008fbc        0x0
 .iplt          0x08008fbc        0x0 f:/stm32/win-dev-tools/gcc-arm-none-eabi/bin/../lib/gcc/arm-none-eabi/10.3.1/thumb/v7e-m+fp/hard/crtbegin.o

.rodata         0x08008fbc      0xda0
                0x08008fbc                . = ALIGN (0x4)
 *(.rodata)
 .rodata        0x08008fbc       0x18 Drivers/STemWin/Lib/\libSTemWin_CM4_OS_wc16_ARGB.a(GUICC_M565.o)
                0x08008fbc                LCD_API_ColorConv_M565
 .rodata        0x08008fd4       0x17 Drivers/STemWin/Lib/\libSTemWin_CM4_OS_wc16_ARGB.a(GUI_Core.o)
 *fill*         0x08008feb        0x1 
 .rodata        0x08008fec       0x10 Drivers/STemWin/Lib/\libSTemWin_CM4_OS_wc16_ARGB.a(GUI_UC_EncodeNone.o)
                0x08008fec                GUI_UC_None
 .rodata        0x08008ffc      0x370 Drivers/STemWin/Lib/\libSTemWin_CM4_OS_wc16_ARGB.a(GUI__DivTbl.o)
                0x08008ffc                GUI__aConvert_255_63
                0x080090fc                GUI__aConvert_255_31
                0x080091fc                GUI__aConvert_255_15
                0x080092fc                GUI__aConvert_63_255
                0x0800933c                GUI__aConvert_31_255
                0x0800935c                GUI__aConvert_15_255
 .rodata        0x0800936c        0xc Drivers/STemWin/Lib/\libSTemWin_CM4_OS_wc16_ARGB.a(LCD.o)
 .rodata        0x08009378      0x73c Drivers/STemWin/Lib/\libSTemWin_CM4_OS_wc16_ARGB.a(F6x8.o)
                0x08009378                GUI_Font6x9
                0x0800939c                GUI_Font6x8
 .rodata        0x08009ab4       0x74 Drivers/STemWin/Lib/\libSTemWin_CM4_OS_wc16_ARGB.a(GUIDEV_16.o)
                0x08009ab4                GUI_MEMDEV_DEVICE_16
 .rodata        0x08009b28       0x18 Drivers/STemWin/Lib/\libSTemWin_CM4_OS_wc16_ARGB.a(GUICC_0.o)
                0x08009b28                LCD_API_ColorConv_0
 .rodata        0x08009b40      0x100 Drivers/STemWin/Lib/\libSTemWin_CM4_OS_wc16_ARGB.a(LCD_Mirror.o)
                0x08009b40                LCD_aMirror
 *(.rodata*)
 .rodata.AHBPrescTable
                0x08009c40       0x10 build/system_stm32f4xx.o
                0x08009c40                AHBPrescTable
 .rodata.APBPrescTable
                0x08009c50        0x8 build/system_stm32f4xx.o
                0x08009c50                APBPrescTable
 .rodata.str1.4
                0x08009c58       0x25 build/freertos.o
 *fill*         0x08009c7d        0x3 
 .rodata.GUITask_attributes
                0x08009c80       0x24 build/freertos.o
                0x08009c80                GUITask_attributes
 .rodata.KeyTask_attributes
                0x08009ca4       0x24 build/freertos.o
                0x08009ca4                KeyTask_attributes
 .rodata.MainTask_attributes
                0x08009cc8       0x24 build/freertos.o
                0x08009cc8                MainTask_attributes
 .rodata.UartTask_attributes
                0x08009cec       0x24 build/freertos.o
                0x08009cec                UartTask_attributes
 .rodata.vTaskStartScheduler.str1.4
                0x08009d10        0x5 build/tasks.o
 *fill*         0x08009d15        0x3 
 .rodata.prvCheckForValidListAndQueue.str1.4
                0x08009d18        0x5 build/timers.o
 *fill*         0x08009d1d        0x3 
 .rodata.xTimerCreateTimerTask.str1.4
                0x08009d20        0x8 build/timers.o
 .rodata.GUIDRV_Template_API
                0x08009d28       0x34 build/GUIDRV_Template.o
                0x08009d28                GUIDRV_Template_API
                0x08009d5c                . = ALIGN (0x4)

.ARM.extab
 *(.ARM.extab* .gnu.linkonce.armextab.*)

.ARM            0x08009d5c        0x8
                0x08009d5c                __exidx_start = .
 *(.ARM.exidx*)
 .ARM.exidx     0x08009d5c        0x8 f:/stm32/win-dev-tools/gcc-arm-none-eabi/bin/../lib/gcc/arm-none-eabi/10.3.1/thumb/v7e-m+fp/hard\libgcc.a(_udivmoddi4.o)
                0x08009d64                __exidx_end = .

.rel.dyn        0x08009d64        0x0
 .rel.iplt      0x08009d64        0x0 f:/stm32/win-dev-tools/gcc-arm-none-eabi/bin/../lib/gcc/arm-none-eabi/10.3.1/thumb/v7e-m+fp/hard/crtbegin.o

.preinit_array  0x08009d64        0x0
                0x08009d64                PROVIDE (__preinit_array_start = .)
 *(.preinit_array*)
                0x08009d64                PROVIDE (__preinit_array_end = .)

.init_array     0x08009d64        0x4
                0x08009d64                PROVIDE (__init_array_start = .)
 *(SORT_BY_NAME(.init_array.*))
 *(.init_array*)
 .init_array    0x08009d64        0x4 f:/stm32/win-dev-tools/gcc-arm-none-eabi/bin/../lib/gcc/arm-none-eabi/10.3.1/thumb/v7e-m+fp/hard/crtbegin.o
                0x08009d68                PROVIDE (__init_array_end = .)

.fini_array     0x08009d68        0x4
                [!provide]                PROVIDE (__fini_array_start = .)
 *(SORT_BY_NAME(.fini_array.*))
 *(.fini_array*)
 .fini_array    0x08009d68        0x4 f:/stm32/win-dev-tools/gcc-arm-none-eabi/bin/../lib/gcc/arm-none-eabi/10.3.1/thumb/v7e-m+fp/hard/crtbegin.o
                [!provide]                PROVIDE (__fini_array_end = .)
                0x08009d6c                _sidata = LOADADDR (.data)

.data           0x20000000       0x44 load address 0x08009d6c
                0x20000000                . = ALIGN (0x4)
                0x20000000                _sdata = .
 *(.data)
 .data          0x20000000        0x7 Drivers/STemWin/Lib/\libSTemWin_CM4_OS_wc16_ARGB.a(GUI_Common.o)
 *fill*         0x20000007        0x1 
 .data          0x20000008       0x14 Drivers/STemWin/Lib/\libSTemWin_CM4_OS_wc16_ARGB.a(GUI_Core.o)
                0x20000008                GUI_pfGetpPalConvTable
                0x2000000c                GUI__pFontDefault
                0x20000010                GUI__ColorDefault
                0x20000014                GUI__BkColorDefault
                0x20000018                GUI_pContext
 .data          0x2000001c        0x8 Drivers/STemWin/Lib/\libSTemWin_CM4_OS_wc16_ARGB.a(GUI_Task.o)
 .data          0x20000024        0x8 Drivers/STemWin/Lib/\libSTemWin_CM4_OS_wc16_ARGB.a(GUI__Private.o)
                0x20000024                GUI__pfMemcpy
                0x20000028                GUI__pfMemset
 .data          0x2000002c        0x4 Drivers/STemWin/Lib/\libSTemWin_CM4_OS_wc16_ARGB.a(LCD.o)
                0x2000002c                LCD__pSetColorAPI
 .data          0x20000030        0x4 Drivers/STemWin/Lib/\libSTemWin_CM4_OS_wc16_ARGB.a(LCD_Color.o)
 *(.data*)
 .data.uwTickFreq
                0x20000034        0x1 build/stm32f4xx_hal.o
                0x20000034                uwTickFreq
 *fill*         0x20000035        0x3 
 .data.uwTickPrio
                0x20000038        0x4 build/stm32f4xx_hal.o
                0x20000038                uwTickPrio
 .data.SystemCoreClock
                0x2000003c        0x4 build/system_stm32f4xx.o
                0x2000003c                SystemCoreClock
 .data.uxCriticalNesting
                0x20000040        0x4 build/port.o
                0x20000044                . = ALIGN (0x4)
                0x20000044                _edata = .
                0x08009db0                _siccmram = LOADADDR (.ccmram)

.igot.plt       0x20000044        0x0 load address 0x08009db0
 .igot.plt      0x20000044        0x0 f:/stm32/win-dev-tools/gcc-arm-none-eabi/bin/../lib/gcc/arm-none-eabi/10.3.1/thumb/v7e-m+fp/hard/crtbegin.o

.ccmram         0x10000000        0x0 load address 0x08009db0
                0x10000000                . = ALIGN (0x4)
                0x10000000                _sccmram = .
 *(.ccmram)
 *(.ccmram*)
                0x10000000                . = ALIGN (0x4)
                0x10000000                _eccmram = .
                0x10000000                . = ALIGN (0x4)

.bss            0x20000044    0x14ee4
                0x20000044                _sbss = .
                0x20000044                __bss_start__ = _sbss
 *(.bss)
 .bss           0x20000044       0x1c f:/stm32/win-dev-tools/gcc-arm-none-eabi/bin/../lib/gcc/arm-none-eabi/10.3.1/thumb/v7e-m+fp/hard/crtbegin.o
 .bss           0x20000060        0x8 Drivers/STemWin/Lib/\libSTemWin_CM4_OS_wc16_ARGB.a(GUICC_M565.o)
 .bss           0x20000068        0xc Drivers/STemWin/Lib/\libSTemWin_CM4_OS_wc16_ARGB.a(GUI_Alloc.o)
 .bss           0x20000074       0xa4 Drivers/STemWin/Lib/\libSTemWin_CM4_OS_wc16_ARGB.a(GUI_Core.o)
 .bss           0x20000118       0x60 Drivers/STemWin/Lib/\libSTemWin_CM4_OS_wc16_ARGB.a(GUI_OnKey.o)
 .bss           0x20000178       0x14 Drivers/STemWin/Lib/\libSTemWin_CM4_OS_wc16_ARGB.a(GUI_Task.o)
                0x2000017c                GUITASK__EntranceCnt
 .bss           0x2000018c        0x8 Drivers/STemWin/Lib/\libSTemWin_CM4_OS_wc16_ARGB.a(GUI_WaitEvent.o)
 .bss           0x20000194        0xc Drivers/STemWin/Lib/\libSTemWin_CM4_OS_wc16_ARGB.a(LCD_Color.o)
 .bss           0x200001a0        0x8 Drivers/STemWin/Lib/\libSTemWin_CM4_OS_wc16_ARGB.a(LCD_GetEx.o)
 .bss           0x200001a8        0x4 Drivers/STemWin/Lib/\libSTemWin_CM4_OS_wc16_ARGB.a(GUIDEV_16.o)
 .bss           0x200001ac       0x30 Drivers/STemWin/Lib/\libSTemWin_CM4_OS_wc16_ARGB.a(WM.o)
 .bss           0x200001dc        0x4 Drivers/STemWin/Lib/\libSTemWin_CM4_OS_wc16_ARGB.a(WM__Private.o)
 *(.bss*)
 .bss.uwTick    0x200001e0        0x4 build/stm32f4xx_hal.o
                0x200001e0                uwTick
 .bss.GUITaskHandle
                0x200001e4        0x4 build/freertos.o
                0x200001e4                GUITaskHandle
 .bss.KeyTaskHandle
                0x200001e8        0x4 build/freertos.o
                0x200001e8                KeyTaskHandle
 .bss.MainTaskHandle
                0x200001ec        0x4 build/freertos.o
                0x200001ec                MainTaskHandle
 .bss.UartTaskHandle
                0x200001f0        0x4 build/freertos.o
                0x200001f0                UartTaskHandle
 .bss.hcrc      0x200001f4        0x8 build/crc.o
                0x200001f4                hcrc
 .bss.FSMC_Initialized
                0x200001fc        0x4 build/fsmc.o
 .bss.hsram1    0x20000200       0x50 build/fsmc.o
                0x20000200                hsram1
 .bss.hspi2     0x20000250       0x58 build/spi.o
                0x20000250                hspi2
 .bss.htim7     0x200002a8       0x48 build/stm32f4xx_hal_timebase_tim.o
                0x200002a8                htim7
 .bss.xQueueRegistry
                0x200002f0       0x40 build/queue.o
                0x200002f0                xQueueRegistry
 .bss.pxCurrentTCB
                0x20000330        0x4 build/tasks.o
                0x20000330                pxCurrentTCB
 .bss.pxDelayedTaskList
                0x20000334        0x4 build/tasks.o
 .bss.pxOverflowDelayedTaskList
                0x20000338        0x4 build/tasks.o
 .bss.pxReadyTasksLists
                0x2000033c      0x460 build/tasks.o
 .bss.uxCurrentNumberOfTasks
                0x2000079c        0x4 build/tasks.o
 .bss.uxDeletedTasksWaitingCleanUp
                0x200007a0        0x4 build/tasks.o
 .bss.uxSchedulerSuspended
                0x200007a4        0x4 build/tasks.o
 .bss.uxTaskNumber
                0x200007a8        0x4 build/tasks.o
 .bss.uxTopReadyPriority
                0x200007ac        0x4 build/tasks.o
 .bss.xDelayedTaskList1
                0x200007b0       0x14 build/tasks.o
 .bss.xDelayedTaskList2
                0x200007c4       0x14 build/tasks.o
 .bss.xIdleTaskHandle
                0x200007d8        0x4 build/tasks.o
 .bss.xNextTaskUnblockTime
                0x200007dc        0x4 build/tasks.o
 .bss.xNumOfOverflows
                0x200007e0        0x4 build/tasks.o
 .bss.xPendedTicks
                0x200007e4        0x4 build/tasks.o
 .bss.xPendingReadyList
                0x200007e8       0x14 build/tasks.o
 .bss.xSchedulerRunning
                0x200007fc        0x4 build/tasks.o
 .bss.xSuspendedTaskList
                0x20000800       0x14 build/tasks.o
 .bss.xTasksWaitingTermination
                0x20000814       0x14 build/tasks.o
 .bss.xTickCount
                0x20000828        0x4 build/tasks.o
 .bss.xYieldPending
                0x2000082c        0x4 build/tasks.o
 .bss.pxCurrentTimerList
                0x20000830        0x4 build/timers.o
 .bss.pxOverflowTimerList
                0x20000834        0x4 build/timers.o
 .bss.ucStaticTimerQueueStorage.1
                0x20000838       0xa0 build/timers.o
 .bss.xActiveTimerList1
                0x200008d8       0x14 build/timers.o
 .bss.xActiveTimerList2
                0x200008ec       0x14 build/timers.o
 .bss.xLastTime.2
                0x20000900        0x4 build/timers.o
 .bss.xStaticTimerQueue.0
                0x20000904       0x50 build/timers.o
 .bss.xTimerQueue
                0x20000954        0x4 build/timers.o
 .bss.xTimerTaskHandle
                0x20000958        0x4 build/timers.o
 .bss.Idle_Stack.2
                0x2000095c      0x200 build/cmsis_os2.o
 .bss.Idle_TCB.3
                0x20000b5c       0x5c build/cmsis_os2.o
 .bss.KernelState
                0x20000bb8        0x4 build/cmsis_os2.o
 .bss.Timer_Stack.0
                0x20000bbc      0x400 build/cmsis_os2.o
 .bss.Timer_TCB.1
                0x20000fbc       0x5c build/cmsis_os2.o
 .bss.pxEnd     0x20001018        0x4 build/heap_4.o
 .bss.ucHeap    0x2000101c     0x7530 build/heap_4.o
 .bss.xBlockAllocatedBit
                0x2000854c        0x4 build/heap_4.o
 .bss.xFreeBytesRemaining
                0x20008550        0x4 build/heap_4.o
 .bss.xMinimumEverFreeBytesRemaining
                0x20008554        0x4 build/heap_4.o
 .bss.xNumberOfSuccessfulAllocations
                0x20008558        0x4 build/heap_4.o
 .bss.xNumberOfSuccessfulFrees
                0x2000855c        0x4 build/heap_4.o
 .bss.xStart    0x20008560        0x8 build/heap_4.o
 .bss.ucMaxSysCallPriority
                0x20008568        0x1 build/port.o
 *fill*         0x20008569        0x3 
 .bss.ulMaxPRIGROUPValue
                0x2000856c        0x4 build/port.o
 .bss.aMemory.0
                0x20008570     0xc800 build/GUIConf.o
 .bss.osMutex   0x20014d70        0x4 build/GUI_X_OS.o
 .bss.osSemaphore
                0x20014d74        0x4 build/GUI_X_OS.o
 *(COMMON)
 COMMON         0x20014d78       0xc0 Drivers/STemWin/Lib/\libSTemWin_CM4_OS_wc16_ARGB.a(GUI_Alloc.o)
                0x20014d78                GUI_ALLOC__Context
 COMMON         0x20014e38       0x60 Drivers/STemWin/Lib/\libSTemWin_CM4_OS_wc16_ARGB.a(GUI_Core.o)
                0x20014e38                GUI__aNumBuffers
                0x20014e3a                GUI__NumLayersInUse
                0x20014e3c                GUI__LayerMask
                0x20014e40                GUI_DecChar
                0x20014e44                GUI_pLCD_APIList
                0x20014e48                GUI_AA__ClipX0
                0x20014e4c                GUI_DCACHE__pfClearCacheHook
                0x20014e50                GUI_OrgY
                0x20014e54                GUI_pfHookMTOUCH
                0x20014e58                GUI_pfDispCharLine
                0x20014e5c                GUI_pfTimerExec
                0x20014e60                GUI_OrgX
                0x20014e64                GUI_pfDispCharStyle
                0x20014e68                GUI__IsInitialized
                0x20014e6c                GUI__pfDrawM565BitmapFunc
                0x20014e70                GUI__PreserveTrans
                0x20014e74                GUI__pfDrawM565MemdevFunc
                0x20014e78                GUI_MTOUCH__pStoreEvent
                0x20014e7c                GUI_pfExecAnimations
                0x20014e80                GUI_pUC_API
                0x20014e84                GUI_pfUpdateSoftLayer
                0x20014e88                GUI__apDevice
                0x20014e90                GUI__BufferSize
                0x20014e94                WM_pfHandlePID
 COMMON         0x20014e98        0x4 Drivers/STemWin/Lib/\libSTemWin_CM4_OS_wc16_ARGB.a(LCD_Color.o)
                0x20014e98                LCD__aConvTable
 COMMON         0x20014e9c       0x5c Drivers/STemWin/Lib/\libSTemWin_CM4_OS_wc16_ARGB.a(WM.o)
                0x20014e9c                WM__NumWindows
                0x20014ea0                WM__hATransWindow
                0x20014ea4                WM__ahDesktopWin
                0x20014eac                WM_pfPollPID
                0x20014eb0                WM__pExecGestures
                0x20014eb4                WM__ahWinFocus
                0x20014ebc                WM__NumInvalidWindows
                0x20014ec0                WM__FirstWin
                0x20014ec4                WM__TouchedLayer
                0x20014ec8                WM__CaptureReleaseAuto
                0x20014ecc                WM__InvalidLayerMask
                0x20014ed0                WM__PaintCallbackCnt
                0x20014ed4                WM__CreateFlags
                0x20014ed8                WM__aBkColor
                0x20014ee0                WM__pFirstCriticalHandle
                0x20014ee4                WM_MULTIBUF__pAPI
                0x20014ee8                WM__ahCapture
                0x20014ef0                WM__hCreateStatic
                0x20014ef4                WM__TransWindowCnt
 COMMON         0x20014ef8       0x30 Drivers/STemWin/Lib/\libSTemWin_CM4_OS_wc16_ARGB.a(WM_Touch.o)
                0x20014ef8                WM__aCHWinMouseOver
                0x20014f08                WM__aCHWinLast
                0x20014f18                WM__aCHWinModal
                0x20014f28                . = ALIGN (0x4)
                0x20014f28                _ebss = .
                0x20014f28                __bss_end__ = _ebss

._user_heap_stack
                0x20014f28      0x600
                0x20014f28                . = ALIGN (0x8)
                [!provide]                PROVIDE (end = .)
                [!provide]                PROVIDE (_end = .)
                0x20015128                . = (. + _Min_Heap_Size)
 *fill*         0x20014f28      0x200 
                0x20015528                . = (. + _Min_Stack_Size)
 *fill*         0x20015128      0x400 
                0x20015528                . = ALIGN (0x8)

/DISCARD/
 libc.a(*)
 libm.a(*)
 libgcc.a(*)

.ARM.attributes
                0x00000000       0x30
 *(.ARM.attributes)
 .ARM.attributes
                0x00000000       0x1e f:/stm32/win-dev-tools/gcc-arm-none-eabi/bin/../lib/gcc/arm-none-eabi/10.3.1/thumb/v7e-m+fp/hard/crti.o
 .ARM.attributes
                0x0000001e       0x34 f:/stm32/win-dev-tools/gcc-arm-none-eabi/bin/../lib/gcc/arm-none-eabi/10.3.1/thumb/v7e-m+fp/hard/crtbegin.o
 .ARM.attributes
                0x00000052       0x34 build/main.o
 .ARM.attributes
                0x00000086       0x34 build/gpio.o
 .ARM.attributes
                0x000000ba       0x34 build/stm32f4xx_it.o
 .ARM.attributes
                0x000000ee       0x34 build/stm32f4xx_hal_msp.o
 .ARM.attributes
                0x00000122       0x34 build/stm32f4xx_ll_gpio.o
 .ARM.attributes
                0x00000156       0x34 build/stm32f4xx_hal_tim.o
 .ARM.attributes
                0x0000018a       0x34 build/stm32f4xx_hal_tim_ex.o
 .ARM.attributes
                0x000001be       0x34 build/stm32f4xx_hal_rcc.o
 .ARM.attributes
                0x000001f2       0x34 build/stm32f4xx_hal_gpio.o
 .ARM.attributes
                0x00000226       0x34 build/stm32f4xx_hal_cortex.o
 .ARM.attributes
                0x0000025a       0x34 build/stm32f4xx_hal.o
 .ARM.attributes
                0x0000028e       0x34 build/stm32f4xx_ll_rcc.o
 .ARM.attributes
                0x000002c2       0x34 build/system_stm32f4xx.o
 .ARM.attributes
                0x000002f6       0x34 build/freertos.o
 .ARM.attributes
                0x0000032a       0x34 build/crc.o
 .ARM.attributes
                0x0000035e       0x34 build/fsmc.o
 .ARM.attributes
                0x00000392       0x34 build/i2c.o
 .ARM.attributes
                0x000003c6       0x34 build/spi.o
 .ARM.attributes
                0x000003fa       0x34 build/usart.o
 .ARM.attributes
                0x0000042e       0x34 build/stm32f4xx_hal_timebase_tim.o
 .ARM.attributes
                0x00000462       0x34 build/stm32f4xx_hal_crc.o
 .ARM.attributes
                0x00000496       0x34 build/stm32f4xx_ll_fsmc.o
 .ARM.attributes
                0x000004ca       0x34 build/stm32f4xx_hal_sram.o
 .ARM.attributes
                0x000004fe       0x34 build/stm32f4xx_ll_i2c.o
 .ARM.attributes
                0x00000532       0x34 build/stm32f4xx_hal_spi.o
 .ARM.attributes
                0x00000566       0x34 build/stm32f4xx_ll_usart.o
 .ARM.attributes
                0x0000059a       0x34 build/list.o
 .ARM.attributes
                0x000005ce       0x34 build/queue.o
 .ARM.attributes
                0x00000602       0x34 build/tasks.o
 .ARM.attributes
                0x00000636       0x34 build/timers.o
 .ARM.attributes
                0x0000066a       0x34 build/cmsis_os2.o
 .ARM.attributes
                0x0000069e       0x34 build/heap_4.o
 .ARM.attributes
                0x000006d2       0x34 build/port.o
 .ARM.attributes
                0x00000706       0x34 build/lcd_drv.o
 .ARM.attributes
                0x0000073a       0x34 build/GUIConf.o
 .ARM.attributes
                0x0000076e       0x34 build/GUIDRV_Template.o
 .ARM.attributes
                0x000007a2       0x34 build/GUI_X_OS.o
 .ARM.attributes
                0x000007d6       0x34 build/LCDConf_FlexColor_Template.o
 .ARM.attributes
                0x0000080a       0x21 build/startup_stm32f407xx.o
 .ARM.attributes
                0x0000082b       0x39 Drivers/STemWin/Lib/\libSTemWin_CM4_OS_wc16_ARGB.a(GUICC_M565.o)
 .ARM.attributes
                0x00000864       0x39 Drivers/STemWin/Lib/\libSTemWin_CM4_OS_wc16_ARGB.a(GUI_Alloc.o)
 .ARM.attributes
                0x0000089d       0x39 Drivers/STemWin/Lib/\libSTemWin_CM4_OS_wc16_ARGB.a(GUI_Common.o)
 .ARM.attributes
                0x000008d6       0x39 Drivers/STemWin/Lib/\libSTemWin_CM4_OS_wc16_ARGB.a(GUI_Core.o)
 .ARM.attributes
                0x0000090f       0x39 Drivers/STemWin/Lib/\libSTemWin_CM4_OS_wc16_ARGB.a(GUI_Device.o)
 .ARM.attributes
                0x00000948       0x39 Drivers/STemWin/Lib/\libSTemWin_CM4_OS_wc16_ARGB.a(GUI_OnKey.o)
 .ARM.attributes
                0x00000981       0x39 Drivers/STemWin/Lib/\libSTemWin_CM4_OS_wc16_ARGB.a(GUI_Task.o)
 .ARM.attributes
                0x000009ba       0x39 Drivers/STemWin/Lib/\libSTemWin_CM4_OS_wc16_ARGB.a(GUI_UC_EncodeNone.o)
 .ARM.attributes
                0x000009f3       0x39 Drivers/STemWin/Lib/\libSTemWin_CM4_OS_wc16_ARGB.a(GUI_WaitEvent.o)
 .ARM.attributes
                0x00000a2c       0x39 Drivers/STemWin/Lib/\libSTemWin_CM4_OS_wc16_ARGB.a(GUI__DivTbl.o)
 .ARM.attributes
                0x00000a65       0x39 Drivers/STemWin/Lib/\libSTemWin_CM4_OS_wc16_ARGB.a(GUI__Private.o)
 .ARM.attributes
                0x00000a9e       0x39 Drivers/STemWin/Lib/\libSTemWin_CM4_OS_wc16_ARGB.a(LCD.o)
 .ARM.attributes
                0x00000ad7       0x39 Drivers/STemWin/Lib/\libSTemWin_CM4_OS_wc16_ARGB.a(LCD_Color.o)
 .ARM.attributes
                0x00000b10       0x39 Drivers/STemWin/Lib/\libSTemWin_CM4_OS_wc16_ARGB.a(LCD_GetEx.o)
 .ARM.attributes
                0x00000b49       0x39 Drivers/STemWin/Lib/\libSTemWin_CM4_OS_wc16_ARGB.a(LCD_GetNumDisplays.o)
 .ARM.attributes
                0x00000b82       0x39 Drivers/STemWin/Lib/\libSTemWin_CM4_OS_wc16_ARGB.a(LCD_SelectLCD.o)
 .ARM.attributes
                0x00000bbb       0x39 Drivers/STemWin/Lib/\libSTemWin_CM4_OS_wc16_ARGB.a(LCD_Set.o)
 .ARM.attributes
                0x00000bf4       0x39 Drivers/STemWin/Lib/\libSTemWin_CM4_OS_wc16_ARGB.a(LCD_UpdateColorIndices.o)
 .ARM.attributes
                0x00000c2d       0x39 Drivers/STemWin/Lib/\libSTemWin_CM4_OS_wc16_ARGB.a(F6x8.o)
 .ARM.attributes